[  5%] Building CXX object CMakeFiles/runtime.dir/src/runtime/copy.cpp.o
[  5%] Building CXX object CMakeFiles/runtime.dir/src/runtime/tensor.cpp.o
[  5%] Building CXX object CMakeFiles/runtime.dir/src/runtime/storage.cpp.o
[  5%] Built target refresh_provenance
[  7%] Building CXX object CMakeFiles/runtime.dir/src/runtime/operator.cpp.o
[  8%] Building CXX object CMakeFiles/runtime.dir/src/runtime/shape_inference.cpp.o
[ 10%] Building CXX object CMakeFiles/stage0_common.dir/src/common.cpp.o
[ 12%] Building CXX object CMakeFiles/runtime.dir/src/runtime/reference.cpp.o
[ 14%] Building CXX object CMakeFiles/runtime.dir/src/runtime/layout.cpp.o
[ 16%] Building CXX object CMakeFiles/runtime.dir/src/runtime/graph.cpp.o
[ 17%] Building CXX object CMakeFiles/runtime.dir/src/runtime/graph_executor.cpp.o
[ 19%] Linking CXX static library libstage0_common.a
[ 19%] Built target stage0_common
[ 21%] Building CXX object CMakeFiles/runtime.dir/src/runtime/graph_trace.cpp.o
[ 23%] Building CXX object CMakeFiles/runtime.dir/src/runtime/arena.cpp.o
[ 25%] Building CXX object CMakeFiles/runtime.dir/src/runtime/allocation_provider.cpp.o
[ 26%] Building CXX object CMakeFiles/runtime.dir/src/runtime/memory_planner.cpp.o
[ 28%] Building CXX object CMakeFiles/runtime.dir/src/runtime/planned_executor.cpp.o
[ 30%] Building CXX object CMakeFiles/runtime.dir/src/runtime/cpu_backend.cpp.o
[ 32%] Building CXX object CMakeFiles/test_common.dir/tests/test_common.cpp.o
[ 33%] Linking CXX static library libruntime.a
[ 33%] Built target runtime
[ 39%] Building CXX object CMakeFiles/test_cpu_backend.dir/tests/test_cpu_backend.cpp.o
[ 39%] Building CXX object CMakeFiles/bench_allocator.dir/bench/bench_allocator.cpp.o
[ 39%] Building CXX object CMakeFiles/bench_planner.dir/bench/bench_planner.cpp.o
[ 41%] Linking CXX executable test_common
[ 41%] Built target test_common
[ 42%] Building CXX object CMakeFiles/test_tensor.dir/tests/test_tensor.cpp.o
[ 44%] Linking CXX executable test_cpu_backend
[ 44%] Built target test_cpu_backend
[ 46%] Linking CXX executable bench_allocator
[ 48%] Building CXX object CMakeFiles/test_tensor_properties.dir/tests/test_tensor_properties.cpp.o
[ 48%] Built target bench_allocator
[ 50%] Linking CXX executable bench_planner
[ 51%] Building CXX object CMakeFiles/test_operator.dir/tests/test_operator.cpp.o
[ 51%] Built target bench_planner
[ 53%] Building CXX object CMakeFiles/test_shape_inference.dir/tests/test_shape_inference.cpp.o
[ 55%] Linking CXX executable test_tensor
[ 55%] Built target test_tensor
[ 57%] Building CXX object CMakeFiles/test_reference.dir/tests/test_reference.cpp.o
[ 58%] Linking CXX executable test_operator
[ 58%] Built target test_operator
[ 60%] Building CXX object CMakeFiles/test_transformer_contracts.dir/tests/test_transformer_contracts.cpp.o
[ 62%] Linking CXX executable test_tensor_properties
[ 62%] Built target test_tensor_properties
[ 64%] Linking CXX executable test_shape_inference
[ 66%] Building CXX object CMakeFiles/test_operator_fixtures.dir/tests/test_operator_fixtures.cpp.o
[ 66%] Built target test_shape_inference
[ 67%] Building CXX object CMakeFiles/test_graph.dir/tests/test_graph.cpp.o
[ 69%] Linking CXX executable test_reference
[ 69%] Built target test_reference
[ 71%] Building CXX object CMakeFiles/test_graph_executor.dir/tests/test_graph_executor.cpp.o
[ 73%] Linking CXX executable test_transformer_contracts
[ 73%] Built target test_transformer_contracts
[ 75%] Building CXX object CMakeFiles/test_graph_fixtures.dir/tests/test_graph_fixtures.cpp.o
[ 76%] Linking CXX executable test_operator_fixtures
[ 76%] Built target test_operator_fixtures
[ 78%] Building CXX object CMakeFiles/test_graph_trace.dir/tests/test_graph_trace.cpp.o
[ 80%] Linking CXX executable test_graph
[ 80%] Built target test_graph
[ 82%] Building CXX object CMakeFiles/test_arena.dir/tests/test_arena.cpp.o
[ 83%] Linking CXX executable test_graph_executor
[ 83%] Built target test_graph_executor
[ 85%] Linking CXX executable test_graph_fixtures
[ 87%] Building CXX object CMakeFiles/test_allocation_provider.dir/tests/test_allocation_provider.cpp.o
[ 89%] Linking CXX executable test_graph_trace
[ 89%] Built target test_graph_fixtures
[ 91%] Building CXX object CMakeFiles/test_memory_planner.dir/tests/test_memory_planner.cpp.o
[ 91%] Built target test_graph_trace
[ 92%] Linking CXX executable test_arena
[ 94%] Building CXX object CMakeFiles/test_planned_executor.dir/tests/test_planned_executor.cpp.o
[ 94%] Built target test_arena
[ 96%] Linking CXX executable test_allocation_provider
[ 98%] Linking CXX executable test_memory_planner
[ 98%] Built target test_allocation_provider
[ 98%] Built target test_memory_planner
[100%] Linking CXX executable test_planned_executor
[100%] Built target test_planned_executor
