[  7%] Building CXX object CMakeFiles/runtime.dir/src/runtime/tensor.cpp.o
[  7%] Building CXX object CMakeFiles/runtime.dir/src/runtime/storage.cpp.o
[  7%] Building CXX object CMakeFiles/runtime.dir/src/runtime/copy.cpp.o
[  7%] Built target refresh_provenance
[ 10%] Building CXX object CMakeFiles/runtime.dir/src/runtime/operator.cpp.o
[ 12%] Building CXX object CMakeFiles/runtime.dir/src/runtime/shape_inference.cpp.o
[ 15%] Building CXX object CMakeFiles/runtime.dir/src/runtime/reference.cpp.o
[ 17%] Building CXX object CMakeFiles/runtime.dir/src/runtime/layout.cpp.o
[ 20%] Building CXX object CMakeFiles/runtime.dir/src/runtime/graph.cpp.o
[ 22%] Building CXX object CMakeFiles/runtime.dir/src/runtime/graph_executor.cpp.o
[ 25%] Building CXX object CMakeFiles/runtime.dir/src/runtime/graph_trace.cpp.o
[ 27%] Building CXX object CMakeFiles/runtime.dir/src/runtime/arena.cpp.o
[ 30%] Building CXX object CMakeFiles/stage0_common.dir/src/common.cpp.o
[ 32%] Linking CXX static library libruntime.a
[ 32%] Built target runtime
[ 40%] Building CXX object CMakeFiles/test_tensor.dir/tests/test_tensor.cpp.o
[ 40%] Building CXX object CMakeFiles/test_tensor_properties.dir/tests/test_tensor_properties.cpp.o
[ 40%] Building CXX object CMakeFiles/test_operator.dir/tests/test_operator.cpp.o
[ 42%] Linking CXX static library libstage0_common.a
[ 42%] Built target stage0_common
[ 45%] Building CXX object CMakeFiles/test_shape_inference.dir/tests/test_shape_inference.cpp.o
[ 47%] Linking CXX executable test_operator
[ 47%] Built target test_operator
[ 50%] Building CXX object CMakeFiles/test_reference.dir/tests/test_reference.cpp.o
[ 52%] Linking CXX executable test_tensor_properties
[ 52%] Built target test_tensor_properties
[ 55%] Building CXX object CMakeFiles/test_transformer_contracts.dir/tests/test_transformer_contracts.cpp.o
[ 57%] Linking CXX executable test_tensor
[ 60%] Linking CXX executable test_shape_inference
[ 60%] Built target test_tensor
[ 60%] Built target test_shape_inference
[ 62%] Building CXX object CMakeFiles/test_operator_fixtures.dir/tests/test_operator_fixtures.cpp.o
[ 65%] Building CXX object CMakeFiles/test_graph.dir/tests/test_graph.cpp.o
[ 67%] Linking CXX executable test_reference
[ 67%] Built target test_reference
[ 70%] Building CXX object CMakeFiles/test_graph_executor.dir/tests/test_graph_executor.cpp.o
[ 72%] Linking CXX executable test_transformer_contracts
[ 72%] Built target test_transformer_contracts
[ 75%] Building CXX object CMakeFiles/test_graph_fixtures.dir/tests/test_graph_fixtures.cpp.o
[ 77%] Linking CXX executable test_operator_fixtures
[ 77%] Built target test_operator_fixtures
[ 80%] Building CXX object CMakeFiles/test_graph_trace.dir/tests/test_graph_trace.cpp.o
[ 82%] Linking CXX executable test_graph
[ 82%] Built target test_graph
[ 85%] Building CXX object CMakeFiles/test_arena.dir/tests/test_arena.cpp.o
[ 90%] Linking CXX executable test_graph_executor
[ 90%] Linking CXX executable test_arena
[ 90%] Built target test_arena
[ 90%] Built target test_graph_executor
[ 92%] Linking CXX executable test_graph_fixtures
[ 95%] Linking CXX executable test_graph_trace
[ 97%] Building CXX object CMakeFiles/test_common.dir/tests/test_common.cpp.o
[ 97%] Built target test_graph_fixtures
[ 97%] Built target test_graph_trace
[100%] Linking CXX executable test_common
[100%] Built target test_common
