[  3%] Building CXX object CMakeFiles/runtime.dir/src/runtime/storage.cpp.o
[  3%] Built target refresh_provenance
[  6%] Building CXX object CMakeFiles/runtime.dir/src/runtime/tensor.cpp.o
[ 10%] Building CXX object CMakeFiles/runtime.dir/src/runtime/copy.cpp.o
[ 13%] Building CXX object CMakeFiles/runtime.dir/src/runtime/operator.cpp.o
[ 16%] Building CXX object CMakeFiles/runtime.dir/src/runtime/shape_inference.cpp.o
[ 20%] Building CXX object CMakeFiles/runtime.dir/src/runtime/reference.cpp.o
[ 23%] Building CXX object CMakeFiles/runtime.dir/src/runtime/layout.cpp.o
[ 26%] Building CXX object CMakeFiles/runtime.dir/src/runtime/graph.cpp.o
[ 30%] Building CXX object CMakeFiles/runtime.dir/src/runtime/graph_executor.cpp.o
[ 33%] Building CXX object CMakeFiles/stage0_common.dir/src/common.cpp.o
[ 36%] Building CXX object CMakeFiles/runtime.dir/src/runtime/graph_trace.cpp.o
[ 40%] Building CXX object CMakeFiles/runtime.dir/src/runtime/arena.cpp.o
[ 43%] Linking CXX static library libstage0_common.a
[ 43%] Built target stage0_common
[ 46%] Building CXX object CMakeFiles/runtime.dir/src/runtime/allocation_provider.cpp.o
[ 50%] Building CXX object CMakeFiles/runtime.dir/src/runtime/memory_planner.cpp.o
[ 53%] Building CXX object CMakeFiles/runtime.dir/src/runtime/planned_executor.cpp.o
[ 56%] Building CXX object CMakeFiles/runtime.dir/src/runtime/cpu_backend.cpp.o
[ 60%] Building CXX object CMakeFiles/runtime.dir/src/runtime/cpu_scalar.cpp.o
[ 63%] Building CXX object CMakeFiles/runtime.dir/src/runtime/cpu_optimized.cpp.o
[ 66%] Building CXX object CMakeFiles/runtime.dir/src/runtime/thread_pool.cpp.o
[ 70%] Building CXX object CMakeFiles/runtime.dir/src/runtime/scheduler.cpp.o
[ 73%] Linking CXX static library libruntime.a
[ 73%] Built target runtime
[ 80%] Building CXX object CMakeFiles/bench_allocator.dir/bench/bench_allocator.cpp.o
[ 80%] Building CXX object CMakeFiles/bench_planner.dir/bench/bench_planner.cpp.o
[ 83%] Linking CXX executable bench_allocator
[ 83%] Built target bench_allocator
[ 86%] Building CXX object CMakeFiles/bench_cpu.dir/bench/bench_cpu.cpp.o
[ 90%] Linking CXX executable bench_planner
[ 90%] Built target bench_planner
[ 93%] Building CXX object CMakeFiles/bench_scheduler.dir/bench/bench_scheduler.cpp.o
[ 96%] Linking CXX executable bench_scheduler
[100%] Linking CXX executable bench_cpu
[100%] Built target bench_scheduler
[100%] Built target bench_cpu
