UpdateCTestConfiguration  from :/Users/wafoe/projects/me/CXXEg/build-stage1-release/DartConfiguration.tcl
Parse Config file:/Users/wafoe/projects/me/CXXEg/build-stage1-release/DartConfiguration.tcl
Test project /Users/wafoe/projects/me/CXXEg/build-stage1-release
Constructing a list of tests
Done constructing a list of tests
Updating test list for fixtures
Added 0 tests to meet fixture requirements
Checking test dependency graph...
Checking test dependency graph end
test 1
    Start 1: tensor

1: Test command: /Users/wafoe/projects/me/CXXEg/build-stage1-release/test_tensor
1: Working Directory: /Users/wafoe/projects/me/CXXEg/build-stage1-release
1: Test timeout computed to be: 1500
1: Allocation checks: views/transpose=0 buffers; nonempty materialize=1; copy=24 logical bytes, 0 buffers
1: Tensor metadata/storage/construction/views/copy: PASS
1/3 Test #1: tensor ...........................   Passed    0.57 sec
test 2
    Start 2: common

2: Test command: /Users/wafoe/projects/me/CXXEg/build-stage1-release/test_common
2: Working Directory: /Users/wafoe/projects/me/CXXEg/build-stage1-release
2: Test timeout computed to be: 1500
2: CPU reference, validation, statistics, GFLOPS, CSV: PASS
2/3 Test #2: common ...........................   Passed    0.00 sec
test 3
    Start 3: tools

3: Test command: /Users/wafoe/miniforge3/bin/python3.14 "/Users/wafoe/projects/me/CXXEg/tests/test_tools.py"
3: Working Directory: /Users/wafoe/projects/me/CXXEg/build-stage1-release
3: Test timeout computed to be: 1500
3: test_bad_numeric_input (__main__.AnalysisTests.test_bad_numeric_input) ... ok
3: test_changed_comparison_conditions (__main__.AnalysisTests.test_changed_comparison_conditions) ... ok
3: test_cli_missing_csv_preserves_existing_report (__main__.AnalysisTests.test_cli_missing_csv_preserves_existing_report) ... ok
3: test_duplicate_or_single_kernel (__main__.AnalysisTests.test_duplicate_or_single_kernel) ... ok
3: test_failure_not_success (__main__.AnalysisTests.test_failure_not_success) ... ok
3: test_invalid_build_and_commit (__main__.AnalysisTests.test_invalid_build_and_commit) ... ok
3: test_missing_raw_samples (__main__.AnalysisTests.test_missing_raw_samples) ... ok
3: test_no_data_no_report (__main__.AnalysisTests.test_no_data_no_report) ... ok
3: test_no_report_without_completed_run (__main__.AnalysisTests.test_no_report_without_completed_run) ... ok
3: test_path_traversal (__main__.AnalysisTests.test_path_traversal) ... ok
3: test_ratio_wrong_units (__main__.AnalysisTests.test_ratio_wrong_units) ... ok
3: test_report_from_raw (__main__.AnalysisTests.test_report_from_raw) ... ok
3: test_timing_raw_tamper (__main__.AnalysisTests.test_timing_raw_tamper) ... ok
3: test_wrong_gflops (__main__.AnalysisTests.test_wrong_gflops) ... ok
3: test_clean_and_dirty_source (__main__.ProvenanceTests.test_clean_and_dirty_source) ... ok
3: test_header_stable (__main__.ProvenanceTests.test_header_stable) ... ok
3: test_results_and_report_excluded (__main__.ProvenanceTests.test_results_and_report_excluded) ... ok
3: test_untracked_source_included (__main__.ProvenanceTests.test_untracked_source_included) ... ok
3: test_failed_environment_capture_preserved (__main__.ScriptFailureTests.test_failed_environment_capture_preserved) ... ok
3: test_stale_binary_refused_before_benchmark (__main__.ScriptFailureTests.test_stale_binary_refused_before_benchmark) ... ok
3: 
3: ----------------------------------------------------------------------
3: Ran 20 tests in 2.395s
3: 
3: OK
3/3 Test #3: tools ............................   Passed    2.45 sec

100% tests passed out of 3

Label Time Summary:
cpu       =   0.57 sec*proc (1 test)
tensor    =   0.57 sec*proc (1 test)

Total Test time (real) =   3.02 sec
