[ 41%] Built target runtime
[ 52%] Built target test_operator_fixtures
[ 64%] Built target test_operator
[ 76%] Built target test_shape_inference
[ 88%] Built target test_reference
[100%] Built target test_transformer_contracts
UpdateCTestConfiguration  from :/Users/wafoe/projects/me/CXXEg/build-stage2-validation/20261005T120551835901Z-3271/sanitizer/DartConfiguration.tcl
Parse Config file:/Users/wafoe/projects/me/CXXEg/build-stage2-validation/20261005T120551835901Z-3271/sanitizer/DartConfiguration.tcl
Test project /Users/wafoe/projects/me/CXXEg/build-stage2-validation/20261005T120551835901Z-3271/sanitizer
Constructing a list of tests
Done constructing a list of tests
Updating test list for fixtures
Added 0 tests to meet fixture requirements
Checking test dependency graph...
Checking test dependency graph end
test 4
    Start 4: operator

4: Test command: /Users/wafoe/projects/me/CXXEg/build-stage2-validation/20261005T120551835901Z-3271/sanitizer/test_operator
4: Working Directory: /Users/wafoe/projects/me/CXXEg/build-stage2-validation/20261005T120551835901Z-3271/sanitizer
4: Test timeout computed to be: 1500
4: Operator schema/arity/typed attributes/ID/status/serialization: PASS
1/6 Test #4: operator .........................   Passed    0.46 sec
test 5
    Start 5: shape_inference

5: Test command: /Users/wafoe/projects/me/CXXEg/build-stage2-validation/20261005T120551835901Z-3271/sanitizer/test_shape_inference
5: Working Directory: /Users/wafoe/projects/me/CXXEg/build-stage2-validation/20261005T120551835901Z-3271/sanitizer
5: Test timeout computed to be: 1500
5: Pure core shape/dtype/contiguity/overflow/alias/COPY inference: PASS
2/6 Test #5: shape_inference ..................   Passed    0.42 sec
test 6
    Start 6: operator_reference

6: Test command: /Users/wafoe/projects/me/CXXEg/build-stage2-validation/20261005T120551835901Z-3271/sanitizer/test_reference
6: Working Directory: /Users/wafoe/projects/me/CXXEg/build-stage2-validation/20261005T120551835901Z-3271/sanitizer
6: Test timeout computed to be: 1500
6: Reference random MATMUL: PASS seed=20995 trials=100 (zero/rectangular), no performance claim
6: CPU reference ADD/MUL/MATMUL/COPY/MATERIALIZE: PASS
3/6 Test #6: operator_reference ...............   Passed    0.42 sec
test 7
    Start 7: transformer_contracts

7: Test command: /Users/wafoe/projects/me/CXXEg/build-stage2-validation/20261005T120551835901Z-3271/sanitizer/test_transformer_contracts
7: Working Directory: /Users/wafoe/projects/me/CXXEg/build-stage2-validation/20261005T120551835901Z-3271/sanitizer
7: Test timeout computed to be: 1500
7: Transformer schema/inference/positions/head-lowering/cache-write contract: PASS (no transformer kernels)
4/6 Test #7: transformer_contracts ............   Passed    0.51 sec
test 8
    Start 8: operator_fixtures

8: Test command: /Users/wafoe/miniforge3/bin/python3.14 "/Users/wafoe/projects/me/CXXEg/tests/run_operator_fixtures.py" "--binary" "/Users/wafoe/projects/me/CXXEg/build-stage2-validation/20261005T120551835901Z-3271/sanitizer/test_operator_fixtures" "--root" "/Users/wafoe/projects/me/CXXEg/tests/fixtures/operators-v1"
8: Working Directory: /Users/wafoe/projects/me/CXXEg/build-stage2-validation/20261005T120551835901Z-3271/sanitizer
8: Test timeout computed to be: 1500
8: Fixture checksum/provenance: PASS; tiny weights=21 tensors, 461056 bytes (not model execution)
8: fixture add_hand core=PASS max_abs=0 atol=1e-06 rtol=1e-05
8: descriptor {"version":1,"op":"ADD","inputs":[0,1],"outputs":[2],"attributes":{},"backend_hint":null}
8: fixture mul_scalar core=PASS max_abs=0 atol=1e-06 rtol=1e-05
8: descriptor {"version":1,"op":"MUL","inputs":[0,1],"outputs":[2],"attributes":{},"backend_hint":null}
8: fixture matmul_rectangular core=PASS max_abs=0 atol=1e-06 rtol=1e-05
8: descriptor {"version":1,"op":"MATMUL","inputs":[0,1],"outputs":[2],"attributes":{},"backend_hint":null}
8: fixture matmul_zero_inner core=PASS max_abs=0 atol=1e-06 rtol=1e-05
8: descriptor {"version":1,"op":"MATMUL","inputs":[0,1],"outputs":[2],"attributes":{},"backend_hint":null}
8: fixture copy_ids_transpose core=PASS max_abs=0 atol=1e-06 rtol=1e-05
8: descriptor {"version":1,"op":"COPY","inputs":[0,1],"outputs":[2],"attributes":{"overlap":"reject_except_exact_self"},"backend_hint":null}
8: fixture copy_fp32 core=PASS max_abs=0 atol=1e-06 rtol=1e-05
8: descriptor {"version":1,"op":"COPY","inputs":[0,1],"outputs":[2],"attributes":{"overlap":"reject_except_exact_self"},"backend_hint":null}
8: fixture materialize_transpose core=PASS max_abs=0 atol=1e-06 rtol=1e-05
8: descriptor {"version":1,"op":"MATERIALIZE","inputs":[0],"outputs":[1],"attributes":{},"backend_hint":null}
8: fixture add_empty core=PASS max_abs=0 atol=1e-06 rtol=1e-05
8: descriptor {"version":1,"op":"ADD","inputs":[0,1],"outputs":[2],"attributes":{},"backend_hint":null}
8: fixture rmsnorm_hand_zero_row metadata=PASS numeric=pending-S12
8: descriptor {"version":1,"op":"RMSNORM","inputs":[0,1],"outputs":[2],"attributes":{"epsilon":1.0000000000000001e-05},"backend_hint":null}
8: fixture softmax_stable metadata=PASS numeric=pending-S12
8: descriptor {"version":1,"op":"SOFTMAX","inputs":[0],"outputs":[1],"attributes":{"causal":false,"query_position":0,"key_position":0,"max_positions":1088},"backend_hint":null}
8: fixture softmax_decode_offset metadata=PASS numeric=pending-S12
8: descriptor {"version":1,"op":"SOFTMAX","inputs":[0],"outputs":[1],"attributes":{"causal":true,"query_position":2,"key_position":0,"max_positions":1088},"backend_hint":null}
8: fixture softmax_all_masked metadata=PASS numeric=pending-S12
8: descriptor {"version":1,"op":"SOFTMAX","inputs":[0],"outputs":[1],"attributes":{"causal":true,"query_position":0,"key_position":2,"max_positions":1088},"backend_hint":null}
8: fixture rope_interleaved_hand metadata=PASS numeric=pending-S12
8: descriptor {"version":1,"op":"ROPE","inputs":[0],"outputs":[1],"attributes":{"position":1,"base":10000,"max_positions":1088},"backend_hint":null}
8: fixture rope_tiny_heads metadata=PASS numeric=pending-S12
8: descriptor {"version":1,"op":"ROPE","inputs":[0],"outputs":[1],"attributes":{"position":17,"base":10000,"max_positions":1088},"backend_hint":null}
8: fixture embedding_hand metadata=PASS numeric=pending-S12
8: descriptor {"version":1,"op":"EMBEDDING","inputs":[0,1],"outputs":[2],"attributes":{},"backend_hint":null}
8: fixture swiglu_hand metadata=PASS numeric=pending-S12
8: descriptor {"version":1,"op":"SWIGLU","inputs":[0,1],"outputs":[2],"attributes":{},"backend_hint":null}
8: fixture attention_decode_tiny_geometry metadata=PASS numeric=pending-S12
8: descriptor {"version":1,"op":"ATTENTION","inputs":[0,1,2],"outputs":[3],"attributes":{"heads":4,"head_dim":16,"causal":true,"query_position":2,"key_position":0,"max_positions":1088},"backend_hint":null}
8: Operator fixtures: PASS numeric_core=8 transformer_metadata=9 malformed_reader=10
5/6 Test #8: operator_fixtures ................   Passed    0.48 sec
test 9
    Start 9: operator_fixture_tools

9: Test command: /Users/wafoe/miniforge3/bin/python3.14 "/Users/wafoe/projects/me/CXXEg/tests/test_operator_fixture_tools.py"
9: Working Directory: /Users/wafoe/projects/me/CXXEg/build-stage2-validation/20261005T120551835901Z-3271/sanitizer
9: Test timeout computed to be: 1500
9: .........
9: ----------------------------------------------------------------------
9: Ran 9 tests in 0.043s
9: 
9: OK
6/6 Test #9: operator_fixture_tools ...........   Passed    0.09 sec

100% tests passed out of 6

Label Time Summary:
cpu          =   2.38 sec*proc (6 tests)
operators    =   2.38 sec*proc (6 tests)

Total Test time (real) =   2.38 sec
[100%] Built target check_operators
[100%] Built target check_operator_sanitizers
