[  1%] Building CXX object CMakeFiles/runtime.dir/src/runtime/storage.cpp.o
[  3%] Building CXX object CMakeFiles/runtime.dir/src/runtime/tensor.cpp.o
[  5%] Building CXX object CMakeFiles/runtime.dir/src/runtime/copy.cpp.o
[  5%] Built target refresh_provenance
[  7%] Building CXX object CMakeFiles/runtime.dir/src/runtime/operator.cpp.o
[  9%] Building CXX object CMakeFiles/runtime.dir/src/runtime/shape_inference.cpp.o
[ 11%] Building CXX object CMakeFiles/runtime.dir/src/runtime/reference.cpp.o
[ 13%] Building CXX object CMakeFiles/runtime.dir/src/runtime/layout.cpp.o
[ 15%] Building CXX object CMakeFiles/stage0_common.dir/src/common.cpp.o
[ 17%] Building CXX object CMakeFiles/runtime.dir/src/runtime/graph.cpp.o
[ 19%] Building CXX object CMakeFiles/runtime.dir/src/runtime/graph_executor.cpp.o
[ 21%] Building CXX object CMakeFiles/runtime.dir/src/runtime/graph_trace.cpp.o
[ 23%] Building CXX object CMakeFiles/runtime.dir/src/runtime/arena.cpp.o
[ 25%] Linking CXX static library libstage0_common.a
[ 25%] Built target stage0_common
[ 26%] Building CXX object CMakeFiles/runtime.dir/src/runtime/allocation_provider.cpp.o
[ 28%] Building CXX object CMakeFiles/runtime.dir/src/runtime/memory_planner.cpp.o
[ 30%] Building CXX object CMakeFiles/runtime.dir/src/runtime/planned_executor.cpp.o
[ 32%] Building CXX object CMakeFiles/runtime.dir/src/runtime/cpu_backend.cpp.o
[ 34%] Building CXX object CMakeFiles/runtime.dir/src/runtime/cpu_scalar.cpp.o
[ 36%] Building CXX object CMakeFiles/runtime.dir/src/runtime/cpu_optimized.cpp.o
[ 38%] Building CXX object CMakeFiles/runtime.dir/src/runtime/thread_pool.cpp.o
[ 40%] Building CXX object CMakeFiles/runtime.dir/src/runtime/scheduler.cpp.o
[ 42%] Building CXX object CMakeFiles/runtime.dir/src/runtime/transformer_ops.cpp.o
[ 44%] Building CXX object CMakeFiles/runtime.dir/src/runtime/attention.cpp.o
[ 46%] Linking CXX static library libruntime.a
[ 46%] Built target runtime
[ 48%] Building CXX object CMakeFiles/model.dir/src/model/config.cpp.o
[ 51%] Building CXX object CMakeFiles/bench_planner.dir/bench/bench_planner.cpp.o
[ 51%] Building CXX object CMakeFiles/bench_allocator.dir/bench/bench_allocator.cpp.o
[ 53%] Building CXX object CMakeFiles/bench_cpu.dir/bench/bench_cpu.cpp.o
[ 55%] Building CXX object CMakeFiles/model.dir/src/model/model_file.cpp.o
[ 57%] Linking CXX executable bench_planner
[ 59%] Linking CXX executable bench_cpu
[ 59%] Built target bench_planner
[ 61%] Building CXX object CMakeFiles/bench_scheduler.dir/bench/bench_scheduler.cpp.o
[ 63%] Linking CXX executable bench_allocator
[ 63%] Built target bench_allocator
[ 65%] Building CXX object CMakeFiles/model.dir/src/model/quantization.cpp.o
[ 65%] Built target bench_cpu
[ 67%] Building CXX object CMakeFiles/model.dir/src/model/tokenizer.cpp.o
[ 69%] Building CXX object CMakeFiles/model.dir/src/model/kv_cache.cpp.o
[ 71%] Building CXX object CMakeFiles/model.dir/src/model/decoder.cpp.o
[ 73%] Building CXX object CMakeFiles/model.dir/src/model/generation.cpp.o
[ 75%] Linking CXX executable bench_scheduler
[ 75%] Built target bench_scheduler
[ 76%] Linking CXX static library libmodel.a
[ 76%] Built target model
[ 78%] Building CXX object CMakeFiles/bench_kv_cache.dir/bench/bench_kv_cache.cpp.o
[ 80%] Building CXX object CMakeFiles/bench_decoder.dir/bench/bench_decoder.cpp.o
[ 82%] Building CXX object CMakeFiles/bench_inference.dir/bench/bench_inference.cpp.o
[ 84%] Building CXX object CMakeFiles/bench_quantization.dir/bench/bench_quantization.cpp.o
[ 86%] Linking CXX executable bench_quantization
[ 86%] Built target bench_quantization
[ 88%] Building CXX object CMakeFiles/convert_tiny_model.dir/tools/convert_tiny_model.cpp.o
[ 90%] Linking CXX executable bench_inference
[ 90%] Built target bench_inference
[ 92%] Building CXX object CMakeFiles/llm_cli.dir/app/llm_cli.cpp.o
[ 94%] Linking CXX executable bench_decoder
[ 94%] Built target bench_decoder
[ 96%] Linking CXX executable bench_kv_cache
[ 96%] Built target bench_kv_cache
[ 98%] Linking CXX executable convert_tiny_model
[ 98%] Built target convert_tiny_model
[100%] Linking CXX executable llm_cli
[100%] Built target llm_cli
