Change Dir: '/Users/wafoe/projects/me/CXXEg/build-stage4-clean-source/build-stage4-validation/20261005T141011117404Z-37164/production'

Run Build Command(s): /opt/homebrew/bin/cmake -E env VERBOSE=1 /usr/bin/make -f Makefile -j4
/opt/homebrew/bin/cmake -S/Users/wafoe/projects/me/CXXEg/build-stage4-clean-source -B/Users/wafoe/projects/me/CXXEg/build-stage4-clean-source/build-stage4-validation/20261005T141011117404Z-37164/production --check-build-system CMakeFiles/Makefile.cmake 0
/opt/homebrew/bin/cmake -E cmake_progress_start /Users/wafoe/projects/me/CXXEg/build-stage4-clean-source/build-stage4-validation/20261005T141011117404Z-37164/production/CMakeFiles /Users/wafoe/projects/me/CXXEg/build-stage4-clean-source/build-stage4-validation/20261005T141011117404Z-37164/production//CMakeFiles/progress.marks
/Library/Developer/CommandLineTools/usr/bin/make  -f CMakeFiles/Makefile2 all
/Library/Developer/CommandLineTools/usr/bin/make  -f CMakeFiles/refresh_provenance.dir/build.make CMakeFiles/refresh_provenance.dir/depend
/Library/Developer/CommandLineTools/usr/bin/make  -f CMakeFiles/runtime.dir/build.make CMakeFiles/runtime.dir/depend
cd /Users/wafoe/projects/me/CXXEg/build-stage4-clean-source/build-stage4-validation/20261005T141011117404Z-37164/production && /opt/homebrew/bin/cmake -E cmake_depends "Unix Makefiles" /Users/wafoe/projects/me/CXXEg/build-stage4-clean-source /Users/wafoe/projects/me/CXXEg/build-stage4-clean-source /Users/wafoe/projects/me/CXXEg/build-stage4-clean-source/build-stage4-validation/20261005T141011117404Z-37164/production /Users/wafoe/projects/me/CXXEg/build-stage4-clean-source/build-stage4-validation/20261005T141011117404Z-37164/production /Users/wafoe/projects/me/CXXEg/build-stage4-clean-source/build-stage4-validation/20261005T141011117404Z-37164/production/CMakeFiles/refresh_provenance.dir/DependInfo.cmake "--color=" refresh_provenance
cd /Users/wafoe/projects/me/CXXEg/build-stage4-clean-source/build-stage4-validation/20261005T141011117404Z-37164/production && /opt/homebrew/bin/cmake -E cmake_depends "Unix Makefiles" /Users/wafoe/projects/me/CXXEg/build-stage4-clean-source /Users/wafoe/projects/me/CXXEg/build-stage4-clean-source /Users/wafoe/projects/me/CXXEg/build-stage4-clean-source/build-stage4-validation/20261005T141011117404Z-37164/production /Users/wafoe/projects/me/CXXEg/build-stage4-clean-source/build-stage4-validation/20261005T141011117404Z-37164/production /Users/wafoe/projects/me/CXXEg/build-stage4-clean-source/build-stage4-validation/20261005T141011117404Z-37164/production/CMakeFiles/runtime.dir/DependInfo.cmake "--color=" runtime
/Library/Developer/CommandLineTools/usr/bin/make  -f CMakeFiles/refresh_provenance.dir/build.make CMakeFiles/refresh_provenance.dir/build
/Library/Developer/CommandLineTools/usr/bin/make  -f CMakeFiles/runtime.dir/build.make CMakeFiles/runtime.dir/build
/Users/wafoe/miniforge3/bin/python3.14 /Users/wafoe/projects/me/CXXEg/build-stage4-clean-source/tools/provenance.py --root /Users/wafoe/projects/me/CXXEg/build-stage4-clean-source --header /Users/wafoe/projects/me/CXXEg/build-stage4-clean-source/build-stage4-validation/20261005T141011117404Z-37164/production/generated/stage0/provenance.hpp
[ 17%] Building CXX object CMakeFiles/runtime.dir/src/runtime/copy.cpp.o
[ 17%] Building CXX object CMakeFiles/runtime.dir/src/runtime/storage.cpp.o
[ 17%] Building CXX object CMakeFiles/runtime.dir/src/runtime/tensor.cpp.o
/usr/bin/c++  -I/Users/wafoe/projects/me/CXXEg/build-stage4-clean-source/include -O3 -DNDEBUG -std=c++17 -arch arm64 -Wall -Wextra -Wpedantic -MD -MT CMakeFiles/runtime.dir/src/runtime/copy.cpp.o -MF CMakeFiles/runtime.dir/src/runtime/copy.cpp.o.d -o CMakeFiles/runtime.dir/src/runtime/copy.cpp.o -c /Users/wafoe/projects/me/CXXEg/build-stage4-clean-source/src/runtime/copy.cpp
/usr/bin/c++  -I/Users/wafoe/projects/me/CXXEg/build-stage4-clean-source/include -O3 -DNDEBUG -std=c++17 -arch arm64 -Wall -Wextra -Wpedantic -MD -MT CMakeFiles/runtime.dir/src/runtime/tensor.cpp.o -MF CMakeFiles/runtime.dir/src/runtime/tensor.cpp.o.d -o CMakeFiles/runtime.dir/src/runtime/tensor.cpp.o -c /Users/wafoe/projects/me/CXXEg/build-stage4-clean-source/src/runtime/tensor.cpp
/usr/bin/c++  -I/Users/wafoe/projects/me/CXXEg/build-stage4-clean-source/include -O3 -DNDEBUG -std=c++17 -arch arm64 -Wall -Wextra -Wpedantic -MD -MT CMakeFiles/runtime.dir/src/runtime/storage.cpp.o -MF CMakeFiles/runtime.dir/src/runtime/storage.cpp.o.d -o CMakeFiles/runtime.dir/src/runtime/storage.cpp.o -c /Users/wafoe/projects/me/CXXEg/build-stage4-clean-source/src/runtime/storage.cpp
[ 17%] Built target refresh_provenance
[ 23%] Building CXX object CMakeFiles/runtime.dir/src/runtime/operator.cpp.o
/usr/bin/c++  -I/Users/wafoe/projects/me/CXXEg/build-stage4-clean-source/include -O3 -DNDEBUG -std=c++17 -arch arm64 -Wall -Wextra -Wpedantic -MD -MT CMakeFiles/runtime.dir/src/runtime/operator.cpp.o -MF CMakeFiles/runtime.dir/src/runtime/operator.cpp.o.d -o CMakeFiles/runtime.dir/src/runtime/operator.cpp.o -c /Users/wafoe/projects/me/CXXEg/build-stage4-clean-source/src/runtime/operator.cpp
[ 29%] Building CXX object CMakeFiles/runtime.dir/src/runtime/shape_inference.cpp.o
/usr/bin/c++  -I/Users/wafoe/projects/me/CXXEg/build-stage4-clean-source/include -O3 -DNDEBUG -std=c++17 -arch arm64 -Wall -Wextra -Wpedantic -MD -MT CMakeFiles/runtime.dir/src/runtime/shape_inference.cpp.o -MF CMakeFiles/runtime.dir/src/runtime/shape_inference.cpp.o.d -o CMakeFiles/runtime.dir/src/runtime/shape_inference.cpp.o -c /Users/wafoe/projects/me/CXXEg/build-stage4-clean-source/src/runtime/shape_inference.cpp
[ 35%] Building CXX object CMakeFiles/runtime.dir/src/runtime/reference.cpp.o
/usr/bin/c++  -I/Users/wafoe/projects/me/CXXEg/build-stage4-clean-source/include -O3 -DNDEBUG -std=c++17 -arch arm64 -Wall -Wextra -Wpedantic -MD -MT CMakeFiles/runtime.dir/src/runtime/reference.cpp.o -MF CMakeFiles/runtime.dir/src/runtime/reference.cpp.o.d -o CMakeFiles/runtime.dir/src/runtime/reference.cpp.o -c /Users/wafoe/projects/me/CXXEg/build-stage4-clean-source/src/runtime/reference.cpp
[ 41%] Building CXX object CMakeFiles/runtime.dir/src/runtime/layout.cpp.o
/usr/bin/c++  -I/Users/wafoe/projects/me/CXXEg/build-stage4-clean-source/include -O3 -DNDEBUG -std=c++17 -arch arm64 -Wall -Wextra -Wpedantic -MD -MT CMakeFiles/runtime.dir/src/runtime/layout.cpp.o -MF CMakeFiles/runtime.dir/src/runtime/layout.cpp.o.d -o CMakeFiles/runtime.dir/src/runtime/layout.cpp.o -c /Users/wafoe/projects/me/CXXEg/build-stage4-clean-source/src/runtime/layout.cpp
[ 47%] Building CXX object CMakeFiles/runtime.dir/src/runtime/graph.cpp.o
/usr/bin/c++  -I/Users/wafoe/projects/me/CXXEg/build-stage4-clean-source/include -O3 -DNDEBUG -std=c++17 -arch arm64 -Wall -Wextra -Wpedantic -MD -MT CMakeFiles/runtime.dir/src/runtime/graph.cpp.o -MF CMakeFiles/runtime.dir/src/runtime/graph.cpp.o.d -o CMakeFiles/runtime.dir/src/runtime/graph.cpp.o -c /Users/wafoe/projects/me/CXXEg/build-stage4-clean-source/src/runtime/graph.cpp
[ 52%] Building CXX object CMakeFiles/runtime.dir/src/runtime/graph_executor.cpp.o
/usr/bin/c++  -I/Users/wafoe/projects/me/CXXEg/build-stage4-clean-source/include -O3 -DNDEBUG -std=c++17 -arch arm64 -Wall -Wextra -Wpedantic -MD -MT CMakeFiles/runtime.dir/src/runtime/graph_executor.cpp.o -MF CMakeFiles/runtime.dir/src/runtime/graph_executor.cpp.o.d -o CMakeFiles/runtime.dir/src/runtime/graph_executor.cpp.o -c /Users/wafoe/projects/me/CXXEg/build-stage4-clean-source/src/runtime/graph_executor.cpp
[ 58%] Building CXX object CMakeFiles/runtime.dir/src/runtime/graph_trace.cpp.o
/usr/bin/c++  -I/Users/wafoe/projects/me/CXXEg/build-stage4-clean-source/include -O3 -DNDEBUG -std=c++17 -arch arm64 -Wall -Wextra -Wpedantic -MD -MT CMakeFiles/runtime.dir/src/runtime/graph_trace.cpp.o -MF CMakeFiles/runtime.dir/src/runtime/graph_trace.cpp.o.d -o CMakeFiles/runtime.dir/src/runtime/graph_trace.cpp.o -c /Users/wafoe/projects/me/CXXEg/build-stage4-clean-source/src/runtime/graph_trace.cpp
[ 64%] Building CXX object CMakeFiles/runtime.dir/src/runtime/arena.cpp.o
/usr/bin/c++  -I/Users/wafoe/projects/me/CXXEg/build-stage4-clean-source/include -O3 -DNDEBUG -std=c++17 -arch arm64 -Wall -Wextra -Wpedantic -MD -MT CMakeFiles/runtime.dir/src/runtime/arena.cpp.o -MF CMakeFiles/runtime.dir/src/runtime/arena.cpp.o.d -o CMakeFiles/runtime.dir/src/runtime/arena.cpp.o -c /Users/wafoe/projects/me/CXXEg/build-stage4-clean-source/src/runtime/arena.cpp
[ 70%] Building CXX object CMakeFiles/runtime.dir/src/runtime/allocation_provider.cpp.o
/usr/bin/c++  -I/Users/wafoe/projects/me/CXXEg/build-stage4-clean-source/include -O3 -DNDEBUG -std=c++17 -arch arm64 -Wall -Wextra -Wpedantic -MD -MT CMakeFiles/runtime.dir/src/runtime/allocation_provider.cpp.o -MF CMakeFiles/runtime.dir/src/runtime/allocation_provider.cpp.o.d -o CMakeFiles/runtime.dir/src/runtime/allocation_provider.cpp.o -c /Users/wafoe/projects/me/CXXEg/build-stage4-clean-source/src/runtime/allocation_provider.cpp
/Library/Developer/CommandLineTools/usr/bin/make  -f CMakeFiles/stage0_common.dir/build.make CMakeFiles/stage0_common.dir/depend
cd /Users/wafoe/projects/me/CXXEg/build-stage4-clean-source/build-stage4-validation/20261005T141011117404Z-37164/production && /opt/homebrew/bin/cmake -E cmake_depends "Unix Makefiles" /Users/wafoe/projects/me/CXXEg/build-stage4-clean-source /Users/wafoe/projects/me/CXXEg/build-stage4-clean-source /Users/wafoe/projects/me/CXXEg/build-stage4-clean-source/build-stage4-validation/20261005T141011117404Z-37164/production /Users/wafoe/projects/me/CXXEg/build-stage4-clean-source/build-stage4-validation/20261005T141011117404Z-37164/production /Users/wafoe/projects/me/CXXEg/build-stage4-clean-source/build-stage4-validation/20261005T141011117404Z-37164/production/CMakeFiles/stage0_common.dir/DependInfo.cmake "--color=" stage0_common
/Library/Developer/CommandLineTools/usr/bin/make  -f CMakeFiles/stage0_common.dir/build.make CMakeFiles/stage0_common.dir/build
[ 76%] Building CXX object CMakeFiles/stage0_common.dir/src/common.cpp.o
/usr/bin/c++  -I/Users/wafoe/projects/me/CXXEg/build-stage4-clean-source/include -I/Users/wafoe/projects/me/CXXEg/build-stage4-clean-source/build-stage4-validation/20261005T141011117404Z-37164/production/generated -O3 -DNDEBUG -std=c++17 -arch arm64 -Wall -Wextra -Wpedantic -MD -MT CMakeFiles/stage0_common.dir/src/common.cpp.o -MF CMakeFiles/stage0_common.dir/src/common.cpp.o.d -o CMakeFiles/stage0_common.dir/src/common.cpp.o -c /Users/wafoe/projects/me/CXXEg/build-stage4-clean-source/src/common.cpp
[ 82%] Linking CXX static library libruntime.a
/opt/homebrew/bin/cmake -P CMakeFiles/runtime.dir/cmake_clean_target.cmake
/opt/homebrew/bin/cmake -E cmake_link_script CMakeFiles/runtime.dir/link.txt --verbose=1
/usr/bin/ar qc libruntime.a CMakeFiles/runtime.dir/src/runtime/storage.cpp.o CMakeFiles/runtime.dir/src/runtime/tensor.cpp.o CMakeFiles/runtime.dir/src/runtime/copy.cpp.o CMakeFiles/runtime.dir/src/runtime/operator.cpp.o CMakeFiles/runtime.dir/src/runtime/shape_inference.cpp.o CMakeFiles/runtime.dir/src/runtime/reference.cpp.o CMakeFiles/runtime.dir/src/runtime/layout.cpp.o CMakeFiles/runtime.dir/src/runtime/graph.cpp.o CMakeFiles/runtime.dir/src/runtime/graph_executor.cpp.o CMakeFiles/runtime.dir/src/runtime/graph_trace.cpp.o CMakeFiles/runtime.dir/src/runtime/arena.cpp.o CMakeFiles/runtime.dir/src/runtime/allocation_provider.cpp.o
/usr/bin/ranlib libruntime.a
[ 82%] Built target runtime
[ 88%] Linking CXX static library libstage0_common.a
/opt/homebrew/bin/cmake -P CMakeFiles/stage0_common.dir/cmake_clean_target.cmake
/opt/homebrew/bin/cmake -E cmake_link_script CMakeFiles/stage0_common.dir/link.txt --verbose=1
/usr/bin/ar qc libstage0_common.a CMakeFiles/stage0_common.dir/src/common.cpp.o
/usr/bin/ranlib libstage0_common.a
[ 88%] Built target stage0_common
/Library/Developer/CommandLineTools/usr/bin/make  -f CMakeFiles/bench_allocator.dir/build.make CMakeFiles/bench_allocator.dir/depend
cd /Users/wafoe/projects/me/CXXEg/build-stage4-clean-source/build-stage4-validation/20261005T141011117404Z-37164/production && /opt/homebrew/bin/cmake -E cmake_depends "Unix Makefiles" /Users/wafoe/projects/me/CXXEg/build-stage4-clean-source /Users/wafoe/projects/me/CXXEg/build-stage4-clean-source /Users/wafoe/projects/me/CXXEg/build-stage4-clean-source/build-stage4-validation/20261005T141011117404Z-37164/production /Users/wafoe/projects/me/CXXEg/build-stage4-clean-source/build-stage4-validation/20261005T141011117404Z-37164/production /Users/wafoe/projects/me/CXXEg/build-stage4-clean-source/build-stage4-validation/20261005T141011117404Z-37164/production/CMakeFiles/bench_allocator.dir/DependInfo.cmake "--color=" bench_allocator
/Library/Developer/CommandLineTools/usr/bin/make  -f CMakeFiles/bench_allocator.dir/build.make CMakeFiles/bench_allocator.dir/build
[ 94%] Building CXX object CMakeFiles/bench_allocator.dir/bench/bench_allocator.cpp.o
/usr/bin/c++  -I/Users/wafoe/projects/me/CXXEg/build-stage4-clean-source/include -I/Users/wafoe/projects/me/CXXEg/build-stage4-clean-source/build-stage4-validation/20261005T141011117404Z-37164/production/generated -O3 -DNDEBUG -std=c++17 -arch arm64 -Wall -Wextra -Wpedantic -MD -MT CMakeFiles/bench_allocator.dir/bench/bench_allocator.cpp.o -MF CMakeFiles/bench_allocator.dir/bench/bench_allocator.cpp.o.d -o CMakeFiles/bench_allocator.dir/bench/bench_allocator.cpp.o -c /Users/wafoe/projects/me/CXXEg/build-stage4-clean-source/bench/bench_allocator.cpp
[100%] Linking CXX executable bench_allocator
/opt/homebrew/bin/cmake -E cmake_link_script CMakeFiles/bench_allocator.dir/link.txt --verbose=1
/usr/bin/c++ -O3 -DNDEBUG -arch arm64 -Wl,-search_paths_first -Wl,-headerpad_max_install_names CMakeFiles/bench_allocator.dir/bench/bench_allocator.cpp.o -o bench_allocator  libruntime.a libstage0_common.a
[100%] Built target bench_allocator
/opt/homebrew/bin/cmake -E cmake_progress_start /Users/wafoe/projects/me/CXXEg/build-stage4-clean-source/build-stage4-validation/20261005T141011117404Z-37164/production/CMakeFiles 0

