UpdateCTestConfiguration  from :/Users/wafoe/projects/me/CXXEg/build-stage2-sanitizer/DartConfiguration.tcl
Parse Config file:/Users/wafoe/projects/me/CXXEg/build-stage2-sanitizer/DartConfiguration.tcl
Test project /Users/wafoe/projects/me/CXXEg/build-stage2-sanitizer
Constructing a list of tests
Done constructing a list of tests
Updating test list for fixtures
Added 0 tests to meet fixture requirements
Checking test dependency graph...
Checking test dependency graph end
test 1
    Start 1: tensor

1: Test command: /Users/wafoe/projects/me/CXXEg/build-stage2-sanitizer/test_tensor
1: Working Directory: /Users/wafoe/projects/me/CXXEg/build-stage2-sanitizer
1: Test timeout computed to be: 1500
1: Allocation checks: views/transpose=0 buffers; nonempty materialize=1; copy=24 logical bytes, 0 buffers
1: Tensor metadata/storage/construction/views/copy: PASS
1/8 Test #1: tensor ...........................   Passed    0.19 sec
test 2
    Start 2: tensor_properties

2: Test command: /Users/wafoe/projects/me/CXXEg/build-stage2-sanitizer/test_tensor_properties
2: Working Directory: /Users/wafoe/projects/me/CXXEg/build-stage2-sanitizer
2: Test timeout computed to be: 1500
2: Tensor properties: PASS seed=20903 trials=600 ranks=0..8 FP32/INT32; padding/offset/permutation/slice/materialization/copy/alias
2/8 Test #2: tensor_properties ................   Passed    0.23 sec
test 3
    Start 3: tensor_validation

3: Test command: /Users/wafoe/miniforge3/bin/python3.14 "/Users/wafoe/projects/me/CXXEg/tests/test_tensor_validation.py"
3: Working Directory: /Users/wafoe/projects/me/CXXEg/build-stage2-sanitizer
3: Test timeout computed to be: 1500
3: ......
3: ----------------------------------------------------------------------
3: Ran 6 tests in 0.030s
3: 
3: OK
3/8 Test #3: tensor_validation ................   Passed    0.08 sec
test 4
    Start 4: operator

4: Test command: /Users/wafoe/projects/me/CXXEg/build-stage2-sanitizer/test_operator
4: Working Directory: /Users/wafoe/projects/me/CXXEg/build-stage2-sanitizer
4: Test timeout computed to be: 1500
4: Operator schema/arity/typed attributes/ID/status/serialization: PASS
4/8 Test #4: operator .........................   Passed    0.19 sec
test 5
    Start 5: shape_inference

5: Test command: /Users/wafoe/projects/me/CXXEg/build-stage2-sanitizer/test_shape_inference
5: Working Directory: /Users/wafoe/projects/me/CXXEg/build-stage2-sanitizer
5: Test timeout computed to be: 1500
5: Pure core shape/dtype/contiguity/overflow/alias/COPY inference: PASS
5/8 Test #5: shape_inference ..................   Passed    0.16 sec
test 6
    Start 6: operator_reference

6: Test command: /Users/wafoe/projects/me/CXXEg/build-stage2-sanitizer/test_reference
6: Working Directory: /Users/wafoe/projects/me/CXXEg/build-stage2-sanitizer
6: Test timeout computed to be: 1500
6: Reference random MATMUL: PASS seed=20995 trials=100 (zero/rectangular), no performance claim
6: CPU reference ADD/MUL/MATMUL/COPY/MATERIALIZE: PASS
6/8 Test #6: operator_reference ...............   Passed    0.41 sec
test 7
    Start 7: common

7: Test command: /Users/wafoe/projects/me/CXXEg/build-stage2-sanitizer/test_common
7: Working Directory: /Users/wafoe/projects/me/CXXEg/build-stage2-sanitizer
7: Test timeout computed to be: 1500
7: CPU reference, validation, statistics, GFLOPS, CSV: PASS
7/8 Test #7: common ...........................   Passed    0.01 sec
test 8
    Start 8: tools

8: Test command: /Users/wafoe/miniforge3/bin/python3.14 "/Users/wafoe/projects/me/CXXEg/tests/test_tools.py"
8: Working Directory: /Users/wafoe/projects/me/CXXEg/build-stage2-sanitizer
8: Test timeout computed to be: 1500
8: test_bad_numeric_input (__main__.AnalysisTests.test_bad_numeric_input) ... ok
8: test_changed_comparison_conditions (__main__.AnalysisTests.test_changed_comparison_conditions) ... ok
8: test_cli_missing_csv_preserves_existing_report (__main__.AnalysisTests.test_cli_missing_csv_preserves_existing_report) ... ok
8: test_duplicate_or_single_kernel (__main__.AnalysisTests.test_duplicate_or_single_kernel) ... ok
8: test_failure_not_success (__main__.AnalysisTests.test_failure_not_success) ... ok
8: test_invalid_build_and_commit (__main__.AnalysisTests.test_invalid_build_and_commit) ... ok
8: test_missing_raw_samples (__main__.AnalysisTests.test_missing_raw_samples) ... ok
8: test_no_data_no_report (__main__.AnalysisTests.test_no_data_no_report) ... ok
8: test_no_report_without_completed_run (__main__.AnalysisTests.test_no_report_without_completed_run) ... ok
8: test_path_traversal (__main__.AnalysisTests.test_path_traversal) ... ok
8: test_ratio_wrong_units (__main__.AnalysisTests.test_ratio_wrong_units) ... ok
8: test_report_from_raw (__main__.AnalysisTests.test_report_from_raw) ... ok
8: test_timing_raw_tamper (__main__.AnalysisTests.test_timing_raw_tamper) ... ok
8: test_wrong_gflops (__main__.AnalysisTests.test_wrong_gflops) ... ok
8: test_clean_and_dirty_source (__main__.ProvenanceTests.test_clean_and_dirty_source) ... ok
8: test_header_stable (__main__.ProvenanceTests.test_header_stable) ... ok
8: test_results_and_report_excluded (__main__.ProvenanceTests.test_results_and_report_excluded) ... ok
8: test_untracked_source_included (__main__.ProvenanceTests.test_untracked_source_included) ... ok
8: test_failed_environment_capture_preserved (__main__.ScriptFailureTests.test_failed_environment_capture_preserved) ... ok
8: test_stale_binary_refused_before_benchmark (__main__.ScriptFailureTests.test_stale_binary_refused_before_benchmark) ... ok
8: 
8: ----------------------------------------------------------------------
8: Ran 20 tests in 1.228s
8: 
8: OK
8/8 Test #8: tools ............................   Passed    1.27 sec

100% tests passed out of 8

Label Time Summary:
cpu          =   1.26 sec*proc (6 tests)
operators    =   0.76 sec*proc (3 tests)
tensor       =   0.50 sec*proc (3 tests)

Total Test time (real) =   2.55 sec
