[  1%] Building CXX object CMakeFiles/runtime.dir/src/runtime/storage.cpp.o
[  1%] Built target refresh_provenance
[  2%] Building CXX object CMakeFiles/runtime.dir/src/runtime/tensor.cpp.o
[  3%] Building CXX object CMakeFiles/stage0_common.dir/src/common.cpp.o
[  4%] Building CXX object CMakeFiles/runtime.dir/src/runtime/copy.cpp.o
[  5%] Building CXX object CMakeFiles/runtime.dir/src/runtime/operator.cpp.o
[  7%] Linking CXX static library libstage0_common.a
[  7%] Built target stage0_common
[  8%] Building CXX object CMakeFiles/runtime.dir/src/runtime/shape_inference.cpp.o
[  9%] Building CXX object CMakeFiles/runtime.dir/src/runtime/reference.cpp.o
[ 10%] Building CXX object CMakeFiles/test_common.dir/tests/test_common.cpp.o
[ 11%] Building CXX object CMakeFiles/runtime.dir/src/runtime/layout.cpp.o
[ 13%] Building CXX object CMakeFiles/runtime.dir/src/runtime/graph.cpp.o
[ 14%] Linking CXX executable test_common
[ 14%] Built target test_common
[ 15%] Building CXX object CMakeFiles/runtime.dir/src/runtime/graph_executor.cpp.o
[ 16%] Building CUDA object CMakeFiles/stage0_cuda.dir/backend/cuda/sgemm_v0_naive.cu.o
[ 17%] Building CXX object CMakeFiles/runtime.dir/src/runtime/graph_trace.cpp.o
[ 19%] Building CXX object CMakeFiles/runtime.dir/src/runtime/arena.cpp.o
[ 20%] Building CXX object CMakeFiles/runtime.dir/src/runtime/allocation_provider.cpp.o
[ 21%] Building CXX object CMakeFiles/runtime.dir/src/runtime/memory_planner.cpp.o
[ 22%] Building CUDA object CMakeFiles/stage0_cuda.dir/backend/cuda/sgemm_v1_tiled.cu.o
[ 23%] Building CXX object CMakeFiles/runtime.dir/src/runtime/planned_executor.cpp.o
[ 25%] Building CXX object CMakeFiles/runtime.dir/src/runtime/cpu_backend.cpp.o
[ 26%] Building CXX object CMakeFiles/runtime.dir/src/runtime/cpu_scalar.cpp.o
[ 27%] Building CUDA object CMakeFiles/stage0_cuda.dir/backend/cuda/sgemm_registry.cu.o
[ 28%] Building CXX object CMakeFiles/runtime.dir/src/runtime/cpu_optimized.cpp.o
[ 29%] Building CXX object CMakeFiles/runtime.dir/src/runtime/thread_pool.cpp.o
[ 30%] Linking CXX static library libruntime.a
[ 30%] Built target runtime
[ 32%] Building CUDA object CMakeFiles/stage0_cuda.dir/backend/cuda/cublas_gemm.cu.o
[ 33%] Building CXX object CMakeFiles/bench_allocator.dir/bench/bench_allocator.cpp.o
[ 34%] Linking CXX static library libstage0_cuda.a
[ 34%] Built target stage0_cuda
[ 35%] Building CXX object CMakeFiles/bench_planner.dir/bench/bench_planner.cpp.o
[ 36%] Linking CXX executable bench_allocator
[ 36%] Built target bench_allocator
[ 38%] Building CXX object CMakeFiles/bench_cpu.dir/bench/bench_cpu.cpp.o
[ 39%] Linking CXX executable bench_planner
[ 39%] Built target bench_planner
[ 40%] Building CXX object CMakeFiles/test_cpu_transformer_contract.dir/tests/test_cpu_transformer_contract.cpp.o
[ 41%] Linking CXX executable bench_cpu
[ 41%] Built target bench_cpu
[ 42%] Building CXX object CMakeFiles/test_cpu_scalar.dir/tests/test_cpu_scalar.cpp.o
[ 44%] Linking CXX executable test_cpu_scalar
[ 44%] Built target test_cpu_scalar
[ 45%] Building CXX object CMakeFiles/test_thread_pool.dir/tests/test_thread_pool.cpp.o
[ 46%] Linking CXX executable test_cpu_transformer_contract
[ 46%] Built target test_cpu_transformer_contract
[ 47%] Building CXX object CMakeFiles/test_cpu_backend_fixtures.dir/tests/test_operator_fixtures.cpp.o
[ 48%] Linking CXX executable test_thread_pool
[ 48%] Built target test_thread_pool
[ 50%] Building CXX object CMakeFiles/test_cpu_backend.dir/tests/test_cpu_backend.cpp.o
[ 51%] Linking CXX executable test_cpu_backend_fixtures
[ 51%] Built target test_cpu_backend_fixtures
[ 52%] Building CXX object CMakeFiles/test_tensor.dir/tests/test_tensor.cpp.o
[ 53%] Linking CXX executable test_cpu_backend
[ 53%] Built target test_cpu_backend
[ 54%] Building CXX object CMakeFiles/test_tensor_properties.dir/tests/test_tensor_properties.cpp.o
[ 55%] Linking CXX executable test_tensor
[ 55%] Built target test_tensor
[ 57%] Building CXX object CMakeFiles/test_operator.dir/tests/test_operator.cpp.o
[ 58%] Linking CXX executable test_tensor_properties
[ 58%] Built target test_tensor_properties
[ 59%] Building CXX object CMakeFiles/test_shape_inference.dir/tests/test_shape_inference.cpp.o
[ 60%] Linking CXX executable test_operator
[ 60%] Built target test_operator
[ 61%] Building CXX object CMakeFiles/test_reference.dir/tests/test_reference.cpp.o
[ 63%] Linking CXX executable test_shape_inference
[ 63%] Built target test_shape_inference
[ 64%] Building CXX object CMakeFiles/test_transformer_contracts.dir/tests/test_transformer_contracts.cpp.o
[ 65%] Linking CXX executable test_reference
[ 65%] Built target test_reference
[ 66%] Building CXX object CMakeFiles/test_operator_fixtures.dir/tests/test_operator_fixtures.cpp.o
[ 67%] Linking CXX executable test_transformer_contracts
[ 67%] Built target test_transformer_contracts
[ 69%] Building CXX object CMakeFiles/test_graph.dir/tests/test_graph.cpp.o
[ 70%] Linking CXX executable test_operator_fixtures
[ 70%] Built target test_operator_fixtures
[ 71%] Building CXX object CMakeFiles/test_graph_executor.dir/tests/test_graph_executor.cpp.o
[ 72%] Linking CXX executable test_graph
[ 72%] Built target test_graph
[ 73%] Building CXX object CMakeFiles/test_graph_fixtures.dir/tests/test_graph_fixtures.cpp.o
[ 75%] Linking CXX executable test_graph_executor
[ 75%] Built target test_graph_executor
[ 76%] Building CXX object CMakeFiles/test_graph_trace.dir/tests/test_graph_trace.cpp.o
[ 77%] Linking CXX executable test_graph_fixtures
[ 77%] Built target test_graph_fixtures
[ 78%] Building CXX object CMakeFiles/test_arena.dir/tests/test_arena.cpp.o
[ 79%] Linking CXX executable test_graph_trace
[ 79%] Built target test_graph_trace
[ 80%] Building CXX object CMakeFiles/test_allocation_provider.dir/tests/test_allocation_provider.cpp.o
[ 82%] Linking CXX executable test_arena
[ 82%] Built target test_arena
[ 83%] Building CXX object CMakeFiles/test_memory_planner.dir/tests/test_memory_planner.cpp.o
[ 84%] Linking CXX executable test_allocation_provider
[ 84%] Built target test_allocation_provider
[ 85%] Building CXX object CMakeFiles/test_planned_executor.dir/tests/test_planned_executor.cpp.o
[ 86%] Linking CXX executable test_memory_planner
[ 86%] Built target test_memory_planner
[ 88%] Building CUDA object CMakeFiles/runtime_cuda.dir/backend/cuda/cuda_backend.cu.o
[ 89%] Linking CXX executable test_planned_executor
[ 89%] Built target test_planned_executor
[ 90%] Building CXX object CMakeFiles/gpu_info.dir/bench/gpu_info.cpp.o
[ 91%] Linking CXX executable gpu_info
[ 91%] Built target gpu_info
[ 92%] Building CXX object CMakeFiles/bench_gemm.dir/bench/bench_gemm.cpp.o
[ 94%] Linking CXX static library libruntime_cuda.a
[ 94%] Built target runtime_cuda
[ 95%] Building CXX object CMakeFiles/test_cuda_gemm.dir/tests/test_cuda_gemm.cpp.o
[ 96%] Linking CXX executable test_cuda_gemm
[ 96%] Built target test_cuda_gemm
[ 97%] Building CXX object CMakeFiles/test_cuda_backend.dir/tests/test_cuda_backend.cpp.o
[ 98%] Linking CXX executable bench_gemm
[ 98%] Built target bench_gemm
[100%] Linking CXX executable test_cuda_backend
[100%] Built target test_cuda_backend
