Change Dir: '/Users/wafoe/projects/me/CXXEg-stage6-verify/build-cpu-benchmark/20261006T040644002962Z-80817/production'

Run Build Command(s): /opt/homebrew/bin/cmake -E env VERBOSE=1 /usr/bin/make -f Makefile -j4
/opt/homebrew/bin/cmake -S/Users/wafoe/projects/me/CXXEg-stage6-verify -B/Users/wafoe/projects/me/CXXEg-stage6-verify/build-cpu-benchmark/20261006T040644002962Z-80817/production --check-build-system CMakeFiles/Makefile.cmake 0
/opt/homebrew/bin/cmake -E cmake_progress_start /Users/wafoe/projects/me/CXXEg-stage6-verify/build-cpu-benchmark/20261006T040644002962Z-80817/production/CMakeFiles /Users/wafoe/projects/me/CXXEg-stage6-verify/build-cpu-benchmark/20261006T040644002962Z-80817/production//CMakeFiles/progress.marks
/Library/Developer/CommandLineTools/usr/bin/make  -f CMakeFiles/Makefile2 all
/Library/Developer/CommandLineTools/usr/bin/make  -f CMakeFiles/refresh_provenance.dir/build.make CMakeFiles/refresh_provenance.dir/depend
/Library/Developer/CommandLineTools/usr/bin/make  -f CMakeFiles/runtime.dir/build.make CMakeFiles/runtime.dir/depend
cd /Users/wafoe/projects/me/CXXEg-stage6-verify/build-cpu-benchmark/20261006T040644002962Z-80817/production && /opt/homebrew/bin/cmake -E cmake_depends "Unix Makefiles" /Users/wafoe/projects/me/CXXEg-stage6-verify /Users/wafoe/projects/me/CXXEg-stage6-verify /Users/wafoe/projects/me/CXXEg-stage6-verify/build-cpu-benchmark/20261006T040644002962Z-80817/production /Users/wafoe/projects/me/CXXEg-stage6-verify/build-cpu-benchmark/20261006T040644002962Z-80817/production /Users/wafoe/projects/me/CXXEg-stage6-verify/build-cpu-benchmark/20261006T040644002962Z-80817/production/CMakeFiles/refresh_provenance.dir/DependInfo.cmake "--color=" refresh_provenance
cd /Users/wafoe/projects/me/CXXEg-stage6-verify/build-cpu-benchmark/20261006T040644002962Z-80817/production && /opt/homebrew/bin/cmake -E cmake_depends "Unix Makefiles" /Users/wafoe/projects/me/CXXEg-stage6-verify /Users/wafoe/projects/me/CXXEg-stage6-verify /Users/wafoe/projects/me/CXXEg-stage6-verify/build-cpu-benchmark/20261006T040644002962Z-80817/production /Users/wafoe/projects/me/CXXEg-stage6-verify/build-cpu-benchmark/20261006T040644002962Z-80817/production /Users/wafoe/projects/me/CXXEg-stage6-verify/build-cpu-benchmark/20261006T040644002962Z-80817/production/CMakeFiles/runtime.dir/DependInfo.cmake "--color=" runtime
/Library/Developer/CommandLineTools/usr/bin/make  -f CMakeFiles/refresh_provenance.dir/build.make CMakeFiles/refresh_provenance.dir/build
/Library/Developer/CommandLineTools/usr/bin/make  -f CMakeFiles/runtime.dir/build.make CMakeFiles/runtime.dir/build
/Users/wafoe/miniforge3/bin/python3.14 /Users/wafoe/projects/me/CXXEg-stage6-verify/tools/provenance.py --root /Users/wafoe/projects/me/CXXEg-stage6-verify --header /Users/wafoe/projects/me/CXXEg-stage6-verify/build-cpu-benchmark/20261006T040644002962Z-80817/production/generated/stage0/provenance.hpp
[ 12%] Building CXX object CMakeFiles/runtime.dir/src/runtime/tensor.cpp.o
[ 12%] Building CXX object CMakeFiles/runtime.dir/src/runtime/copy.cpp.o
[ 12%] Building CXX object CMakeFiles/runtime.dir/src/runtime/storage.cpp.o
/usr/bin/c++  -I/Users/wafoe/projects/me/CXXEg-stage6-verify/include -O3 -DNDEBUG -std=c++17 -arch arm64 -Wall -Wextra -Wpedantic -MD -MT CMakeFiles/runtime.dir/src/runtime/copy.cpp.o -MF CMakeFiles/runtime.dir/src/runtime/copy.cpp.o.d -o CMakeFiles/runtime.dir/src/runtime/copy.cpp.o -c /Users/wafoe/projects/me/CXXEg-stage6-verify/src/runtime/copy.cpp
/usr/bin/c++  -I/Users/wafoe/projects/me/CXXEg-stage6-verify/include -O3 -DNDEBUG -std=c++17 -arch arm64 -Wall -Wextra -Wpedantic -MD -MT CMakeFiles/runtime.dir/src/runtime/tensor.cpp.o -MF CMakeFiles/runtime.dir/src/runtime/tensor.cpp.o.d -o CMakeFiles/runtime.dir/src/runtime/tensor.cpp.o -c /Users/wafoe/projects/me/CXXEg-stage6-verify/src/runtime/tensor.cpp
/usr/bin/c++  -I/Users/wafoe/projects/me/CXXEg-stage6-verify/include -O3 -DNDEBUG -std=c++17 -arch arm64 -Wall -Wextra -Wpedantic -MD -MT CMakeFiles/runtime.dir/src/runtime/storage.cpp.o -MF CMakeFiles/runtime.dir/src/runtime/storage.cpp.o.d -o CMakeFiles/runtime.dir/src/runtime/storage.cpp.o -c /Users/wafoe/projects/me/CXXEg-stage6-verify/src/runtime/storage.cpp
[ 12%] Built target refresh_provenance
[ 16%] Building CXX object CMakeFiles/runtime.dir/src/runtime/operator.cpp.o
/usr/bin/c++  -I/Users/wafoe/projects/me/CXXEg-stage6-verify/include -O3 -DNDEBUG -std=c++17 -arch arm64 -Wall -Wextra -Wpedantic -MD -MT CMakeFiles/runtime.dir/src/runtime/operator.cpp.o -MF CMakeFiles/runtime.dir/src/runtime/operator.cpp.o.d -o CMakeFiles/runtime.dir/src/runtime/operator.cpp.o -c /Users/wafoe/projects/me/CXXEg-stage6-verify/src/runtime/operator.cpp
[ 20%] Building CXX object CMakeFiles/runtime.dir/src/runtime/shape_inference.cpp.o
/Library/Developer/CommandLineTools/usr/bin/make  -f CMakeFiles/stage0_common.dir/build.make CMakeFiles/stage0_common.dir/depend
/usr/bin/c++  -I/Users/wafoe/projects/me/CXXEg-stage6-verify/include -O3 -DNDEBUG -std=c++17 -arch arm64 -Wall -Wextra -Wpedantic -MD -MT CMakeFiles/runtime.dir/src/runtime/shape_inference.cpp.o -MF CMakeFiles/runtime.dir/src/runtime/shape_inference.cpp.o.d -o CMakeFiles/runtime.dir/src/runtime/shape_inference.cpp.o -c /Users/wafoe/projects/me/CXXEg-stage6-verify/src/runtime/shape_inference.cpp
cd /Users/wafoe/projects/me/CXXEg-stage6-verify/build-cpu-benchmark/20261006T040644002962Z-80817/production && /opt/homebrew/bin/cmake -E cmake_depends "Unix Makefiles" /Users/wafoe/projects/me/CXXEg-stage6-verify /Users/wafoe/projects/me/CXXEg-stage6-verify /Users/wafoe/projects/me/CXXEg-stage6-verify/build-cpu-benchmark/20261006T040644002962Z-80817/production /Users/wafoe/projects/me/CXXEg-stage6-verify/build-cpu-benchmark/20261006T040644002962Z-80817/production /Users/wafoe/projects/me/CXXEg-stage6-verify/build-cpu-benchmark/20261006T040644002962Z-80817/production/CMakeFiles/stage0_common.dir/DependInfo.cmake "--color=" stage0_common
/Library/Developer/CommandLineTools/usr/bin/make  -f CMakeFiles/stage0_common.dir/build.make CMakeFiles/stage0_common.dir/build
[ 28%] Building CXX object CMakeFiles/runtime.dir/src/runtime/reference.cpp.o
[ 28%] Building CXX object CMakeFiles/stage0_common.dir/src/common.cpp.o
/usr/bin/c++  -I/Users/wafoe/projects/me/CXXEg-stage6-verify/include -O3 -DNDEBUG -std=c++17 -arch arm64 -Wall -Wextra -Wpedantic -MD -MT CMakeFiles/runtime.dir/src/runtime/reference.cpp.o -MF CMakeFiles/runtime.dir/src/runtime/reference.cpp.o.d -o CMakeFiles/runtime.dir/src/runtime/reference.cpp.o -c /Users/wafoe/projects/me/CXXEg-stage6-verify/src/runtime/reference.cpp
/usr/bin/c++  -I/Users/wafoe/projects/me/CXXEg-stage6-verify/include -I/Users/wafoe/projects/me/CXXEg-stage6-verify/build-cpu-benchmark/20261006T040644002962Z-80817/production/generated -O3 -DNDEBUG -std=c++17 -arch arm64 -Wall -Wextra -Wpedantic -MD -MT CMakeFiles/stage0_common.dir/src/common.cpp.o -MF CMakeFiles/stage0_common.dir/src/common.cpp.o.d -o CMakeFiles/stage0_common.dir/src/common.cpp.o -c /Users/wafoe/projects/me/CXXEg-stage6-verify/src/common.cpp
[ 32%] Building CXX object CMakeFiles/runtime.dir/src/runtime/layout.cpp.o
/usr/bin/c++  -I/Users/wafoe/projects/me/CXXEg-stage6-verify/include -O3 -DNDEBUG -std=c++17 -arch arm64 -Wall -Wextra -Wpedantic -MD -MT CMakeFiles/runtime.dir/src/runtime/layout.cpp.o -MF CMakeFiles/runtime.dir/src/runtime/layout.cpp.o.d -o CMakeFiles/runtime.dir/src/runtime/layout.cpp.o -c /Users/wafoe/projects/me/CXXEg-stage6-verify/src/runtime/layout.cpp
[ 36%] Building CXX object CMakeFiles/runtime.dir/src/runtime/graph.cpp.o
/usr/bin/c++  -I/Users/wafoe/projects/me/CXXEg-stage6-verify/include -O3 -DNDEBUG -std=c++17 -arch arm64 -Wall -Wextra -Wpedantic -MD -MT CMakeFiles/runtime.dir/src/runtime/graph.cpp.o -MF CMakeFiles/runtime.dir/src/runtime/graph.cpp.o.d -o CMakeFiles/runtime.dir/src/runtime/graph.cpp.o -c /Users/wafoe/projects/me/CXXEg-stage6-verify/src/runtime/graph.cpp
[ 40%] Building CXX object CMakeFiles/runtime.dir/src/runtime/graph_executor.cpp.o
/usr/bin/c++  -I/Users/wafoe/projects/me/CXXEg-stage6-verify/include -O3 -DNDEBUG -std=c++17 -arch arm64 -Wall -Wextra -Wpedantic -MD -MT CMakeFiles/runtime.dir/src/runtime/graph_executor.cpp.o -MF CMakeFiles/runtime.dir/src/runtime/graph_executor.cpp.o.d -o CMakeFiles/runtime.dir/src/runtime/graph_executor.cpp.o -c /Users/wafoe/projects/me/CXXEg-stage6-verify/src/runtime/graph_executor.cpp
[ 44%] Linking CXX static library libstage0_common.a
/opt/homebrew/bin/cmake -P CMakeFiles/stage0_common.dir/cmake_clean_target.cmake
/opt/homebrew/bin/cmake -E cmake_link_script CMakeFiles/stage0_common.dir/link.txt --verbose=1
/usr/bin/ar qc libstage0_common.a CMakeFiles/stage0_common.dir/src/common.cpp.o
/usr/bin/ranlib libstage0_common.a
[ 44%] Built target stage0_common
[ 48%] Building CXX object CMakeFiles/runtime.dir/src/runtime/graph_trace.cpp.o
/usr/bin/c++  -I/Users/wafoe/projects/me/CXXEg-stage6-verify/include -O3 -DNDEBUG -std=c++17 -arch arm64 -Wall -Wextra -Wpedantic -MD -MT CMakeFiles/runtime.dir/src/runtime/graph_trace.cpp.o -MF CMakeFiles/runtime.dir/src/runtime/graph_trace.cpp.o.d -o CMakeFiles/runtime.dir/src/runtime/graph_trace.cpp.o -c /Users/wafoe/projects/me/CXXEg-stage6-verify/src/runtime/graph_trace.cpp
[ 52%] Building CXX object CMakeFiles/runtime.dir/src/runtime/arena.cpp.o
/usr/bin/c++  -I/Users/wafoe/projects/me/CXXEg-stage6-verify/include -O3 -DNDEBUG -std=c++17 -arch arm64 -Wall -Wextra -Wpedantic -MD -MT CMakeFiles/runtime.dir/src/runtime/arena.cpp.o -MF CMakeFiles/runtime.dir/src/runtime/arena.cpp.o.d -o CMakeFiles/runtime.dir/src/runtime/arena.cpp.o -c /Users/wafoe/projects/me/CXXEg-stage6-verify/src/runtime/arena.cpp
[ 56%] Building CXX object CMakeFiles/runtime.dir/src/runtime/allocation_provider.cpp.o
/usr/bin/c++  -I/Users/wafoe/projects/me/CXXEg-stage6-verify/include -O3 -DNDEBUG -std=c++17 -arch arm64 -Wall -Wextra -Wpedantic -MD -MT CMakeFiles/runtime.dir/src/runtime/allocation_provider.cpp.o -MF CMakeFiles/runtime.dir/src/runtime/allocation_provider.cpp.o.d -o CMakeFiles/runtime.dir/src/runtime/allocation_provider.cpp.o -c /Users/wafoe/projects/me/CXXEg-stage6-verify/src/runtime/allocation_provider.cpp
[ 60%] Building CXX object CMakeFiles/runtime.dir/src/runtime/memory_planner.cpp.o
/usr/bin/c++  -I/Users/wafoe/projects/me/CXXEg-stage6-verify/include -O3 -DNDEBUG -std=c++17 -arch arm64 -Wall -Wextra -Wpedantic -MD -MT CMakeFiles/runtime.dir/src/runtime/memory_planner.cpp.o -MF CMakeFiles/runtime.dir/src/runtime/memory_planner.cpp.o.d -o CMakeFiles/runtime.dir/src/runtime/memory_planner.cpp.o -c /Users/wafoe/projects/me/CXXEg-stage6-verify/src/runtime/memory_planner.cpp
[ 64%] Building CXX object CMakeFiles/runtime.dir/src/runtime/planned_executor.cpp.o
/usr/bin/c++  -I/Users/wafoe/projects/me/CXXEg-stage6-verify/include -O3 -DNDEBUG -std=c++17 -arch arm64 -Wall -Wextra -Wpedantic -MD -MT CMakeFiles/runtime.dir/src/runtime/planned_executor.cpp.o -MF CMakeFiles/runtime.dir/src/runtime/planned_executor.cpp.o.d -o CMakeFiles/runtime.dir/src/runtime/planned_executor.cpp.o -c /Users/wafoe/projects/me/CXXEg-stage6-verify/src/runtime/planned_executor.cpp
[ 68%] Building CXX object CMakeFiles/runtime.dir/src/runtime/cpu_backend.cpp.o
/usr/bin/c++  -I/Users/wafoe/projects/me/CXXEg-stage6-verify/include -O3 -DNDEBUG -std=c++17 -arch arm64 -Wall -Wextra -Wpedantic -MD -MT CMakeFiles/runtime.dir/src/runtime/cpu_backend.cpp.o -MF CMakeFiles/runtime.dir/src/runtime/cpu_backend.cpp.o.d -o CMakeFiles/runtime.dir/src/runtime/cpu_backend.cpp.o -c /Users/wafoe/projects/me/CXXEg-stage6-verify/src/runtime/cpu_backend.cpp
[ 72%] Building CXX object CMakeFiles/runtime.dir/src/runtime/cpu_scalar.cpp.o
/usr/bin/c++  -I/Users/wafoe/projects/me/CXXEg-stage6-verify/include -O3 -DNDEBUG -std=c++17 -arch arm64 -Wall -Wextra -Wpedantic -MD -MT CMakeFiles/runtime.dir/src/runtime/cpu_scalar.cpp.o -MF CMakeFiles/runtime.dir/src/runtime/cpu_scalar.cpp.o.d -o CMakeFiles/runtime.dir/src/runtime/cpu_scalar.cpp.o -c /Users/wafoe/projects/me/CXXEg-stage6-verify/src/runtime/cpu_scalar.cpp
[ 76%] Linking CXX static library libruntime.a
/opt/homebrew/bin/cmake -P CMakeFiles/runtime.dir/cmake_clean_target.cmake
/opt/homebrew/bin/cmake -E cmake_link_script CMakeFiles/runtime.dir/link.txt --verbose=1
/usr/bin/ar qc libruntime.a CMakeFiles/runtime.dir/src/runtime/storage.cpp.o CMakeFiles/runtime.dir/src/runtime/tensor.cpp.o CMakeFiles/runtime.dir/src/runtime/copy.cpp.o CMakeFiles/runtime.dir/src/runtime/operator.cpp.o CMakeFiles/runtime.dir/src/runtime/shape_inference.cpp.o CMakeFiles/runtime.dir/src/runtime/reference.cpp.o CMakeFiles/runtime.dir/src/runtime/layout.cpp.o CMakeFiles/runtime.dir/src/runtime/graph.cpp.o CMakeFiles/runtime.dir/src/runtime/graph_executor.cpp.o CMakeFiles/runtime.dir/src/runtime/graph_trace.cpp.o CMakeFiles/runtime.dir/src/runtime/arena.cpp.o CMakeFiles/runtime.dir/src/runtime/allocation_provider.cpp.o CMakeFiles/runtime.dir/src/runtime/memory_planner.cpp.o CMakeFiles/runtime.dir/src/runtime/planned_executor.cpp.o CMakeFiles/runtime.dir/src/runtime/cpu_backend.cpp.o CMakeFiles/runtime.dir/src/runtime/cpu_scalar.cpp.o
/usr/bin/ranlib libruntime.a
[ 76%] Built target runtime
/Library/Developer/CommandLineTools/usr/bin/make  -f CMakeFiles/bench_allocator.dir/build.make CMakeFiles/bench_allocator.dir/depend
/Library/Developer/CommandLineTools/usr/bin/make  -f CMakeFiles/bench_planner.dir/build.make CMakeFiles/bench_planner.dir/depend
/Library/Developer/CommandLineTools/usr/bin/make  -f CMakeFiles/bench_cpu.dir/build.make CMakeFiles/bench_cpu.dir/depend
cd /Users/wafoe/projects/me/CXXEg-stage6-verify/build-cpu-benchmark/20261006T040644002962Z-80817/production && /opt/homebrew/bin/cmake -E cmake_depends "Unix Makefiles" /Users/wafoe/projects/me/CXXEg-stage6-verify /Users/wafoe/projects/me/CXXEg-stage6-verify /Users/wafoe/projects/me/CXXEg-stage6-verify/build-cpu-benchmark/20261006T040644002962Z-80817/production /Users/wafoe/projects/me/CXXEg-stage6-verify/build-cpu-benchmark/20261006T040644002962Z-80817/production /Users/wafoe/projects/me/CXXEg-stage6-verify/build-cpu-benchmark/20261006T040644002962Z-80817/production/CMakeFiles/bench_allocator.dir/DependInfo.cmake "--color=" bench_allocator
cd /Users/wafoe/projects/me/CXXEg-stage6-verify/build-cpu-benchmark/20261006T040644002962Z-80817/production && /opt/homebrew/bin/cmake -E cmake_depends "Unix Makefiles" /Users/wafoe/projects/me/CXXEg-stage6-verify /Users/wafoe/projects/me/CXXEg-stage6-verify /Users/wafoe/projects/me/CXXEg-stage6-verify/build-cpu-benchmark/20261006T040644002962Z-80817/production /Users/wafoe/projects/me/CXXEg-stage6-verify/build-cpu-benchmark/20261006T040644002962Z-80817/production /Users/wafoe/projects/me/CXXEg-stage6-verify/build-cpu-benchmark/20261006T040644002962Z-80817/production/CMakeFiles/bench_planner.dir/DependInfo.cmake "--color=" bench_planner
cd /Users/wafoe/projects/me/CXXEg-stage6-verify/build-cpu-benchmark/20261006T040644002962Z-80817/production && /opt/homebrew/bin/cmake -E cmake_depends "Unix Makefiles" /Users/wafoe/projects/me/CXXEg-stage6-verify /Users/wafoe/projects/me/CXXEg-stage6-verify /Users/wafoe/projects/me/CXXEg-stage6-verify/build-cpu-benchmark/20261006T040644002962Z-80817/production /Users/wafoe/projects/me/CXXEg-stage6-verify/build-cpu-benchmark/20261006T040644002962Z-80817/production /Users/wafoe/projects/me/CXXEg-stage6-verify/build-cpu-benchmark/20261006T040644002962Z-80817/production/CMakeFiles/bench_cpu.dir/DependInfo.cmake "--color=" bench_cpu
/Library/Developer/CommandLineTools/usr/bin/make  -f CMakeFiles/bench_allocator.dir/build.make CMakeFiles/bench_allocator.dir/build
/Library/Developer/CommandLineTools/usr/bin/make  -f CMakeFiles/bench_cpu.dir/build.make CMakeFiles/bench_cpu.dir/build
/Library/Developer/CommandLineTools/usr/bin/make  -f CMakeFiles/bench_planner.dir/build.make CMakeFiles/bench_planner.dir/build
[ 88%] Building CXX object CMakeFiles/bench_planner.dir/bench/bench_planner.cpp.o
[ 88%] Building CXX object CMakeFiles/bench_allocator.dir/bench/bench_allocator.cpp.o
[ 88%] Building CXX object CMakeFiles/bench_cpu.dir/bench/bench_cpu.cpp.o
/usr/bin/c++  -I/Users/wafoe/projects/me/CXXEg-stage6-verify/include -I/Users/wafoe/projects/me/CXXEg-stage6-verify/build-cpu-benchmark/20261006T040644002962Z-80817/production/generated -O3 -DNDEBUG -std=c++17 -arch arm64 -Wall -Wextra -Wpedantic -MD -MT CMakeFiles/bench_planner.dir/bench/bench_planner.cpp.o -MF CMakeFiles/bench_planner.dir/bench/bench_planner.cpp.o.d -o CMakeFiles/bench_planner.dir/bench/bench_planner.cpp.o -c /Users/wafoe/projects/me/CXXEg-stage6-verify/bench/bench_planner.cpp
/usr/bin/c++  -I/Users/wafoe/projects/me/CXXEg-stage6-verify/include -I/Users/wafoe/projects/me/CXXEg-stage6-verify/build-cpu-benchmark/20261006T040644002962Z-80817/production/generated -O3 -DNDEBUG -std=c++17 -arch arm64 -Wall -Wextra -Wpedantic -MD -MT CMakeFiles/bench_allocator.dir/bench/bench_allocator.cpp.o -MF CMakeFiles/bench_allocator.dir/bench/bench_allocator.cpp.o.d -o CMakeFiles/bench_allocator.dir/bench/bench_allocator.cpp.o -c /Users/wafoe/projects/me/CXXEg-stage6-verify/bench/bench_allocator.cpp
/usr/bin/c++  -I/Users/wafoe/projects/me/CXXEg-stage6-verify/include -I/Users/wafoe/projects/me/CXXEg-stage6-verify/build-cpu-benchmark/20261006T040644002962Z-80817/production/generated -O3 -DNDEBUG -std=c++17 -arch arm64 -Wall -Wextra -Wpedantic -MD -MT CMakeFiles/bench_cpu.dir/bench/bench_cpu.cpp.o -MF CMakeFiles/bench_cpu.dir/bench/bench_cpu.cpp.o.d -o CMakeFiles/bench_cpu.dir/bench/bench_cpu.cpp.o -c /Users/wafoe/projects/me/CXXEg-stage6-verify/bench/bench_cpu.cpp
[ 92%] Linking CXX executable bench_allocator
/opt/homebrew/bin/cmake -E cmake_link_script CMakeFiles/bench_allocator.dir/link.txt --verbose=1
[ 96%] Linking CXX executable bench_cpu
/opt/homebrew/bin/cmake -E cmake_link_script CMakeFiles/bench_cpu.dir/link.txt --verbose=1
/usr/bin/c++ -O3 -DNDEBUG -arch arm64 -Wl,-search_paths_first -Wl,-headerpad_max_install_names CMakeFiles/bench_allocator.dir/bench/bench_allocator.cpp.o -o bench_allocator  libruntime.a libstage0_common.a
[ 96%] Built target bench_allocator
/usr/bin/c++ -O3 -DNDEBUG -arch arm64 -Wl,-search_paths_first -Wl,-headerpad_max_install_names CMakeFiles/bench_cpu.dir/bench/bench_cpu.cpp.o -o bench_cpu  libruntime.a libstage0_common.a
[100%] Linking CXX executable bench_planner
/opt/homebrew/bin/cmake -E cmake_link_script CMakeFiles/bench_planner.dir/link.txt --verbose=1
[100%] Built target bench_cpu
/usr/bin/c++ -O3 -DNDEBUG -arch arm64 -Wl,-search_paths_first -Wl,-headerpad_max_install_names CMakeFiles/bench_planner.dir/bench/bench_planner.cpp.o -o bench_planner  libruntime.a libstage0_common.a
[100%] Built target bench_planner
/opt/homebrew/bin/cmake -E cmake_progress_start /Users/wafoe/projects/me/CXXEg-stage6-verify/build-cpu-benchmark/20261006T040644002962Z-80817/production/CMakeFiles 0

