[  0%] Building CXX object CMakeFiles/runtime.dir/src/runtime/copy.cpp.o
[  2%] Building CXX object CMakeFiles/runtime.dir/src/runtime/storage.cpp.o
[  2%] Building CXX object CMakeFiles/runtime.dir/src/runtime/tensor.cpp.o
[  3%] Building CXX object CMakeFiles/runtime.dir/src/runtime/operator.cpp.o
[  4%] Building CXX object CMakeFiles/runtime.dir/src/runtime/shape_inference.cpp.o
[  5%] Building CXX object CMakeFiles/runtime.dir/src/runtime/reference.cpp.o
[  5%] Built target refresh_provenance
[  6%] Building CXX object CMakeFiles/runtime.dir/src/runtime/layout.cpp.o
[  7%] Building CXX object CMakeFiles/runtime.dir/src/runtime/graph.cpp.o
[  7%] Building CXX object CMakeFiles/runtime.dir/src/runtime/graph_executor.cpp.o
[  8%] Building CXX object CMakeFiles/runtime.dir/src/runtime/graph_trace.cpp.o
[  9%] Building CXX object CMakeFiles/runtime.dir/src/runtime/arena.cpp.o
[ 10%] Building CXX object CMakeFiles/runtime.dir/src/runtime/allocation_provider.cpp.o
[ 11%] Building CXX object CMakeFiles/runtime.dir/src/runtime/memory_planner.cpp.o
[ 12%] Building CXX object CMakeFiles/runtime.dir/src/runtime/planned_executor.cpp.o
[ 12%] Building CXX object CMakeFiles/runtime.dir/src/runtime/cpu_backend.cpp.o
[ 13%] Building CXX object CMakeFiles/runtime.dir/src/runtime/cpu_scalar.cpp.o
[ 14%] Building CXX object CMakeFiles/runtime.dir/src/runtime/cpu_optimized.cpp.o
[ 15%] Building CXX object CMakeFiles/runtime.dir/src/runtime/thread_pool.cpp.o
[ 16%] Building CXX object CMakeFiles/runtime.dir/src/runtime/scheduler.cpp.o
[ 17%] Building CXX object CMakeFiles/runtime.dir/src/runtime/transformer_ops.cpp.o
[ 17%] Building CXX object CMakeFiles/runtime.dir/src/runtime/attention.cpp.o
[ 18%] Building CXX object CMakeFiles/stage0_common.dir/src/common.cpp.o
[ 19%] Linking CXX static library libruntime.a
[ 19%] Built target runtime
[ 20%] Linking CXX static library libstage0_common.a
[ 20%] Building CXX object CMakeFiles/test_cpu_transformer_contract.dir/tests/test_cpu_transformer_contract.cpp.o
[ 22%] Building CXX object CMakeFiles/test_scheduler.dir/tests/test_scheduler.cpp.o
[ 22%] Building CXX object CMakeFiles/model.dir/src/model/config.cpp.o
[ 22%] Built target stage0_common
[ 23%] Building CXX object CMakeFiles/test_transformer_ops.dir/tests/test_transformer_ops.cpp.o
[ 24%] Building CXX object CMakeFiles/model.dir/src/model/model_file.cpp.o
[ 25%] Linking CXX executable test_scheduler
[ 26%] Linking CXX executable test_cpu_transformer_contract
[ 27%] Linking CXX executable test_transformer_ops
[ 27%] Built target test_scheduler
[ 27%] Built target test_cpu_transformer_contract
[ 27%] Built target test_transformer_ops
[ 28%] Building CXX object CMakeFiles/test_attention_graph.dir/tests/test_attention_graph.cpp.o
[ 29%] Building CXX object CMakeFiles/test_cpu_scalar.dir/tests/test_cpu_scalar.cpp.o
[ 30%] Building CXX object CMakeFiles/test_thread_pool.dir/tests/test_thread_pool.cpp.o
[ 31%] Building CXX object CMakeFiles/model.dir/src/model/quantization.cpp.o
[ 32%] Linking CXX executable test_thread_pool
[ 33%] Linking CXX executable test_attention_graph
[ 33%] Built target test_thread_pool
[ 34%] Building CXX object CMakeFiles/test_cpu_backend_fixtures.dir/tests/test_operator_fixtures.cpp.o
[ 34%] Built target test_attention_graph
[ 34%] Building CXX object CMakeFiles/test_cpu_backend.dir/tests/test_cpu_backend.cpp.o
[ 35%] Linking CXX executable test_cpu_scalar
[ 35%] Built target test_cpu_scalar
[ 36%] Building CXX object CMakeFiles/model.dir/src/model/tokenizer.cpp.o
[ 36%] Building CXX object CMakeFiles/test_tensor.dir/tests/test_tensor.cpp.o
[ 36%] Building CXX object CMakeFiles/model.dir/src/model/kv_cache.cpp.o
[ 37%] Linking CXX executable test_cpu_backend
[ 37%] Built target test_cpu_backend
[ 38%] Linking CXX executable test_cpu_backend_fixtures
[ 39%] Building CXX object CMakeFiles/test_tensor_properties.dir/tests/test_tensor_properties.cpp.o
[ 39%] Built target test_cpu_backend_fixtures
[ 40%] Building CXX object CMakeFiles/test_operator.dir/tests/test_operator.cpp.o
[ 41%] Building CXX object CMakeFiles/model.dir/src/model/decoder.cpp.o
[ 42%] Linking CXX executable test_tensor
[ 42%] Built target test_tensor
[ 43%] Building CXX object CMakeFiles/test_shape_inference.dir/tests/test_shape_inference.cpp.o
[ 44%] Linking CXX executable test_operator
[ 44%] Built target test_operator
[ 44%] Building CXX object CMakeFiles/test_reference.dir/tests/test_reference.cpp.o
[ 45%] Linking CXX executable test_tensor_properties
[ 45%] Built target test_tensor_properties
[ 46%] Building CXX object CMakeFiles/test_transformer_contracts.dir/tests/test_transformer_contracts.cpp.o
[ 47%] Building CXX object CMakeFiles/model.dir/src/model/generation.cpp.o
[ 48%] Linking CXX executable test_shape_inference
[ 48%] Built target test_shape_inference
[ 48%] Building CXX object CMakeFiles/test_operator_fixtures.dir/tests/test_operator_fixtures.cpp.o
[ 49%] Linking CXX executable test_reference
[ 49%] Built target test_reference
[ 50%] Building CXX object CMakeFiles/test_graph.dir/tests/test_graph.cpp.o
[ 51%] Linking CXX executable test_transformer_contracts
[ 52%] Linking CXX static library libmodel.a
[ 52%] Built target test_transformer_contracts
[ 52%] Building CXX object CMakeFiles/test_graph_executor.dir/tests/test_graph_executor.cpp.o
[ 52%] Built target model
[ 53%] Building CXX object CMakeFiles/test_graph_fixtures.dir/tests/test_graph_fixtures.cpp.o
[ 54%] Linking CXX executable test_operator_fixtures
[ 54%] Built target test_operator_fixtures
[ 55%] Building CXX object CMakeFiles/test_graph_trace.dir/tests/test_graph_trace.cpp.o
[ 56%] Linking CXX executable test_graph
[ 56%] Built target test_graph
[ 56%] Building CXX object CMakeFiles/test_arena.dir/tests/test_arena.cpp.o
[ 57%] Linking CXX executable test_graph_fixtures
[ 57%] Built target test_graph_fixtures
[ 58%] Building CXX object CMakeFiles/test_allocation_provider.dir/tests/test_allocation_provider.cpp.o
[ 59%] Linking CXX executable test_graph_executor
[ 59%] Built target test_graph_executor
[ 60%] Building CXX object CMakeFiles/test_memory_planner.dir/tests/test_memory_planner.cpp.o
[ 61%] Linking CXX executable test_graph_trace
[ 61%] Built target test_graph_trace
[ 62%] Building CXX object CMakeFiles/test_planned_executor.dir/tests/test_planned_executor.cpp.o
[ 63%] Linking CXX executable test_arena
[ 63%] Built target test_arena
[ 64%] Building CXX object CMakeFiles/test_common.dir/tests/test_common.cpp.o
[ 65%] Linking CXX executable test_allocation_provider
[ 65%] Built target test_allocation_provider
[ 65%] Building CXX object CMakeFiles/bench_allocator.dir/bench/bench_allocator.cpp.o
[ 66%] Linking CXX executable test_memory_planner
[ 66%] Built target test_memory_planner
[ 67%] Building CXX object CMakeFiles/bench_planner.dir/bench/bench_planner.cpp.o
[ 69%] Linking CXX executable test_planned_executor
[ 69%] Linking CXX executable test_common
[ 69%] Built target test_planned_executor
[ 69%] Built target test_common
[ 71%] Building CXX object CMakeFiles/bench_scheduler.dir/bench/bench_scheduler.cpp.o
[ 71%] Building CXX object CMakeFiles/bench_cpu.dir/bench/bench_cpu.cpp.o
[ 72%] Linking CXX executable bench_allocator
[ 72%] Built target bench_allocator
[ 73%] Building CXX object CMakeFiles/bench_decoder.dir/bench/bench_decoder.cpp.o
[ 74%] Linking CXX executable bench_planner
[ 74%] Built target bench_planner
[ 75%] Building CXX object CMakeFiles/bench_kv_cache.dir/bench/bench_kv_cache.cpp.o
[ 76%] Linking CXX executable bench_cpu
[ 77%] Linking CXX executable bench_scheduler
[ 77%] Built target bench_cpu
[ 77%] Built target bench_scheduler
[ 77%] Building CXX object CMakeFiles/bench_inference.dir/bench/bench_inference.cpp.o
[ 77%] Building CXX object CMakeFiles/bench_quantization.dir/bench/bench_quantization.cpp.o
[ 78%] Linking CXX executable bench_decoder
[ 78%] Built target bench_decoder
[ 79%] Building CXX object CMakeFiles/convert_tiny_model.dir/tools/convert_tiny_model.cpp.o
[ 80%] Linking CXX executable bench_quantization
[ 81%] Linking CXX executable bench_kv_cache
[ 81%] Built target bench_quantization
[ 81%] Built target bench_kv_cache
[ 81%] Building CXX object CMakeFiles/llm_cli.dir/app/llm_cli.cpp.o
[ 82%] Building CXX object CMakeFiles/test_generation.dir/tests/test_generation.cpp.o
[ 83%] Linking CXX executable bench_inference
[ 83%] Built target bench_inference
[ 84%] Building CXX object CMakeFiles/test_quantization.dir/tests/test_quantization.cpp.o
[ 85%] Linking CXX executable convert_tiny_model
[ 85%] Built target convert_tiny_model
[ 85%] Building CXX object CMakeFiles/test_model_file.dir/tests/test_model_file.cpp.o
[ 86%] Linking CXX executable llm_cli
[ 87%] Linking CXX executable test_generation
[ 87%] Built target llm_cli
[ 87%] Built target test_generation
[ 88%] Building CXX object CMakeFiles/test_model_loader.dir/tests/test_model_loader.cpp.o
[ 88%] Building CXX object CMakeFiles/test_tokenizer.dir/tests/test_tokenizer.cpp.o
[ 89%] Linking CXX executable test_quantization
[ 89%] Built target test_quantization
[ 89%] Building CXX object CMakeFiles/test_kv_cache.dir/tests/test_kv_cache.cpp.o
[ 90%] Linking CXX executable test_tokenizer
[ 91%] Linking CXX executable test_model_file
[ 91%] Built target test_tokenizer
[ 92%] Built target test_model_file
[ 92%] Building CXX object CMakeFiles/test_kv_decoder.dir/tests/test_kv_decoder.cpp.o
[ 92%] Building CXX object CMakeFiles/test_decoder_config.dir/tests/test_decoder_config.cpp.o
[ 93%] Linking CXX executable test_kv_cache
[ 93%] Built target test_kv_cache
[ 94%] Building CXX object CMakeFiles/test_decoder_block.dir/tests/test_decoder_block.cpp.o
[ 95%] Linking CXX executable test_model_loader
[ 95%] Built target test_model_loader
[ 96%] Building CXX object CMakeFiles/test_decoder.dir/tests/test_decoder.cpp.o
[ 97%] Linking CXX executable test_decoder_config
[ 97%] Built target test_decoder_config
[ 98%] Linking CXX executable test_kv_decoder
[ 98%] Built target test_kv_decoder
[ 99%] Linking CXX executable test_decoder_block
[ 99%] Built target test_decoder_block
[100%] Linking CXX executable test_decoder
[100%] Built target test_decoder
