Change Dir: '/Users/wafoe/projects/me/CXXEg-stage5-verify/build-stage5-validation/20261006T023831574039Z-59428/production'

Run Build Command(s): /opt/homebrew/bin/cmake -E env VERBOSE=1 /usr/bin/make -f Makefile -j4
/opt/homebrew/bin/cmake -S/Users/wafoe/projects/me/CXXEg-stage5-verify -B/Users/wafoe/projects/me/CXXEg-stage5-verify/build-stage5-validation/20261006T023831574039Z-59428/production --check-build-system CMakeFiles/Makefile.cmake 0
/opt/homebrew/bin/cmake -E cmake_progress_start /Users/wafoe/projects/me/CXXEg-stage5-verify/build-stage5-validation/20261006T023831574039Z-59428/production/CMakeFiles /Users/wafoe/projects/me/CXXEg-stage5-verify/build-stage5-validation/20261006T023831574039Z-59428/production//CMakeFiles/progress.marks
/Library/Developer/CommandLineTools/usr/bin/make  -f CMakeFiles/Makefile2 all
/Library/Developer/CommandLineTools/usr/bin/make  -f CMakeFiles/refresh_provenance.dir/build.make CMakeFiles/refresh_provenance.dir/depend
/Library/Developer/CommandLineTools/usr/bin/make  -f CMakeFiles/runtime.dir/build.make CMakeFiles/runtime.dir/depend
cd /Users/wafoe/projects/me/CXXEg-stage5-verify/build-stage5-validation/20261006T023831574039Z-59428/production && /opt/homebrew/bin/cmake -E cmake_depends "Unix Makefiles" /Users/wafoe/projects/me/CXXEg-stage5-verify /Users/wafoe/projects/me/CXXEg-stage5-verify /Users/wafoe/projects/me/CXXEg-stage5-verify/build-stage5-validation/20261006T023831574039Z-59428/production /Users/wafoe/projects/me/CXXEg-stage5-verify/build-stage5-validation/20261006T023831574039Z-59428/production /Users/wafoe/projects/me/CXXEg-stage5-verify/build-stage5-validation/20261006T023831574039Z-59428/production/CMakeFiles/refresh_provenance.dir/DependInfo.cmake "--color=" refresh_provenance
cd /Users/wafoe/projects/me/CXXEg-stage5-verify/build-stage5-validation/20261006T023831574039Z-59428/production && /opt/homebrew/bin/cmake -E cmake_depends "Unix Makefiles" /Users/wafoe/projects/me/CXXEg-stage5-verify /Users/wafoe/projects/me/CXXEg-stage5-verify /Users/wafoe/projects/me/CXXEg-stage5-verify/build-stage5-validation/20261006T023831574039Z-59428/production /Users/wafoe/projects/me/CXXEg-stage5-verify/build-stage5-validation/20261006T023831574039Z-59428/production /Users/wafoe/projects/me/CXXEg-stage5-verify/build-stage5-validation/20261006T023831574039Z-59428/production/CMakeFiles/runtime.dir/DependInfo.cmake "--color=" runtime
/Library/Developer/CommandLineTools/usr/bin/make  -f CMakeFiles/refresh_provenance.dir/build.make CMakeFiles/refresh_provenance.dir/build
/Library/Developer/CommandLineTools/usr/bin/make  -f CMakeFiles/runtime.dir/build.make CMakeFiles/runtime.dir/build
/Users/wafoe/miniforge3/bin/python3.14 /Users/wafoe/projects/me/CXXEg-stage5-verify/tools/provenance.py --root /Users/wafoe/projects/me/CXXEg-stage5-verify --header /Users/wafoe/projects/me/CXXEg-stage5-verify/build-stage5-validation/20261006T023831574039Z-59428/production/generated/stage0/provenance.hpp
[ 14%] Building CXX object CMakeFiles/runtime.dir/src/runtime/storage.cpp.o
[ 14%] Building CXX object CMakeFiles/runtime.dir/src/runtime/tensor.cpp.o
[ 14%] Building CXX object CMakeFiles/runtime.dir/src/runtime/copy.cpp.o
/usr/bin/c++  -I/Users/wafoe/projects/me/CXXEg-stage5-verify/include -O3 -DNDEBUG -std=c++17 -arch arm64 -Wall -Wextra -Wpedantic -MD -MT CMakeFiles/runtime.dir/src/runtime/storage.cpp.o -MF CMakeFiles/runtime.dir/src/runtime/storage.cpp.o.d -o CMakeFiles/runtime.dir/src/runtime/storage.cpp.o -c /Users/wafoe/projects/me/CXXEg-stage5-verify/src/runtime/storage.cpp
/usr/bin/c++  -I/Users/wafoe/projects/me/CXXEg-stage5-verify/include -O3 -DNDEBUG -std=c++17 -arch arm64 -Wall -Wextra -Wpedantic -MD -MT CMakeFiles/runtime.dir/src/runtime/copy.cpp.o -MF CMakeFiles/runtime.dir/src/runtime/copy.cpp.o.d -o CMakeFiles/runtime.dir/src/runtime/copy.cpp.o -c /Users/wafoe/projects/me/CXXEg-stage5-verify/src/runtime/copy.cpp
/usr/bin/c++  -I/Users/wafoe/projects/me/CXXEg-stage5-verify/include -O3 -DNDEBUG -std=c++17 -arch arm64 -Wall -Wextra -Wpedantic -MD -MT CMakeFiles/runtime.dir/src/runtime/tensor.cpp.o -MF CMakeFiles/runtime.dir/src/runtime/tensor.cpp.o.d -o CMakeFiles/runtime.dir/src/runtime/tensor.cpp.o -c /Users/wafoe/projects/me/CXXEg-stage5-verify/src/runtime/tensor.cpp
[ 14%] Built target refresh_provenance
[ 19%] Building CXX object CMakeFiles/runtime.dir/src/runtime/operator.cpp.o
/usr/bin/c++  -I/Users/wafoe/projects/me/CXXEg-stage5-verify/include -O3 -DNDEBUG -std=c++17 -arch arm64 -Wall -Wextra -Wpedantic -MD -MT CMakeFiles/runtime.dir/src/runtime/operator.cpp.o -MF CMakeFiles/runtime.dir/src/runtime/operator.cpp.o.d -o CMakeFiles/runtime.dir/src/runtime/operator.cpp.o -c /Users/wafoe/projects/me/CXXEg-stage5-verify/src/runtime/operator.cpp
[ 23%] Building CXX object CMakeFiles/runtime.dir/src/runtime/shape_inference.cpp.o
/usr/bin/c++  -I/Users/wafoe/projects/me/CXXEg-stage5-verify/include -O3 -DNDEBUG -std=c++17 -arch arm64 -Wall -Wextra -Wpedantic -MD -MT CMakeFiles/runtime.dir/src/runtime/shape_inference.cpp.o -MF CMakeFiles/runtime.dir/src/runtime/shape_inference.cpp.o.d -o CMakeFiles/runtime.dir/src/runtime/shape_inference.cpp.o -c /Users/wafoe/projects/me/CXXEg-stage5-verify/src/runtime/shape_inference.cpp
/Library/Developer/CommandLineTools/usr/bin/make  -f CMakeFiles/stage0_common.dir/build.make CMakeFiles/stage0_common.dir/depend
cd /Users/wafoe/projects/me/CXXEg-stage5-verify/build-stage5-validation/20261006T023831574039Z-59428/production && /opt/homebrew/bin/cmake -E cmake_depends "Unix Makefiles" /Users/wafoe/projects/me/CXXEg-stage5-verify /Users/wafoe/projects/me/CXXEg-stage5-verify /Users/wafoe/projects/me/CXXEg-stage5-verify/build-stage5-validation/20261006T023831574039Z-59428/production /Users/wafoe/projects/me/CXXEg-stage5-verify/build-stage5-validation/20261006T023831574039Z-59428/production /Users/wafoe/projects/me/CXXEg-stage5-verify/build-stage5-validation/20261006T023831574039Z-59428/production/CMakeFiles/stage0_common.dir/DependInfo.cmake "--color=" stage0_common
/Library/Developer/CommandLineTools/usr/bin/make  -f CMakeFiles/stage0_common.dir/build.make CMakeFiles/stage0_common.dir/build
[ 33%] Building CXX object CMakeFiles/stage0_common.dir/src/common.cpp.o
[ 33%] Building CXX object CMakeFiles/runtime.dir/src/runtime/reference.cpp.o
/usr/bin/c++  -I/Users/wafoe/projects/me/CXXEg-stage5-verify/include -I/Users/wafoe/projects/me/CXXEg-stage5-verify/build-stage5-validation/20261006T023831574039Z-59428/production/generated -O3 -DNDEBUG -std=c++17 -arch arm64 -Wall -Wextra -Wpedantic -MD -MT CMakeFiles/stage0_common.dir/src/common.cpp.o -MF CMakeFiles/stage0_common.dir/src/common.cpp.o.d -o CMakeFiles/stage0_common.dir/src/common.cpp.o -c /Users/wafoe/projects/me/CXXEg-stage5-verify/src/common.cpp
/usr/bin/c++  -I/Users/wafoe/projects/me/CXXEg-stage5-verify/include -O3 -DNDEBUG -std=c++17 -arch arm64 -Wall -Wextra -Wpedantic -MD -MT CMakeFiles/runtime.dir/src/runtime/reference.cpp.o -MF CMakeFiles/runtime.dir/src/runtime/reference.cpp.o.d -o CMakeFiles/runtime.dir/src/runtime/reference.cpp.o -c /Users/wafoe/projects/me/CXXEg-stage5-verify/src/runtime/reference.cpp
[ 38%] Building CXX object CMakeFiles/runtime.dir/src/runtime/layout.cpp.o
/usr/bin/c++  -I/Users/wafoe/projects/me/CXXEg-stage5-verify/include -O3 -DNDEBUG -std=c++17 -arch arm64 -Wall -Wextra -Wpedantic -MD -MT CMakeFiles/runtime.dir/src/runtime/layout.cpp.o -MF CMakeFiles/runtime.dir/src/runtime/layout.cpp.o.d -o CMakeFiles/runtime.dir/src/runtime/layout.cpp.o -c /Users/wafoe/projects/me/CXXEg-stage5-verify/src/runtime/layout.cpp
[ 42%] Building CXX object CMakeFiles/runtime.dir/src/runtime/graph.cpp.o
/usr/bin/c++  -I/Users/wafoe/projects/me/CXXEg-stage5-verify/include -O3 -DNDEBUG -std=c++17 -arch arm64 -Wall -Wextra -Wpedantic -MD -MT CMakeFiles/runtime.dir/src/runtime/graph.cpp.o -MF CMakeFiles/runtime.dir/src/runtime/graph.cpp.o.d -o CMakeFiles/runtime.dir/src/runtime/graph.cpp.o -c /Users/wafoe/projects/me/CXXEg-stage5-verify/src/runtime/graph.cpp
[ 47%] Building CXX object CMakeFiles/runtime.dir/src/runtime/graph_executor.cpp.o
/usr/bin/c++  -I/Users/wafoe/projects/me/CXXEg-stage5-verify/include -O3 -DNDEBUG -std=c++17 -arch arm64 -Wall -Wextra -Wpedantic -MD -MT CMakeFiles/runtime.dir/src/runtime/graph_executor.cpp.o -MF CMakeFiles/runtime.dir/src/runtime/graph_executor.cpp.o.d -o CMakeFiles/runtime.dir/src/runtime/graph_executor.cpp.o -c /Users/wafoe/projects/me/CXXEg-stage5-verify/src/runtime/graph_executor.cpp
[ 52%] Linking CXX static library libstage0_common.a
/opt/homebrew/bin/cmake -P CMakeFiles/stage0_common.dir/cmake_clean_target.cmake
/opt/homebrew/bin/cmake -E cmake_link_script CMakeFiles/stage0_common.dir/link.txt --verbose=1
/usr/bin/ar qc libstage0_common.a CMakeFiles/stage0_common.dir/src/common.cpp.o
/usr/bin/ranlib libstage0_common.a
[ 52%] Built target stage0_common
[ 57%] Building CXX object CMakeFiles/runtime.dir/src/runtime/graph_trace.cpp.o
/usr/bin/c++  -I/Users/wafoe/projects/me/CXXEg-stage5-verify/include -O3 -DNDEBUG -std=c++17 -arch arm64 -Wall -Wextra -Wpedantic -MD -MT CMakeFiles/runtime.dir/src/runtime/graph_trace.cpp.o -MF CMakeFiles/runtime.dir/src/runtime/graph_trace.cpp.o.d -o CMakeFiles/runtime.dir/src/runtime/graph_trace.cpp.o -c /Users/wafoe/projects/me/CXXEg-stage5-verify/src/runtime/graph_trace.cpp
[ 61%] Building CXX object CMakeFiles/runtime.dir/src/runtime/arena.cpp.o
/usr/bin/c++  -I/Users/wafoe/projects/me/CXXEg-stage5-verify/include -O3 -DNDEBUG -std=c++17 -arch arm64 -Wall -Wextra -Wpedantic -MD -MT CMakeFiles/runtime.dir/src/runtime/arena.cpp.o -MF CMakeFiles/runtime.dir/src/runtime/arena.cpp.o.d -o CMakeFiles/runtime.dir/src/runtime/arena.cpp.o -c /Users/wafoe/projects/me/CXXEg-stage5-verify/src/runtime/arena.cpp
[ 66%] Building CXX object CMakeFiles/runtime.dir/src/runtime/allocation_provider.cpp.o
/usr/bin/c++  -I/Users/wafoe/projects/me/CXXEg-stage5-verify/include -O3 -DNDEBUG -std=c++17 -arch arm64 -Wall -Wextra -Wpedantic -MD -MT CMakeFiles/runtime.dir/src/runtime/allocation_provider.cpp.o -MF CMakeFiles/runtime.dir/src/runtime/allocation_provider.cpp.o.d -o CMakeFiles/runtime.dir/src/runtime/allocation_provider.cpp.o -c /Users/wafoe/projects/me/CXXEg-stage5-verify/src/runtime/allocation_provider.cpp
[ 71%] Building CXX object CMakeFiles/runtime.dir/src/runtime/memory_planner.cpp.o
/usr/bin/c++  -I/Users/wafoe/projects/me/CXXEg-stage5-verify/include -O3 -DNDEBUG -std=c++17 -arch arm64 -Wall -Wextra -Wpedantic -MD -MT CMakeFiles/runtime.dir/src/runtime/memory_planner.cpp.o -MF CMakeFiles/runtime.dir/src/runtime/memory_planner.cpp.o.d -o CMakeFiles/runtime.dir/src/runtime/memory_planner.cpp.o -c /Users/wafoe/projects/me/CXXEg-stage5-verify/src/runtime/memory_planner.cpp
[ 76%] Building CXX object CMakeFiles/runtime.dir/src/runtime/planned_executor.cpp.o
/usr/bin/c++  -I/Users/wafoe/projects/me/CXXEg-stage5-verify/include -O3 -DNDEBUG -std=c++17 -arch arm64 -Wall -Wextra -Wpedantic -MD -MT CMakeFiles/runtime.dir/src/runtime/planned_executor.cpp.o -MF CMakeFiles/runtime.dir/src/runtime/planned_executor.cpp.o.d -o CMakeFiles/runtime.dir/src/runtime/planned_executor.cpp.o -c /Users/wafoe/projects/me/CXXEg-stage5-verify/src/runtime/planned_executor.cpp
[ 80%] Linking CXX static library libruntime.a
/opt/homebrew/bin/cmake -P CMakeFiles/runtime.dir/cmake_clean_target.cmake
/opt/homebrew/bin/cmake -E cmake_link_script CMakeFiles/runtime.dir/link.txt --verbose=1
/usr/bin/ar qc libruntime.a CMakeFiles/runtime.dir/src/runtime/storage.cpp.o CMakeFiles/runtime.dir/src/runtime/tensor.cpp.o CMakeFiles/runtime.dir/src/runtime/copy.cpp.o CMakeFiles/runtime.dir/src/runtime/operator.cpp.o CMakeFiles/runtime.dir/src/runtime/shape_inference.cpp.o CMakeFiles/runtime.dir/src/runtime/reference.cpp.o CMakeFiles/runtime.dir/src/runtime/layout.cpp.o CMakeFiles/runtime.dir/src/runtime/graph.cpp.o CMakeFiles/runtime.dir/src/runtime/graph_executor.cpp.o CMakeFiles/runtime.dir/src/runtime/graph_trace.cpp.o CMakeFiles/runtime.dir/src/runtime/arena.cpp.o CMakeFiles/runtime.dir/src/runtime/allocation_provider.cpp.o CMakeFiles/runtime.dir/src/runtime/memory_planner.cpp.o CMakeFiles/runtime.dir/src/runtime/planned_executor.cpp.o
/usr/bin/ranlib libruntime.a
[ 80%] Built target runtime
/Library/Developer/CommandLineTools/usr/bin/make  -f CMakeFiles/bench_allocator.dir/build.make CMakeFiles/bench_allocator.dir/depend
/Library/Developer/CommandLineTools/usr/bin/make  -f CMakeFiles/bench_planner.dir/build.make CMakeFiles/bench_planner.dir/depend
cd /Users/wafoe/projects/me/CXXEg-stage5-verify/build-stage5-validation/20261006T023831574039Z-59428/production && /opt/homebrew/bin/cmake -E cmake_depends "Unix Makefiles" /Users/wafoe/projects/me/CXXEg-stage5-verify /Users/wafoe/projects/me/CXXEg-stage5-verify /Users/wafoe/projects/me/CXXEg-stage5-verify/build-stage5-validation/20261006T023831574039Z-59428/production /Users/wafoe/projects/me/CXXEg-stage5-verify/build-stage5-validation/20261006T023831574039Z-59428/production /Users/wafoe/projects/me/CXXEg-stage5-verify/build-stage5-validation/20261006T023831574039Z-59428/production/CMakeFiles/bench_planner.dir/DependInfo.cmake "--color=" bench_planner
cd /Users/wafoe/projects/me/CXXEg-stage5-verify/build-stage5-validation/20261006T023831574039Z-59428/production && /opt/homebrew/bin/cmake -E cmake_depends "Unix Makefiles" /Users/wafoe/projects/me/CXXEg-stage5-verify /Users/wafoe/projects/me/CXXEg-stage5-verify /Users/wafoe/projects/me/CXXEg-stage5-verify/build-stage5-validation/20261006T023831574039Z-59428/production /Users/wafoe/projects/me/CXXEg-stage5-verify/build-stage5-validation/20261006T023831574039Z-59428/production /Users/wafoe/projects/me/CXXEg-stage5-verify/build-stage5-validation/20261006T023831574039Z-59428/production/CMakeFiles/bench_allocator.dir/DependInfo.cmake "--color=" bench_allocator
/Library/Developer/CommandLineTools/usr/bin/make  -f CMakeFiles/bench_allocator.dir/build.make CMakeFiles/bench_allocator.dir/build
/Library/Developer/CommandLineTools/usr/bin/make  -f CMakeFiles/bench_planner.dir/build.make CMakeFiles/bench_planner.dir/build
[ 90%] Building CXX object CMakeFiles/bench_allocator.dir/bench/bench_allocator.cpp.o
[ 90%] Building CXX object CMakeFiles/bench_planner.dir/bench/bench_planner.cpp.o
/usr/bin/c++  -I/Users/wafoe/projects/me/CXXEg-stage5-verify/include -I/Users/wafoe/projects/me/CXXEg-stage5-verify/build-stage5-validation/20261006T023831574039Z-59428/production/generated -O3 -DNDEBUG -std=c++17 -arch arm64 -Wall -Wextra -Wpedantic -MD -MT CMakeFiles/bench_allocator.dir/bench/bench_allocator.cpp.o -MF CMakeFiles/bench_allocator.dir/bench/bench_allocator.cpp.o.d -o CMakeFiles/bench_allocator.dir/bench/bench_allocator.cpp.o -c /Users/wafoe/projects/me/CXXEg-stage5-verify/bench/bench_allocator.cpp
/usr/bin/c++  -I/Users/wafoe/projects/me/CXXEg-stage5-verify/include -I/Users/wafoe/projects/me/CXXEg-stage5-verify/build-stage5-validation/20261006T023831574039Z-59428/production/generated -O3 -DNDEBUG -std=c++17 -arch arm64 -Wall -Wextra -Wpedantic -MD -MT CMakeFiles/bench_planner.dir/bench/bench_planner.cpp.o -MF CMakeFiles/bench_planner.dir/bench/bench_planner.cpp.o.d -o CMakeFiles/bench_planner.dir/bench/bench_planner.cpp.o -c /Users/wafoe/projects/me/CXXEg-stage5-verify/bench/bench_planner.cpp
[ 95%] Linking CXX executable bench_allocator
/opt/homebrew/bin/cmake -E cmake_link_script CMakeFiles/bench_allocator.dir/link.txt --verbose=1
/usr/bin/c++ -O3 -DNDEBUG -arch arm64 -Wl,-search_paths_first -Wl,-headerpad_max_install_names CMakeFiles/bench_allocator.dir/bench/bench_allocator.cpp.o -o bench_allocator  libruntime.a libstage0_common.a
[ 95%] Built target bench_allocator
[100%] Linking CXX executable bench_planner
/opt/homebrew/bin/cmake -E cmake_link_script CMakeFiles/bench_planner.dir/link.txt --verbose=1
/usr/bin/c++ -O3 -DNDEBUG -arch arm64 -Wl,-search_paths_first -Wl,-headerpad_max_install_names CMakeFiles/bench_planner.dir/bench/bench_planner.cpp.o -o bench_planner  libruntime.a libstage0_common.a
[100%] Built target bench_planner
/opt/homebrew/bin/cmake -E cmake_progress_start /Users/wafoe/projects/me/CXXEg-stage5-verify/build-stage5-validation/20261006T023831574039Z-59428/production/CMakeFiles 0

