[  1%] Building CXX object CMakeFiles/runtime.dir/src/runtime/storage.cpp.o
[  1%] Built target refresh_provenance
[  3%] Building CXX object CMakeFiles/runtime.dir/src/runtime/tensor.cpp.o
[  4%] Building CXX object CMakeFiles/stage0_common.dir/src/common.cpp.o
[  6%] Building CXX object CMakeFiles/runtime.dir/src/runtime/copy.cpp.o
[  7%] Building CXX object CMakeFiles/runtime.dir/src/runtime/operator.cpp.o
[  9%] Linking CXX static library libstage0_common.a
[  9%] Built target stage0_common
[ 11%] Building CXX object CMakeFiles/runtime.dir/src/runtime/shape_inference.cpp.o
[ 12%] Building CUDA object CMakeFiles/stage0_cuda.dir/backend/cuda/sgemm_v0_naive.cu.o
[ 14%] Building CXX object CMakeFiles/runtime.dir/src/runtime/reference.cpp.o
[ 15%] Building CXX object CMakeFiles/runtime.dir/src/runtime/layout.cpp.o
[ 17%] Building CXX object CMakeFiles/runtime.dir/src/runtime/graph.cpp.o
[ 19%] Building CUDA object CMakeFiles/stage0_cuda.dir/backend/cuda/sgemm_v1_tiled.cu.o
[ 20%] Building CXX object CMakeFiles/runtime.dir/src/runtime/graph_executor.cpp.o
[ 22%] Building CUDA object CMakeFiles/stage0_cuda.dir/backend/cuda/sgemm_registry.cu.o
[ 23%] Building CXX object CMakeFiles/runtime.dir/src/runtime/graph_trace.cpp.o
[ 25%] Building CXX object CMakeFiles/runtime.dir/src/runtime/arena.cpp.o
[ 26%] Building CXX object CMakeFiles/runtime.dir/src/runtime/allocation_provider.cpp.o
[ 28%] Building CXX object CMakeFiles/runtime.dir/src/runtime/memory_planner.cpp.o
[ 30%] Building CUDA object CMakeFiles/stage0_cuda.dir/backend/cuda/cublas_gemm.cu.o
[ 31%] Building CXX object CMakeFiles/runtime.dir/src/runtime/planned_executor.cpp.o
[ 33%] Building CXX object CMakeFiles/runtime.dir/src/runtime/cpu_backend.cpp.o
[ 34%] Building CXX object CMakeFiles/runtime.dir/src/runtime/cpu_scalar.cpp.o
[ 36%] Linking CXX static library libstage0_cuda.a
[ 36%] Built target stage0_cuda
[ 38%] Building CXX object CMakeFiles/runtime.dir/src/runtime/cpu_optimized.cpp.o
[ 39%] Building CXX object CMakeFiles/gpu_info.dir/bench/gpu_info.cpp.o
[ 41%] Building CXX object CMakeFiles/runtime.dir/src/runtime/thread_pool.cpp.o
[ 42%] Linking CXX executable gpu_info
[ 42%] Built target gpu_info
[ 44%] Building CXX object CMakeFiles/runtime.dir/src/runtime/scheduler.cpp.o
[ 46%] Building CXX object CMakeFiles/bench_gemm.dir/bench/bench_gemm.cpp.o
[ 47%] Building CXX object CMakeFiles/runtime.dir/src/runtime/transformer_ops.cpp.o
[ 49%] Linking CXX executable bench_gemm
[ 49%] Built target bench_gemm
[ 50%] Building CXX object CMakeFiles/runtime.dir/src/runtime/attention.cpp.o
[ 52%] Linking CXX static library libruntime.a
[ 52%] Built target runtime
[ 55%] Building CUDA object CMakeFiles/runtime_cuda.dir/backend/cuda/cuda_backend.cu.o
[ 55%] Building CXX object CMakeFiles/bench_allocator.dir/bench/bench_allocator.cpp.o
[ 57%] Linking CXX executable bench_allocator
[ 57%] Built target bench_allocator
[ 58%] Building CXX object CMakeFiles/bench_planner.dir/bench/bench_planner.cpp.o
[ 60%] Linking CXX executable bench_planner
[ 60%] Built target bench_planner
[ 61%] Building CXX object CMakeFiles/bench_cpu.dir/bench/bench_cpu.cpp.o
[ 63%] Linking CXX static library libruntime_cuda.a
[ 63%] Built target runtime_cuda
[ 65%] Building CXX object CMakeFiles/model.dir/src/model/config.cpp.o
[ 66%] Building CXX object CMakeFiles/model.dir/src/model/model_file.cpp.o
[ 68%] Linking CXX executable bench_cpu
[ 68%] Built target bench_cpu
[ 69%] Building CXX object CMakeFiles/model.dir/src/model/quantization.cpp.o
[ 71%] Building CXX object CMakeFiles/bench_scheduler.dir/bench/bench_scheduler.cpp.o
[ 73%] Building CXX object CMakeFiles/model.dir/src/model/tokenizer.cpp.o
[ 74%] Building CXX object CMakeFiles/model.dir/src/model/kv_cache.cpp.o
[ 76%] Building CXX object CMakeFiles/model.dir/src/model/decoder.cpp.o
[ 77%] Linking CXX executable bench_scheduler
[ 77%] Built target bench_scheduler
[ 79%] Building CXX object CMakeFiles/model.dir/src/model/generation.cpp.o
[ 80%] Linking CXX static library libmodel.a
[ 80%] Built target model
[ 84%] Building CXX object CMakeFiles/bench_kv_cache.dir/bench/bench_kv_cache.cpp.o
[ 84%] Building CXX object CMakeFiles/bench_decoder.dir/bench/bench_decoder.cpp.o
[ 85%] Linking CXX executable bench_decoder
[ 85%] Built target bench_decoder
[ 87%] Building CXX object CMakeFiles/bench_inference.dir/bench/bench_inference.cpp.o
[ 88%] Linking CXX executable bench_kv_cache
[ 88%] Built target bench_kv_cache
[ 90%] Building CXX object CMakeFiles/bench_quantization.dir/bench/bench_quantization.cpp.o
[ 92%] Linking CXX executable bench_inference
[ 93%] Linking CXX executable bench_quantization
[ 93%] Built target bench_inference
[ 95%] Building CXX object CMakeFiles/convert_tiny_model.dir/tools/convert_tiny_model.cpp.o
[ 95%] Built target bench_quantization
[ 96%] Building CXX object CMakeFiles/llm_cli.dir/app/llm_cli.cpp.o
[ 98%] Linking CXX executable convert_tiny_model
[100%] Linking CXX executable llm_cli
[100%] Built target convert_tiny_model
[100%] Built target llm_cli
