[ 16%] Built target runtime
[ 21%] Built target model
[ 22%] Built target test_scheduler
[ 23%] Built target test_cpu_transformer_contract
[ 25%] Built target test_transformer_ops
[ 26%] Built target test_attention_graph
[ 27%] Built target test_cpu_scalar
[ 27%] Built target refresh_provenance
[ 28%] Built target test_thread_pool
[ 30%] Built target test_cpu_backend_fixtures
[ 31%] Built target test_cpu_backend
[ 32%] Built target test_tensor
[ 34%] Built target test_tensor_properties
[ 36%] Built target test_operator
[ 38%] Built target test_shape_inference
[ 40%] Built target test_reference
[ 41%] Built target test_transformer_contracts
[ 42%] Built target test_operator_fixtures
[ 44%] Built target test_graph
[ 45%] Built target test_graph_executor
[ 47%] Built target test_graph_fixtures
[ 48%] Built target test_graph_trace
[ 50%] Built target test_arena
[ 51%] Built target test_allocation_provider
[ 52%] Built target test_memory_planner
[ 54%] Built target test_planned_executor
[ 55%] Built target stage0_common
[ 56%] Built target convert_tiny_model
[ 57%] Built target test_quantization
[ 59%] Built target test_model_file
[ 60%] Built target test_model_loader
[ 62%] Built target test_tokenizer
[ 64%] Built target test_kv_cache
[ 65%] Built target test_decoder_config
[ 66%] Built target test_kv_decoder
[ 68%] Built target test_decoder_block
[ 69%] Built target test_decoder
[ 71%] Built target test_common
[ 72%] Built target bench_allocator
[ 73%] Built target bench_planner
[ 74%] Built target bench_cpu
[ 78%] Built target stage0_cuda
[ 80%] Built target gpu_info
[ 82%] Built target runtime_cuda
[ 85%] Built target test_cuda_gemm
[ 85%] Built target bench_gemm
[ 89%] Built target test_cuda_transformer_ops
[ 89%] Built target test_cuda_backend
[ 91%] Built target test_cuda_scheduler
[ 91%] Built target test_cuda_decoder
[ 92%] Built target test_cuda_kv_decoder
[ 94%] Built target test_cuda_quantized_decoder
[ 96%] Built target bench_scheduler
[ 98%] Built target bench_decoder
[100%] Built target bench_kv_cache
