[  1%] Building CXX object CMakeFiles/runtime.dir/src/runtime/storage.cpp.o
[  1%] Built target refresh_provenance
[  2%] Building CXX object CMakeFiles/runtime.dir/src/runtime/tensor.cpp.o
[  4%] Building CXX object CMakeFiles/stage0_common.dir/src/common.cpp.o
[  5%] Building CXX object CMakeFiles/runtime.dir/src/runtime/copy.cpp.o
[  6%] Linking CXX static library libstage0_common.a
[  8%] Building CXX object CMakeFiles/runtime.dir/src/runtime/operator.cpp.o
[  8%] Built target stage0_common
[  9%] Building CXX object CMakeFiles/runtime.dir/src/runtime/shape_inference.cpp.o
[ 11%] Building CXX object CMakeFiles/runtime.dir/src/runtime/reference.cpp.o
[ 12%] Building CXX object CMakeFiles/runtime.dir/src/runtime/layout.cpp.o
[ 13%] Building CXX object CMakeFiles/runtime.dir/src/runtime/graph.cpp.o
[ 15%] Building CXX object CMakeFiles/runtime.dir/src/runtime/graph_executor.cpp.o
[ 16%] Building CXX object CMakeFiles/test_common.dir/tests/test_common.cpp.o
[ 18%] Building CXX object CMakeFiles/runtime.dir/src/runtime/graph_trace.cpp.o
[ 19%] Building CXX object CMakeFiles/runtime.dir/src/runtime/arena.cpp.o
[ 20%] Linking CXX executable test_common
[ 20%] Built target test_common
[ 22%] Building CXX object CMakeFiles/runtime.dir/src/runtime/allocation_provider.cpp.o
[ 23%] Building CXX object CMakeFiles/runtime.dir/src/runtime/memory_planner.cpp.o
[ 25%] Building CXX object CMakeFiles/runtime.dir/src/runtime/planned_executor.cpp.o
[ 26%] Building CXX object CMakeFiles/runtime.dir/src/runtime/cpu_backend.cpp.o
[ 27%] Building CXX object CMakeFiles/runtime.dir/src/runtime/cpu_scalar.cpp.o
[ 29%] Building CXX object CMakeFiles/runtime.dir/src/runtime/cpu_optimized.cpp.o
[ 30%] Building CXX object CMakeFiles/runtime.dir/src/runtime/thread_pool.cpp.o
[ 31%] Building CXX object CMakeFiles/runtime.dir/src/runtime/scheduler.cpp.o
[ 33%] Linking CXX static library libruntime.a
[ 33%] Built target runtime
[ 36%] Building CXX object CMakeFiles/bench_planner.dir/bench/bench_planner.cpp.o
[ 36%] Building CXX object CMakeFiles/bench_allocator.dir/bench/bench_allocator.cpp.o
[ 37%] Linking CXX executable bench_allocator
[ 37%] Built target bench_allocator
[ 38%] Linking CXX executable bench_planner
[ 40%] Building CXX object CMakeFiles/bench_cpu.dir/bench/bench_cpu.cpp.o
[ 40%] Built target bench_planner
[ 41%] Building CXX object CMakeFiles/test_scheduler.dir/tests/test_scheduler.cpp.o
[ 43%] Linking CXX executable bench_cpu
[ 44%] Linking CXX executable test_scheduler
[ 44%] Built target bench_cpu
[ 45%] Building CXX object CMakeFiles/test_cpu_transformer_contract.dir/tests/test_cpu_transformer_contract.cpp.o
[ 45%] Built target test_scheduler
[ 47%] Building CXX object CMakeFiles/test_cpu_scalar.dir/tests/test_cpu_scalar.cpp.o
[ 48%] Linking CXX executable test_cpu_scalar
[ 48%] Built target test_cpu_scalar
[ 50%] Linking CXX executable test_cpu_transformer_contract
[ 51%] Building CXX object CMakeFiles/test_thread_pool.dir/tests/test_thread_pool.cpp.o
[ 51%] Built target test_cpu_transformer_contract
[ 52%] Building CXX object CMakeFiles/test_cpu_backend_fixtures.dir/tests/test_operator_fixtures.cpp.o
[ 54%] Linking CXX executable test_thread_pool
[ 54%] Built target test_thread_pool
[ 55%] Building CXX object CMakeFiles/test_cpu_backend.dir/tests/test_cpu_backend.cpp.o
[ 56%] Linking CXX executable test_cpu_backend_fixtures
[ 56%] Built target test_cpu_backend_fixtures
[ 58%] Building CXX object CMakeFiles/test_tensor.dir/tests/test_tensor.cpp.o
[ 59%] Linking CXX executable test_cpu_backend
[ 61%] Linking CXX executable test_tensor
[ 61%] Built target test_cpu_backend
[ 62%] Building CXX object CMakeFiles/test_tensor_properties.dir/tests/test_tensor_properties.cpp.o
[ 62%] Built target test_tensor
[ 63%] Building CXX object CMakeFiles/test_operator.dir/tests/test_operator.cpp.o
[ 65%] Linking CXX executable test_tensor_properties
[ 65%] Built target test_tensor_properties
[ 66%] Linking CXX executable test_operator
[ 68%] Building CXX object CMakeFiles/test_shape_inference.dir/tests/test_shape_inference.cpp.o
[ 68%] Built target test_operator
[ 69%] Building CXX object CMakeFiles/test_reference.dir/tests/test_reference.cpp.o
[ 70%] Linking CXX executable test_shape_inference
[ 72%] Linking CXX executable test_reference
[ 72%] Built target test_shape_inference
[ 72%] Built target test_reference
[ 73%] Building CXX object CMakeFiles/test_transformer_contracts.dir/tests/test_transformer_contracts.cpp.o
[ 75%] Building CXX object CMakeFiles/test_operator_fixtures.dir/tests/test_operator_fixtures.cpp.o
[ 76%] Linking CXX executable test_transformer_contracts
[ 76%] Built target test_transformer_contracts
[ 77%] Building CXX object CMakeFiles/test_graph.dir/tests/test_graph.cpp.o
[ 79%] Linking CXX executable test_operator_fixtures
[ 79%] Built target test_operator_fixtures
[ 80%] Building CXX object CMakeFiles/test_graph_executor.dir/tests/test_graph_executor.cpp.o
[ 81%] Linking CXX executable test_graph
[ 81%] Built target test_graph
[ 83%] Building CXX object CMakeFiles/test_graph_fixtures.dir/tests/test_graph_fixtures.cpp.o
[ 84%] Linking CXX executable test_graph_executor
[ 84%] Built target test_graph_executor
[ 86%] Building CXX object CMakeFiles/test_graph_trace.dir/tests/test_graph_trace.cpp.o
[ 87%] Linking CXX executable test_graph_trace
[ 88%] Linking CXX executable test_graph_fixtures
[ 88%] Built target test_graph_fixtures
[ 88%] Built target test_graph_trace
[ 91%] Building CXX object CMakeFiles/test_arena.dir/tests/test_arena.cpp.o
[ 91%] Building CXX object CMakeFiles/test_allocation_provider.dir/tests/test_allocation_provider.cpp.o
[ 93%] Linking CXX executable test_arena
[ 93%] Built target test_arena
[ 95%] Building CXX object CMakeFiles/test_memory_planner.dir/tests/test_memory_planner.cpp.o
[ 95%] Linking CXX executable test_allocation_provider
[ 95%] Built target test_allocation_provider
[ 97%] Building CXX object CMakeFiles/test_planned_executor.dir/tests/test_planned_executor.cpp.o
[ 98%] Linking CXX executable test_memory_planner
[ 98%] Built target test_memory_planner
[100%] Linking CXX executable test_planned_executor
[100%] Built target test_planned_executor
