Change Dir: '/content/miniLLMI/build'

Run Build Command(s): /usr/local/lib/python3.13/dist-packages/cmake/data/bin/cmake -E env VERBOSE=1 /usr/bin/gmake -f Makefile -j4
/usr/local/lib/python3.13/dist-packages/cmake/data/bin/cmake -S/content/miniLLMI -B/content/miniLLMI/build --check-build-system CMakeFiles/Makefile.cmake 0
/usr/local/lib/python3.13/dist-packages/cmake/data/bin/cmake -E cmake_progress_start /content/miniLLMI/build/CMakeFiles /content/miniLLMI/build//CMakeFiles/progress.marks
/usr/bin/gmake  -f CMakeFiles/Makefile2 all
gmake[1]: Entering directory '/content/miniLLMI/build'
/usr/bin/gmake  -f CMakeFiles/refresh_provenance.dir/build.make CMakeFiles/refresh_provenance.dir/depend
gmake[2]: Entering directory '/content/miniLLMI/build'
cd /content/miniLLMI/build && /usr/local/lib/python3.13/dist-packages/cmake/data/bin/cmake -E cmake_depends "Unix Makefiles" /content/miniLLMI /content/miniLLMI /content/miniLLMI/build /content/miniLLMI/build /content/miniLLMI/build/CMakeFiles/refresh_provenance.dir/DependInfo.cmake "--color=" refresh_provenance
gmake[2]: Leaving directory '/content/miniLLMI/build'
/usr/bin/gmake  -f CMakeFiles/refresh_provenance.dir/build.make CMakeFiles/refresh_provenance.dir/build
gmake[2]: Entering directory '/content/miniLLMI/build'
/usr/local/bin/python /content/miniLLMI/tools/provenance.py --root /content/miniLLMI --header /content/miniLLMI/build/generated/stage0/provenance.hpp
gmake[2]: Leaving directory '/content/miniLLMI/build'
[  0%] Built target refresh_provenance
/usr/bin/gmake  -f CMakeFiles/stage0_common.dir/build.make CMakeFiles/stage0_common.dir/depend
gmake[2]: Entering directory '/content/miniLLMI/build'
cd /content/miniLLMI/build && /usr/local/lib/python3.13/dist-packages/cmake/data/bin/cmake -E cmake_depends "Unix Makefiles" /content/miniLLMI /content/miniLLMI /content/miniLLMI/build /content/miniLLMI/build /content/miniLLMI/build/CMakeFiles/stage0_common.dir/DependInfo.cmake "--color=" stage0_common
Dependencies file "CMakeFiles/stage0_common.dir/src/common.cpp.o.d" is newer than depends file "/content/miniLLMI/build/CMakeFiles/stage0_common.dir/compiler_depend.internal".
Consolidate compiler generated dependencies of target stage0_common
gmake[2]: Leaving directory '/content/miniLLMI/build'
/usr/bin/gmake  -f CMakeFiles/stage0_common.dir/build.make CMakeFiles/stage0_common.dir/build
gmake[2]: Entering directory '/content/miniLLMI/build'
gmake[2]: Nothing to be done for 'CMakeFiles/stage0_common.dir/build'.
gmake[2]: Leaving directory '/content/miniLLMI/build'
[ 15%] Built target stage0_common
/usr/bin/gmake  -f CMakeFiles/test_common.dir/build.make CMakeFiles/test_common.dir/depend
/usr/bin/gmake  -f CMakeFiles/stage0_cuda.dir/build.make CMakeFiles/stage0_cuda.dir/depend
gmake[2]: Entering directory '/content/miniLLMI/build'
cd /content/miniLLMI/build && /usr/local/lib/python3.13/dist-packages/cmake/data/bin/cmake -E cmake_depends "Unix Makefiles" /content/miniLLMI /content/miniLLMI /content/miniLLMI/build /content/miniLLMI/build /content/miniLLMI/build/CMakeFiles/test_common.dir/DependInfo.cmake "--color=" test_common
gmake[2]: Entering directory '/content/miniLLMI/build'
cd /content/miniLLMI/build && /usr/local/lib/python3.13/dist-packages/cmake/data/bin/cmake -E cmake_depends "Unix Makefiles" /content/miniLLMI /content/miniLLMI /content/miniLLMI/build /content/miniLLMI/build /content/miniLLMI/build/CMakeFiles/stage0_cuda.dir/DependInfo.cmake "--color=" stage0_cuda
Dependencies file "CMakeFiles/test_common.dir/tests/test_common.cpp.o.d" is newer than depends file "/content/miniLLMI/build/CMakeFiles/test_common.dir/compiler_depend.internal".
Dependencies file "CMakeFiles/test_common.dir/link.d" is newer than depends file "/content/miniLLMI/build/CMakeFiles/test_common.dir/compiler_depend.internal".
Consolidate compiler generated dependencies of target test_common
Dependencies file "CMakeFiles/stage0_cuda.dir/backend/cuda/cublas_gemm.cu.o.d" is newer than depends file "/content/miniLLMI/build/CMakeFiles/stage0_cuda.dir/compiler_depend.internal".
Dependencies file "CMakeFiles/stage0_cuda.dir/backend/cuda/sgemm_v0_naive.cu.o.d" is newer than depends file "/content/miniLLMI/build/CMakeFiles/stage0_cuda.dir/compiler_depend.internal".
Consolidate compiler generated dependencies of target stage0_cuda
gmake[2]: Leaving directory '/content/miniLLMI/build'
/usr/bin/gmake  -f CMakeFiles/test_common.dir/build.make CMakeFiles/test_common.dir/build
gmake[2]: Entering directory '/content/miniLLMI/build'
gmake[2]: Nothing to be done for 'CMakeFiles/test_common.dir/build'.
gmake[2]: Leaving directory '/content/miniLLMI/build'
gmake[2]: Leaving directory '/content/miniLLMI/build'
/usr/bin/gmake  -f CMakeFiles/stage0_cuda.dir/build.make CMakeFiles/stage0_cuda.dir/build
gmake[2]: Entering directory '/content/miniLLMI/build'
gmake[2]: Nothing to be done for 'CMakeFiles/stage0_cuda.dir/build'.
gmake[2]: Leaving directory '/content/miniLLMI/build'
[ 30%] Built target test_common
[ 53%] Built target stage0_cuda
/usr/bin/gmake  -f CMakeFiles/gpu_info.dir/build.make CMakeFiles/gpu_info.dir/depend
/usr/bin/gmake  -f CMakeFiles/bench_gemm.dir/build.make CMakeFiles/bench_gemm.dir/depend
/usr/bin/gmake  -f CMakeFiles/test_cuda_gemm.dir/build.make CMakeFiles/test_cuda_gemm.dir/depend
gmake[2]: Entering directory '/content/miniLLMI/build'
cd /content/miniLLMI/build && /usr/local/lib/python3.13/dist-packages/cmake/data/bin/cmake -E cmake_depends "Unix Makefiles" /content/miniLLMI /content/miniLLMI /content/miniLLMI/build /content/miniLLMI/build /content/miniLLMI/build/CMakeFiles/bench_gemm.dir/DependInfo.cmake "--color=" bench_gemm
gmake[2]: Entering directory '/content/miniLLMI/build'
cd /content/miniLLMI/build && /usr/local/lib/python3.13/dist-packages/cmake/data/bin/cmake -E cmake_depends "Unix Makefiles" /content/miniLLMI /content/miniLLMI /content/miniLLMI/build /content/miniLLMI/build /content/miniLLMI/build/CMakeFiles/test_cuda_gemm.dir/DependInfo.cmake "--color=" test_cuda_gemm
gmake[2]: Entering directory '/content/miniLLMI/build'
cd /content/miniLLMI/build && /usr/local/lib/python3.13/dist-packages/cmake/data/bin/cmake -E cmake_depends "Unix Makefiles" /content/miniLLMI /content/miniLLMI /content/miniLLMI/build /content/miniLLMI/build /content/miniLLMI/build/CMakeFiles/gpu_info.dir/DependInfo.cmake "--color=" gpu_info
Dependencies file "CMakeFiles/bench_gemm.dir/bench/bench_gemm.cpp.o.d" is newer than depends file "/content/miniLLMI/build/CMakeFiles/bench_gemm.dir/compiler_depend.internal".
Dependencies file "CMakeFiles/bench_gemm.dir/link.d" is newer than depends file "/content/miniLLMI/build/CMakeFiles/bench_gemm.dir/compiler_depend.internal".
Dependencies file "CMakeFiles/test_cuda_gemm.dir/tests/test_cuda_gemm.cpp.o.d" is newer than depends file "/content/miniLLMI/build/CMakeFiles/test_cuda_gemm.dir/compiler_depend.internal".
Dependencies file "CMakeFiles/test_cuda_gemm.dir/link.d" is newer than depends file "/content/miniLLMI/build/CMakeFiles/test_cuda_gemm.dir/compiler_depend.internal".
Consolidate compiler generated dependencies of target bench_gemm
Consolidate compiler generated dependencies of target test_cuda_gemm
gmake[2]: Leaving directory '/content/miniLLMI/build'
/usr/bin/gmake  -f CMakeFiles/test_cuda_gemm.dir/build.make CMakeFiles/test_cuda_gemm.dir/build
Dependencies file "CMakeFiles/gpu_info.dir/bench/gpu_info.cpp.o.d" is newer than depends file "/content/miniLLMI/build/CMakeFiles/gpu_info.dir/compiler_depend.internal".
gmake[2]: Leaving directory '/content/miniLLMI/build'
/usr/bin/gmake  -f CMakeFiles/bench_gemm.dir/build.make CMakeFiles/bench_gemm.dir/build
gmake[2]: Entering directory '/content/miniLLMI/build'
gmake[2]: Nothing to be done for 'CMakeFiles/test_cuda_gemm.dir/build'.
gmake[2]: Leaving directory '/content/miniLLMI/build'
Dependencies file "CMakeFiles/gpu_info.dir/link.d" is newer than depends file "/content/miniLLMI/build/CMakeFiles/gpu_info.dir/compiler_depend.internal".
Consolidate compiler generated dependencies of target gpu_info
[ 69%] Built target test_cuda_gemm
gmake[2]: Leaving directory '/content/miniLLMI/build'
/usr/bin/gmake  -f CMakeFiles/gpu_info.dir/build.make CMakeFiles/gpu_info.dir/build
gmake[2]: Entering directory '/content/miniLLMI/build'
gmake[2]: Entering directory '/content/miniLLMI/build'
gmake[2]: Nothing to be done for 'CMakeFiles/gpu_info.dir/build'.
gmake[2]: Leaving directory '/content/miniLLMI/build'
[ 76%] Building CXX object CMakeFiles/bench_gemm.dir/bench/bench_gemm.cpp.o
/usr/bin/c++  -I/content/miniLLMI/include -I/content/miniLLMI/build/generated -isystem /usr/local/cuda/targets/x86_64-linux/include -isystem /usr/local/cuda/targets/x86_64-linux/include/cccl -O3 -DNDEBUG -std=c++17 -Wall -Wextra -Wpedantic -MD -MT CMakeFiles/bench_gemm.dir/bench/bench_gemm.cpp.o -MF CMakeFiles/bench_gemm.dir/bench/bench_gemm.cpp.o.d -o CMakeFiles/bench_gemm.dir/bench/bench_gemm.cpp.o -c /content/miniLLMI/bench/bench_gemm.cpp
[ 92%] Built target gpu_info
[100%] Linking CXX executable bench_gemm
/usr/local/lib/python3.13/dist-packages/cmake/data/bin/cmake -E cmake_link_script CMakeFiles/bench_gemm.dir/link.txt --verbose=1
/usr/bin/c++ -O3 -DNDEBUG -Wl,--dependency-file=CMakeFiles/bench_gemm.dir/link.d CMakeFiles/bench_gemm.dir/bench/bench_gemm.cpp.o -o bench_gemm   -L/usr/local/cuda/targets/x86_64-linux/lib  -Wl,-rpath,/usr/local/cuda-13.0/targets/x86_64-linux/lib libstage0_cuda.a libstage0_common.a /usr/local/cuda-13.0/targets/x86_64-linux/lib/libcudart.so -ldl /usr/lib/x86_64-linux-gnu/librt.a /usr/local/cuda-13.0/targets/x86_64-linux/lib/libcublas.so /usr/local/cuda-13.0/targets/x86_64-linux/lib/libcublasLt.so /usr/local/cuda-13.0/targets/x86_64-linux/lib/libculibos.a -lcudadevrt -lcudart
gmake[2]: Leaving directory '/content/miniLLMI/build'
[100%] Built target bench_gemm
gmake[1]: Leaving directory '/content/miniLLMI/build'
/usr/local/lib/python3.13/dist-packages/cmake/data/bin/cmake -E cmake_progress_start /content/miniLLMI/build/CMakeFiles 0

