Change Dir: '/Users/wafoe/projects/me/CXXEg/build-stage2-clean-source/build-stage2-validation/20261005T121705133744Z-8132/release'

Run Build Command(s): /opt/homebrew/bin/cmake -E env VERBOSE=1 /usr/bin/make -f Makefile -j4
/opt/homebrew/bin/cmake -S/Users/wafoe/projects/me/CXXEg/build-stage2-clean-source -B/Users/wafoe/projects/me/CXXEg/build-stage2-clean-source/build-stage2-validation/20261005T121705133744Z-8132/release --check-build-system CMakeFiles/Makefile.cmake 0
/opt/homebrew/bin/cmake -E cmake_progress_start /Users/wafoe/projects/me/CXXEg/build-stage2-clean-source/build-stage2-validation/20261005T121705133744Z-8132/release/CMakeFiles /Users/wafoe/projects/me/CXXEg/build-stage2-clean-source/build-stage2-validation/20261005T121705133744Z-8132/release//CMakeFiles/progress.marks
/Library/Developer/CommandLineTools/usr/bin/make  -f CMakeFiles/Makefile2 all
/Library/Developer/CommandLineTools/usr/bin/make  -f CMakeFiles/refresh_provenance.dir/build.make CMakeFiles/refresh_provenance.dir/depend
/Library/Developer/CommandLineTools/usr/bin/make  -f CMakeFiles/runtime.dir/build.make CMakeFiles/runtime.dir/depend
cd /Users/wafoe/projects/me/CXXEg/build-stage2-clean-source/build-stage2-validation/20261005T121705133744Z-8132/release && /opt/homebrew/bin/cmake -E cmake_depends "Unix Makefiles" /Users/wafoe/projects/me/CXXEg/build-stage2-clean-source /Users/wafoe/projects/me/CXXEg/build-stage2-clean-source /Users/wafoe/projects/me/CXXEg/build-stage2-clean-source/build-stage2-validation/20261005T121705133744Z-8132/release /Users/wafoe/projects/me/CXXEg/build-stage2-clean-source/build-stage2-validation/20261005T121705133744Z-8132/release /Users/wafoe/projects/me/CXXEg/build-stage2-clean-source/build-stage2-validation/20261005T121705133744Z-8132/release/CMakeFiles/refresh_provenance.dir/DependInfo.cmake "--color=" refresh_provenance
cd /Users/wafoe/projects/me/CXXEg/build-stage2-clean-source/build-stage2-validation/20261005T121705133744Z-8132/release && /opt/homebrew/bin/cmake -E cmake_depends "Unix Makefiles" /Users/wafoe/projects/me/CXXEg/build-stage2-clean-source /Users/wafoe/projects/me/CXXEg/build-stage2-clean-source /Users/wafoe/projects/me/CXXEg/build-stage2-clean-source/build-stage2-validation/20261005T121705133744Z-8132/release /Users/wafoe/projects/me/CXXEg/build-stage2-clean-source/build-stage2-validation/20261005T121705133744Z-8132/release /Users/wafoe/projects/me/CXXEg/build-stage2-clean-source/build-stage2-validation/20261005T121705133744Z-8132/release/CMakeFiles/runtime.dir/DependInfo.cmake "--color=" runtime
/Library/Developer/CommandLineTools/usr/bin/make  -f CMakeFiles/refresh_provenance.dir/build.make CMakeFiles/refresh_provenance.dir/build
/Library/Developer/CommandLineTools/usr/bin/make  -f CMakeFiles/runtime.dir/build.make CMakeFiles/runtime.dir/build
/Users/wafoe/miniforge3/bin/python3.14 /Users/wafoe/projects/me/CXXEg/build-stage2-clean-source/tools/provenance.py --root /Users/wafoe/projects/me/CXXEg/build-stage2-clean-source --header /Users/wafoe/projects/me/CXXEg/build-stage2-clean-source/build-stage2-validation/20261005T121705133744Z-8132/release/generated/stage0/provenance.hpp
[  4%] Building CXX object CMakeFiles/runtime.dir/src/runtime/storage.cpp.o
[ 12%] Building CXX object CMakeFiles/runtime.dir/src/runtime/tensor.cpp.o
[ 12%] Building CXX object CMakeFiles/runtime.dir/src/runtime/copy.cpp.o
/usr/bin/c++ -DRUNTIME_TESTING=1 -I/Users/wafoe/projects/me/CXXEg/build-stage2-clean-source/include -O3 -DNDEBUG -std=c++17 -arch arm64 -Wall -Wextra -Wpedantic -MD -MT CMakeFiles/runtime.dir/src/runtime/storage.cpp.o -MF CMakeFiles/runtime.dir/src/runtime/storage.cpp.o.d -o CMakeFiles/runtime.dir/src/runtime/storage.cpp.o -c /Users/wafoe/projects/me/CXXEg/build-stage2-clean-source/src/runtime/storage.cpp
/usr/bin/c++ -DRUNTIME_TESTING=1 -I/Users/wafoe/projects/me/CXXEg/build-stage2-clean-source/include -O3 -DNDEBUG -std=c++17 -arch arm64 -Wall -Wextra -Wpedantic -MD -MT CMakeFiles/runtime.dir/src/runtime/copy.cpp.o -MF CMakeFiles/runtime.dir/src/runtime/copy.cpp.o.d -o CMakeFiles/runtime.dir/src/runtime/copy.cpp.o -c /Users/wafoe/projects/me/CXXEg/build-stage2-clean-source/src/runtime/copy.cpp
/usr/bin/c++ -DRUNTIME_TESTING=1 -I/Users/wafoe/projects/me/CXXEg/build-stage2-clean-source/include -O3 -DNDEBUG -std=c++17 -arch arm64 -Wall -Wextra -Wpedantic -MD -MT CMakeFiles/runtime.dir/src/runtime/tensor.cpp.o -MF CMakeFiles/runtime.dir/src/runtime/tensor.cpp.o.d -o CMakeFiles/runtime.dir/src/runtime/tensor.cpp.o -c /Users/wafoe/projects/me/CXXEg/build-stage2-clean-source/src/runtime/tensor.cpp
[ 12%] Built target refresh_provenance
[ 16%] Building CXX object CMakeFiles/runtime.dir/src/runtime/operator.cpp.o
/usr/bin/c++ -DRUNTIME_TESTING=1 -I/Users/wafoe/projects/me/CXXEg/build-stage2-clean-source/include -O3 -DNDEBUG -std=c++17 -arch arm64 -Wall -Wextra -Wpedantic -MD -MT CMakeFiles/runtime.dir/src/runtime/operator.cpp.o -MF CMakeFiles/runtime.dir/src/runtime/operator.cpp.o.d -o CMakeFiles/runtime.dir/src/runtime/operator.cpp.o -c /Users/wafoe/projects/me/CXXEg/build-stage2-clean-source/src/runtime/operator.cpp
/Library/Developer/CommandLineTools/usr/bin/make  -f CMakeFiles/stage0_common.dir/build.make CMakeFiles/stage0_common.dir/depend
cd /Users/wafoe/projects/me/CXXEg/build-stage2-clean-source/build-stage2-validation/20261005T121705133744Z-8132/release && /opt/homebrew/bin/cmake -E cmake_depends "Unix Makefiles" /Users/wafoe/projects/me/CXXEg/build-stage2-clean-source /Users/wafoe/projects/me/CXXEg/build-stage2-clean-source /Users/wafoe/projects/me/CXXEg/build-stage2-clean-source/build-stage2-validation/20261005T121705133744Z-8132/release /Users/wafoe/projects/me/CXXEg/build-stage2-clean-source/build-stage2-validation/20261005T121705133744Z-8132/release /Users/wafoe/projects/me/CXXEg/build-stage2-clean-source/build-stage2-validation/20261005T121705133744Z-8132/release/CMakeFiles/stage0_common.dir/DependInfo.cmake "--color=" stage0_common
/Library/Developer/CommandLineTools/usr/bin/make  -f CMakeFiles/stage0_common.dir/build.make CMakeFiles/stage0_common.dir/build
[ 20%] Building CXX object CMakeFiles/stage0_common.dir/src/common.cpp.o
/usr/bin/c++  -I/Users/wafoe/projects/me/CXXEg/build-stage2-clean-source/include -I/Users/wafoe/projects/me/CXXEg/build-stage2-clean-source/build-stage2-validation/20261005T121705133744Z-8132/release/generated -O3 -DNDEBUG -std=c++17 -arch arm64 -Wall -Wextra -Wpedantic -MD -MT CMakeFiles/stage0_common.dir/src/common.cpp.o -MF CMakeFiles/stage0_common.dir/src/common.cpp.o.d -o CMakeFiles/stage0_common.dir/src/common.cpp.o -c /Users/wafoe/projects/me/CXXEg/build-stage2-clean-source/src/common.cpp
[ 24%] Building CXX object CMakeFiles/runtime.dir/src/runtime/shape_inference.cpp.o
/usr/bin/c++ -DRUNTIME_TESTING=1 -I/Users/wafoe/projects/me/CXXEg/build-stage2-clean-source/include -O3 -DNDEBUG -std=c++17 -arch arm64 -Wall -Wextra -Wpedantic -MD -MT CMakeFiles/runtime.dir/src/runtime/shape_inference.cpp.o -MF CMakeFiles/runtime.dir/src/runtime/shape_inference.cpp.o.d -o CMakeFiles/runtime.dir/src/runtime/shape_inference.cpp.o -c /Users/wafoe/projects/me/CXXEg/build-stage2-clean-source/src/runtime/shape_inference.cpp
[ 28%] Building CXX object CMakeFiles/runtime.dir/src/runtime/reference.cpp.o
/usr/bin/c++ -DRUNTIME_TESTING=1 -I/Users/wafoe/projects/me/CXXEg/build-stage2-clean-source/include -O3 -DNDEBUG -std=c++17 -arch arm64 -Wall -Wextra -Wpedantic -MD -MT CMakeFiles/runtime.dir/src/runtime/reference.cpp.o -MF CMakeFiles/runtime.dir/src/runtime/reference.cpp.o.d -o CMakeFiles/runtime.dir/src/runtime/reference.cpp.o -c /Users/wafoe/projects/me/CXXEg/build-stage2-clean-source/src/runtime/reference.cpp
[ 32%] Linking CXX static library libruntime.a
/opt/homebrew/bin/cmake -P CMakeFiles/runtime.dir/cmake_clean_target.cmake
/opt/homebrew/bin/cmake -E cmake_link_script CMakeFiles/runtime.dir/link.txt --verbose=1
[ 36%] Linking CXX static library libstage0_common.a
/opt/homebrew/bin/cmake -P CMakeFiles/stage0_common.dir/cmake_clean_target.cmake
/usr/bin/ar qc libruntime.a CMakeFiles/runtime.dir/src/runtime/storage.cpp.o CMakeFiles/runtime.dir/src/runtime/tensor.cpp.o CMakeFiles/runtime.dir/src/runtime/copy.cpp.o CMakeFiles/runtime.dir/src/runtime/operator.cpp.o CMakeFiles/runtime.dir/src/runtime/shape_inference.cpp.o CMakeFiles/runtime.dir/src/runtime/reference.cpp.o
/usr/bin/ranlib libruntime.a
/opt/homebrew/bin/cmake -E cmake_link_script CMakeFiles/stage0_common.dir/link.txt --verbose=1
[ 36%] Built target runtime
/Library/Developer/CommandLineTools/usr/bin/make  -f CMakeFiles/test_tensor.dir/build.make CMakeFiles/test_tensor.dir/depend
/Library/Developer/CommandLineTools/usr/bin/make  -f CMakeFiles/test_tensor_properties.dir/build.make CMakeFiles/test_tensor_properties.dir/depend
/Library/Developer/CommandLineTools/usr/bin/make  -f CMakeFiles/test_operator.dir/build.make CMakeFiles/test_operator.dir/depend
cd /Users/wafoe/projects/me/CXXEg/build-stage2-clean-source/build-stage2-validation/20261005T121705133744Z-8132/release && /opt/homebrew/bin/cmake -E cmake_depends "Unix Makefiles" /Users/wafoe/projects/me/CXXEg/build-stage2-clean-source /Users/wafoe/projects/me/CXXEg/build-stage2-clean-source /Users/wafoe/projects/me/CXXEg/build-stage2-clean-source/build-stage2-validation/20261005T121705133744Z-8132/release /Users/wafoe/projects/me/CXXEg/build-stage2-clean-source/build-stage2-validation/20261005T121705133744Z-8132/release /Users/wafoe/projects/me/CXXEg/build-stage2-clean-source/build-stage2-validation/20261005T121705133744Z-8132/release/CMakeFiles/test_tensor.dir/DependInfo.cmake "--color=" test_tensor
cd /Users/wafoe/projects/me/CXXEg/build-stage2-clean-source/build-stage2-validation/20261005T121705133744Z-8132/release && /opt/homebrew/bin/cmake -E cmake_depends "Unix Makefiles" /Users/wafoe/projects/me/CXXEg/build-stage2-clean-source /Users/wafoe/projects/me/CXXEg/build-stage2-clean-source /Users/wafoe/projects/me/CXXEg/build-stage2-clean-source/build-stage2-validation/20261005T121705133744Z-8132/release /Users/wafoe/projects/me/CXXEg/build-stage2-clean-source/build-stage2-validation/20261005T121705133744Z-8132/release /Users/wafoe/projects/me/CXXEg/build-stage2-clean-source/build-stage2-validation/20261005T121705133744Z-8132/release/CMakeFiles/test_operator.dir/DependInfo.cmake "--color=" test_operator
cd /Users/wafoe/projects/me/CXXEg/build-stage2-clean-source/build-stage2-validation/20261005T121705133744Z-8132/release && /opt/homebrew/bin/cmake -E cmake_depends "Unix Makefiles" /Users/wafoe/projects/me/CXXEg/build-stage2-clean-source /Users/wafoe/projects/me/CXXEg/build-stage2-clean-source /Users/wafoe/projects/me/CXXEg/build-stage2-clean-source/build-stage2-validation/20261005T121705133744Z-8132/release /Users/wafoe/projects/me/CXXEg/build-stage2-clean-source/build-stage2-validation/20261005T121705133744Z-8132/release /Users/wafoe/projects/me/CXXEg/build-stage2-clean-source/build-stage2-validation/20261005T121705133744Z-8132/release/CMakeFiles/test_tensor_properties.dir/DependInfo.cmake "--color=" test_tensor_properties
/Library/Developer/CommandLineTools/usr/bin/make  -f CMakeFiles/test_tensor.dir/build.make CMakeFiles/test_tensor.dir/build
/Library/Developer/CommandLineTools/usr/bin/make  -f CMakeFiles/test_tensor_properties.dir/build.make CMakeFiles/test_tensor_properties.dir/build
/Library/Developer/CommandLineTools/usr/bin/make  -f CMakeFiles/test_operator.dir/build.make CMakeFiles/test_operator.dir/build
[ 48%] Building CXX object CMakeFiles/test_operator.dir/tests/test_operator.cpp.o
[ 48%] Building CXX object CMakeFiles/test_tensor.dir/tests/test_tensor.cpp.o
[ 48%] Building CXX object CMakeFiles/test_tensor_properties.dir/tests/test_tensor_properties.cpp.o
/usr/bin/c++ -DRUNTIME_TESTING=1 -I/Users/wafoe/projects/me/CXXEg/build-stage2-clean-source/include -O3 -DNDEBUG -std=c++17 -arch arm64 -Wall -Wextra -Wpedantic -MD -MT CMakeFiles/test_operator.dir/tests/test_operator.cpp.o -MF CMakeFiles/test_operator.dir/tests/test_operator.cpp.o.d -o CMakeFiles/test_operator.dir/tests/test_operator.cpp.o -c /Users/wafoe/projects/me/CXXEg/build-stage2-clean-source/tests/test_operator.cpp
/usr/bin/c++ -DRUNTIME_TESTING=1 -I/Users/wafoe/projects/me/CXXEg/build-stage2-clean-source/include -O3 -DNDEBUG -std=c++17 -arch arm64 -Wall -Wextra -Wpedantic -MD -MT CMakeFiles/test_tensor.dir/tests/test_tensor.cpp.o -MF CMakeFiles/test_tensor.dir/tests/test_tensor.cpp.o.d -o CMakeFiles/test_tensor.dir/tests/test_tensor.cpp.o -c /Users/wafoe/projects/me/CXXEg/build-stage2-clean-source/tests/test_tensor.cpp
/usr/bin/c++ -DRUNTIME_TESTING=1 -I/Users/wafoe/projects/me/CXXEg/build-stage2-clean-source/include -O3 -DNDEBUG -std=c++17 -arch arm64 -Wall -Wextra -Wpedantic -MD -MT CMakeFiles/test_tensor_properties.dir/tests/test_tensor_properties.cpp.o -MF CMakeFiles/test_tensor_properties.dir/tests/test_tensor_properties.cpp.o.d -o CMakeFiles/test_tensor_properties.dir/tests/test_tensor_properties.cpp.o -c /Users/wafoe/projects/me/CXXEg/build-stage2-clean-source/tests/test_tensor_properties.cpp
/usr/bin/ar qc libstage0_common.a CMakeFiles/stage0_common.dir/src/common.cpp.o
/usr/bin/ranlib libstage0_common.a
[ 48%] Built target stage0_common
/Library/Developer/CommandLineTools/usr/bin/make  -f CMakeFiles/test_shape_inference.dir/build.make CMakeFiles/test_shape_inference.dir/depend
cd /Users/wafoe/projects/me/CXXEg/build-stage2-clean-source/build-stage2-validation/20261005T121705133744Z-8132/release && /opt/homebrew/bin/cmake -E cmake_depends "Unix Makefiles" /Users/wafoe/projects/me/CXXEg/build-stage2-clean-source /Users/wafoe/projects/me/CXXEg/build-stage2-clean-source /Users/wafoe/projects/me/CXXEg/build-stage2-clean-source/build-stage2-validation/20261005T121705133744Z-8132/release /Users/wafoe/projects/me/CXXEg/build-stage2-clean-source/build-stage2-validation/20261005T121705133744Z-8132/release /Users/wafoe/projects/me/CXXEg/build-stage2-clean-source/build-stage2-validation/20261005T121705133744Z-8132/release/CMakeFiles/test_shape_inference.dir/DependInfo.cmake "--color=" test_shape_inference
/Library/Developer/CommandLineTools/usr/bin/make  -f CMakeFiles/test_shape_inference.dir/build.make CMakeFiles/test_shape_inference.dir/build
[ 52%] Building CXX object CMakeFiles/test_shape_inference.dir/tests/test_shape_inference.cpp.o
/usr/bin/c++ -DRUNTIME_TESTING=1 -I/Users/wafoe/projects/me/CXXEg/build-stage2-clean-source/include -O3 -DNDEBUG -std=c++17 -arch arm64 -Wall -Wextra -Wpedantic -MD -MT CMakeFiles/test_shape_inference.dir/tests/test_shape_inference.cpp.o -MF CMakeFiles/test_shape_inference.dir/tests/test_shape_inference.cpp.o.d -o CMakeFiles/test_shape_inference.dir/tests/test_shape_inference.cpp.o -c /Users/wafoe/projects/me/CXXEg/build-stage2-clean-source/tests/test_shape_inference.cpp
[ 56%] Linking CXX executable test_operator
/opt/homebrew/bin/cmake -E cmake_link_script CMakeFiles/test_operator.dir/link.txt --verbose=1
/usr/bin/c++ -O3 -DNDEBUG -arch arm64 -Wl,-search_paths_first -Wl,-headerpad_max_install_names CMakeFiles/test_operator.dir/tests/test_operator.cpp.o -o test_operator  libruntime.a
[ 56%] Built target test_operator
/Library/Developer/CommandLineTools/usr/bin/make  -f CMakeFiles/test_reference.dir/build.make CMakeFiles/test_reference.dir/depend
cd /Users/wafoe/projects/me/CXXEg/build-stage2-clean-source/build-stage2-validation/20261005T121705133744Z-8132/release && /opt/homebrew/bin/cmake -E cmake_depends "Unix Makefiles" /Users/wafoe/projects/me/CXXEg/build-stage2-clean-source /Users/wafoe/projects/me/CXXEg/build-stage2-clean-source /Users/wafoe/projects/me/CXXEg/build-stage2-clean-source/build-stage2-validation/20261005T121705133744Z-8132/release /Users/wafoe/projects/me/CXXEg/build-stage2-clean-source/build-stage2-validation/20261005T121705133744Z-8132/release /Users/wafoe/projects/me/CXXEg/build-stage2-clean-source/build-stage2-validation/20261005T121705133744Z-8132/release/CMakeFiles/test_reference.dir/DependInfo.cmake "--color=" test_reference
/Library/Developer/CommandLineTools/usr/bin/make  -f CMakeFiles/test_reference.dir/build.make CMakeFiles/test_reference.dir/build
[ 60%] Building CXX object CMakeFiles/test_reference.dir/tests/test_reference.cpp.o
/usr/bin/c++ -DRUNTIME_TESTING=1 -I/Users/wafoe/projects/me/CXXEg/build-stage2-clean-source/include -O3 -DNDEBUG -std=c++17 -arch arm64 -Wall -Wextra -Wpedantic -MD -MT CMakeFiles/test_reference.dir/tests/test_reference.cpp.o -MF CMakeFiles/test_reference.dir/tests/test_reference.cpp.o.d -o CMakeFiles/test_reference.dir/tests/test_reference.cpp.o -c /Users/wafoe/projects/me/CXXEg/build-stage2-clean-source/tests/test_reference.cpp
[ 64%] Linking CXX executable test_shape_inference
/opt/homebrew/bin/cmake -E cmake_link_script CMakeFiles/test_shape_inference.dir/link.txt --verbose=1
[ 68%] Linking CXX executable test_tensor_properties
/opt/homebrew/bin/cmake -E cmake_link_script CMakeFiles/test_tensor_properties.dir/link.txt --verbose=1
/usr/bin/c++ -O3 -DNDEBUG -arch arm64 -Wl,-search_paths_first -Wl,-headerpad_max_install_names CMakeFiles/test_shape_inference.dir/tests/test_shape_inference.cpp.o -o test_shape_inference  libruntime.a
[ 68%] Built target test_shape_inference
/Library/Developer/CommandLineTools/usr/bin/make  -f CMakeFiles/test_transformer_contracts.dir/build.make CMakeFiles/test_transformer_contracts.dir/depend
cd /Users/wafoe/projects/me/CXXEg/build-stage2-clean-source/build-stage2-validation/20261005T121705133744Z-8132/release && /opt/homebrew/bin/cmake -E cmake_depends "Unix Makefiles" /Users/wafoe/projects/me/CXXEg/build-stage2-clean-source /Users/wafoe/projects/me/CXXEg/build-stage2-clean-source /Users/wafoe/projects/me/CXXEg/build-stage2-clean-source/build-stage2-validation/20261005T121705133744Z-8132/release /Users/wafoe/projects/me/CXXEg/build-stage2-clean-source/build-stage2-validation/20261005T121705133744Z-8132/release /Users/wafoe/projects/me/CXXEg/build-stage2-clean-source/build-stage2-validation/20261005T121705133744Z-8132/release/CMakeFiles/test_transformer_contracts.dir/DependInfo.cmake "--color=" test_transformer_contracts
/usr/bin/c++ -O3 -DNDEBUG -arch arm64 -Wl,-search_paths_first -Wl,-headerpad_max_install_names CMakeFiles/test_tensor_properties.dir/tests/test_tensor_properties.cpp.o -o test_tensor_properties  libruntime.a
/Library/Developer/CommandLineTools/usr/bin/make  -f CMakeFiles/test_transformer_contracts.dir/build.make CMakeFiles/test_transformer_contracts.dir/build
[ 68%] Built target test_tensor_properties
/Library/Developer/CommandLineTools/usr/bin/make  -f CMakeFiles/test_operator_fixtures.dir/build.make CMakeFiles/test_operator_fixtures.dir/depend
cd /Users/wafoe/projects/me/CXXEg/build-stage2-clean-source/build-stage2-validation/20261005T121705133744Z-8132/release && /opt/homebrew/bin/cmake -E cmake_depends "Unix Makefiles" /Users/wafoe/projects/me/CXXEg/build-stage2-clean-source /Users/wafoe/projects/me/CXXEg/build-stage2-clean-source /Users/wafoe/projects/me/CXXEg/build-stage2-clean-source/build-stage2-validation/20261005T121705133744Z-8132/release /Users/wafoe/projects/me/CXXEg/build-stage2-clean-source/build-stage2-validation/20261005T121705133744Z-8132/release /Users/wafoe/projects/me/CXXEg/build-stage2-clean-source/build-stage2-validation/20261005T121705133744Z-8132/release/CMakeFiles/test_operator_fixtures.dir/DependInfo.cmake "--color=" test_operator_fixtures
[ 72%] Building CXX object CMakeFiles/test_transformer_contracts.dir/tests/test_transformer_contracts.cpp.o
/usr/bin/c++ -DRUNTIME_TESTING=1 -I/Users/wafoe/projects/me/CXXEg/build-stage2-clean-source/include -O3 -DNDEBUG -std=c++17 -arch arm64 -Wall -Wextra -Wpedantic -MD -MT CMakeFiles/test_transformer_contracts.dir/tests/test_transformer_contracts.cpp.o -MF CMakeFiles/test_transformer_contracts.dir/tests/test_transformer_contracts.cpp.o.d -o CMakeFiles/test_transformer_contracts.dir/tests/test_transformer_contracts.cpp.o -c /Users/wafoe/projects/me/CXXEg/build-stage2-clean-source/tests/test_transformer_contracts.cpp
/Library/Developer/CommandLineTools/usr/bin/make  -f CMakeFiles/test_operator_fixtures.dir/build.make CMakeFiles/test_operator_fixtures.dir/build
[ 76%] Building CXX object CMakeFiles/test_operator_fixtures.dir/tests/test_operator_fixtures.cpp.o
/usr/bin/c++ -DRUNTIME_TESTING=1 -I/Users/wafoe/projects/me/CXXEg/build-stage2-clean-source/include -O3 -DNDEBUG -std=c++17 -arch arm64 -Wall -Wextra -Wpedantic -MD -MT CMakeFiles/test_operator_fixtures.dir/tests/test_operator_fixtures.cpp.o -MF CMakeFiles/test_operator_fixtures.dir/tests/test_operator_fixtures.cpp.o.d -o CMakeFiles/test_operator_fixtures.dir/tests/test_operator_fixtures.cpp.o -c /Users/wafoe/projects/me/CXXEg/build-stage2-clean-source/tests/test_operator_fixtures.cpp
[ 80%] Linking CXX executable test_tensor
/opt/homebrew/bin/cmake -E cmake_link_script CMakeFiles/test_tensor.dir/link.txt --verbose=1
/usr/bin/c++ -O3 -DNDEBUG -arch arm64 -Wl,-search_paths_first -Wl,-headerpad_max_install_names CMakeFiles/test_tensor.dir/tests/test_tensor.cpp.o -o test_tensor  libruntime.a
[ 80%] Built target test_tensor
/Library/Developer/CommandLineTools/usr/bin/make  -f CMakeFiles/test_common.dir/build.make CMakeFiles/test_common.dir/depend
cd /Users/wafoe/projects/me/CXXEg/build-stage2-clean-source/build-stage2-validation/20261005T121705133744Z-8132/release && /opt/homebrew/bin/cmake -E cmake_depends "Unix Makefiles" /Users/wafoe/projects/me/CXXEg/build-stage2-clean-source /Users/wafoe/projects/me/CXXEg/build-stage2-clean-source /Users/wafoe/projects/me/CXXEg/build-stage2-clean-source/build-stage2-validation/20261005T121705133744Z-8132/release /Users/wafoe/projects/me/CXXEg/build-stage2-clean-source/build-stage2-validation/20261005T121705133744Z-8132/release /Users/wafoe/projects/me/CXXEg/build-stage2-clean-source/build-stage2-validation/20261005T121705133744Z-8132/release/CMakeFiles/test_common.dir/DependInfo.cmake "--color=" test_common
/Library/Developer/CommandLineTools/usr/bin/make  -f CMakeFiles/test_common.dir/build.make CMakeFiles/test_common.dir/build
[ 84%] Building CXX object CMakeFiles/test_common.dir/tests/test_common.cpp.o
/usr/bin/c++  -I/Users/wafoe/projects/me/CXXEg/build-stage2-clean-source/include -I/Users/wafoe/projects/me/CXXEg/build-stage2-clean-source/build-stage2-validation/20261005T121705133744Z-8132/release/generated -O3 -DNDEBUG -std=c++17 -arch arm64 -Wall -Wextra -Wpedantic -MD -MT CMakeFiles/test_common.dir/tests/test_common.cpp.o -MF CMakeFiles/test_common.dir/tests/test_common.cpp.o.d -o CMakeFiles/test_common.dir/tests/test_common.cpp.o -c /Users/wafoe/projects/me/CXXEg/build-stage2-clean-source/tests/test_common.cpp
[ 88%] Linking CXX executable test_reference
/opt/homebrew/bin/cmake -E cmake_link_script CMakeFiles/test_reference.dir/link.txt --verbose=1
/usr/bin/c++ -O3 -DNDEBUG -arch arm64 -Wl,-search_paths_first -Wl,-headerpad_max_install_names CMakeFiles/test_reference.dir/tests/test_reference.cpp.o -o test_reference  libruntime.a
[ 88%] Built target test_reference
[ 92%] Linking CXX executable test_transformer_contracts
/opt/homebrew/bin/cmake -E cmake_link_script CMakeFiles/test_transformer_contracts.dir/link.txt --verbose=1
/usr/bin/c++ -O3 -DNDEBUG -arch arm64 -Wl,-search_paths_first -Wl,-headerpad_max_install_names CMakeFiles/test_transformer_contracts.dir/tests/test_transformer_contracts.cpp.o -o test_transformer_contracts  libruntime.a
[ 92%] Built target test_transformer_contracts
[ 96%] Linking CXX executable test_common
/opt/homebrew/bin/cmake -E cmake_link_script CMakeFiles/test_common.dir/link.txt --verbose=1
[100%] Linking CXX executable test_operator_fixtures
/opt/homebrew/bin/cmake -E cmake_link_script CMakeFiles/test_operator_fixtures.dir/link.txt --verbose=1
/usr/bin/c++ -O3 -DNDEBUG -arch arm64 -Wl,-search_paths_first -Wl,-headerpad_max_install_names CMakeFiles/test_common.dir/tests/test_common.cpp.o -o test_common  libstage0_common.a
/usr/bin/c++ -O3 -DNDEBUG -arch arm64 -Wl,-search_paths_first -Wl,-headerpad_max_install_names CMakeFiles/test_operator_fixtures.dir/tests/test_operator_fixtures.cpp.o -o test_operator_fixtures  libruntime.a
[100%] Built target test_common
[100%] Built target test_operator_fixtures
/opt/homebrew/bin/cmake -E cmake_progress_start /Users/wafoe/projects/me/CXXEg/build-stage2-clean-source/build-stage2-validation/20261005T121705133744Z-8132/release/CMakeFiles 0

