Change Dir: '/Users/wafoe/projects/me/CXXEg/build-stage3-validation/20261005T131114546233Z-20276/debug'

Run Build Command(s): /opt/homebrew/bin/cmake -E env VERBOSE=1 /usr/bin/make -f Makefile -j4
/opt/homebrew/bin/cmake -S/Users/wafoe/projects/me/CXXEg -B/Users/wafoe/projects/me/CXXEg/build-stage3-validation/20261005T131114546233Z-20276/debug --check-build-system CMakeFiles/Makefile.cmake 0
/opt/homebrew/bin/cmake -E cmake_progress_start /Users/wafoe/projects/me/CXXEg/build-stage3-validation/20261005T131114546233Z-20276/debug/CMakeFiles /Users/wafoe/projects/me/CXXEg/build-stage3-validation/20261005T131114546233Z-20276/debug//CMakeFiles/progress.marks
/Library/Developer/CommandLineTools/usr/bin/make  -f CMakeFiles/Makefile2 all
/Library/Developer/CommandLineTools/usr/bin/make  -f CMakeFiles/refresh_provenance.dir/build.make CMakeFiles/refresh_provenance.dir/depend
/Library/Developer/CommandLineTools/usr/bin/make  -f CMakeFiles/runtime.dir/build.make CMakeFiles/runtime.dir/depend
cd /Users/wafoe/projects/me/CXXEg/build-stage3-validation/20261005T131114546233Z-20276/debug && /opt/homebrew/bin/cmake -E cmake_depends "Unix Makefiles" /Users/wafoe/projects/me/CXXEg /Users/wafoe/projects/me/CXXEg /Users/wafoe/projects/me/CXXEg/build-stage3-validation/20261005T131114546233Z-20276/debug /Users/wafoe/projects/me/CXXEg/build-stage3-validation/20261005T131114546233Z-20276/debug /Users/wafoe/projects/me/CXXEg/build-stage3-validation/20261005T131114546233Z-20276/debug/CMakeFiles/refresh_provenance.dir/DependInfo.cmake "--color=" refresh_provenance
cd /Users/wafoe/projects/me/CXXEg/build-stage3-validation/20261005T131114546233Z-20276/debug && /opt/homebrew/bin/cmake -E cmake_depends "Unix Makefiles" /Users/wafoe/projects/me/CXXEg /Users/wafoe/projects/me/CXXEg /Users/wafoe/projects/me/CXXEg/build-stage3-validation/20261005T131114546233Z-20276/debug /Users/wafoe/projects/me/CXXEg/build-stage3-validation/20261005T131114546233Z-20276/debug /Users/wafoe/projects/me/CXXEg/build-stage3-validation/20261005T131114546233Z-20276/debug/CMakeFiles/runtime.dir/DependInfo.cmake "--color=" runtime
/Library/Developer/CommandLineTools/usr/bin/make  -f CMakeFiles/refresh_provenance.dir/build.make CMakeFiles/refresh_provenance.dir/build
/Library/Developer/CommandLineTools/usr/bin/make  -f CMakeFiles/runtime.dir/build.make CMakeFiles/runtime.dir/build
/Users/wafoe/miniforge3/bin/python3.14 /Users/wafoe/projects/me/CXXEg/tools/provenance.py --root /Users/wafoe/projects/me/CXXEg --header /Users/wafoe/projects/me/CXXEg/build-stage3-validation/20261005T131114546233Z-20276/debug/generated/stage0/provenance.hpp
[  8%] Building CXX object CMakeFiles/runtime.dir/src/runtime/storage.cpp.o
[  8%] Building CXX object CMakeFiles/runtime.dir/src/runtime/tensor.cpp.o
[  8%] Building CXX object CMakeFiles/runtime.dir/src/runtime/copy.cpp.o
/usr/bin/c++ -DRUNTIME_TESTING=1 -I/Users/wafoe/projects/me/CXXEg/include -g -std=c++17 -arch arm64 -Wall -Wextra -Wpedantic -MD -MT CMakeFiles/runtime.dir/src/runtime/tensor.cpp.o -MF CMakeFiles/runtime.dir/src/runtime/tensor.cpp.o.d -o CMakeFiles/runtime.dir/src/runtime/tensor.cpp.o -c /Users/wafoe/projects/me/CXXEg/src/runtime/tensor.cpp
/usr/bin/c++ -DRUNTIME_TESTING=1 -I/Users/wafoe/projects/me/CXXEg/include -g -std=c++17 -arch arm64 -Wall -Wextra -Wpedantic -MD -MT CMakeFiles/runtime.dir/src/runtime/copy.cpp.o -MF CMakeFiles/runtime.dir/src/runtime/copy.cpp.o.d -o CMakeFiles/runtime.dir/src/runtime/copy.cpp.o -c /Users/wafoe/projects/me/CXXEg/src/runtime/copy.cpp
/usr/bin/c++ -DRUNTIME_TESTING=1 -I/Users/wafoe/projects/me/CXXEg/include -g -std=c++17 -arch arm64 -Wall -Wextra -Wpedantic -MD -MT CMakeFiles/runtime.dir/src/runtime/storage.cpp.o -MF CMakeFiles/runtime.dir/src/runtime/storage.cpp.o.d -o CMakeFiles/runtime.dir/src/runtime/storage.cpp.o -c /Users/wafoe/projects/me/CXXEg/src/runtime/storage.cpp
[  8%] Built target refresh_provenance
[ 10%] Building CXX object CMakeFiles/runtime.dir/src/runtime/operator.cpp.o
/usr/bin/c++ -DRUNTIME_TESTING=1 -I/Users/wafoe/projects/me/CXXEg/include -g -std=c++17 -arch arm64 -Wall -Wextra -Wpedantic -MD -MT CMakeFiles/runtime.dir/src/runtime/operator.cpp.o -MF CMakeFiles/runtime.dir/src/runtime/operator.cpp.o.d -o CMakeFiles/runtime.dir/src/runtime/operator.cpp.o -c /Users/wafoe/projects/me/CXXEg/src/runtime/operator.cpp
[ 16%] Building CXX object CMakeFiles/runtime.dir/src/runtime/reference.cpp.o
[ 16%] Building CXX object CMakeFiles/runtime.dir/src/runtime/shape_inference.cpp.o
/usr/bin/c++ -DRUNTIME_TESTING=1 -I/Users/wafoe/projects/me/CXXEg/include -g -std=c++17 -arch arm64 -Wall -Wextra -Wpedantic -MD -MT CMakeFiles/runtime.dir/src/runtime/reference.cpp.o -MF CMakeFiles/runtime.dir/src/runtime/reference.cpp.o.d -o CMakeFiles/runtime.dir/src/runtime/reference.cpp.o -c /Users/wafoe/projects/me/CXXEg/src/runtime/reference.cpp
/usr/bin/c++ -DRUNTIME_TESTING=1 -I/Users/wafoe/projects/me/CXXEg/include -g -std=c++17 -arch arm64 -Wall -Wextra -Wpedantic -MD -MT CMakeFiles/runtime.dir/src/runtime/shape_inference.cpp.o -MF CMakeFiles/runtime.dir/src/runtime/shape_inference.cpp.o.d -o CMakeFiles/runtime.dir/src/runtime/shape_inference.cpp.o -c /Users/wafoe/projects/me/CXXEg/src/runtime/shape_inference.cpp
[ 18%] Building CXX object CMakeFiles/runtime.dir/src/runtime/layout.cpp.o
/usr/bin/c++ -DRUNTIME_TESTING=1 -I/Users/wafoe/projects/me/CXXEg/include -g -std=c++17 -arch arm64 -Wall -Wextra -Wpedantic -MD -MT CMakeFiles/runtime.dir/src/runtime/layout.cpp.o -MF CMakeFiles/runtime.dir/src/runtime/layout.cpp.o.d -o CMakeFiles/runtime.dir/src/runtime/layout.cpp.o -c /Users/wafoe/projects/me/CXXEg/src/runtime/layout.cpp
[ 21%] Building CXX object CMakeFiles/runtime.dir/src/runtime/graph.cpp.o
/usr/bin/c++ -DRUNTIME_TESTING=1 -I/Users/wafoe/projects/me/CXXEg/include -g -std=c++17 -arch arm64 -Wall -Wextra -Wpedantic -MD -MT CMakeFiles/runtime.dir/src/runtime/graph.cpp.o -MF CMakeFiles/runtime.dir/src/runtime/graph.cpp.o.d -o CMakeFiles/runtime.dir/src/runtime/graph.cpp.o -c /Users/wafoe/projects/me/CXXEg/src/runtime/graph.cpp
[ 24%] Building CXX object CMakeFiles/runtime.dir/src/runtime/graph_executor.cpp.o
/usr/bin/c++ -DRUNTIME_TESTING=1 -I/Users/wafoe/projects/me/CXXEg/include -g -std=c++17 -arch arm64 -Wall -Wextra -Wpedantic -MD -MT CMakeFiles/runtime.dir/src/runtime/graph_executor.cpp.o -MF CMakeFiles/runtime.dir/src/runtime/graph_executor.cpp.o.d -o CMakeFiles/runtime.dir/src/runtime/graph_executor.cpp.o -c /Users/wafoe/projects/me/CXXEg/src/runtime/graph_executor.cpp
[ 27%] Building CXX object CMakeFiles/runtime.dir/src/runtime/graph_trace.cpp.o
/usr/bin/c++ -DRUNTIME_TESTING=1 -I/Users/wafoe/projects/me/CXXEg/include -g -std=c++17 -arch arm64 -Wall -Wextra -Wpedantic -MD -MT CMakeFiles/runtime.dir/src/runtime/graph_trace.cpp.o -MF CMakeFiles/runtime.dir/src/runtime/graph_trace.cpp.o.d -o CMakeFiles/runtime.dir/src/runtime/graph_trace.cpp.o -c /Users/wafoe/projects/me/CXXEg/src/runtime/graph_trace.cpp
/Library/Developer/CommandLineTools/usr/bin/make  -f CMakeFiles/stage0_common.dir/build.make CMakeFiles/stage0_common.dir/depend
cd /Users/wafoe/projects/me/CXXEg/build-stage3-validation/20261005T131114546233Z-20276/debug && /opt/homebrew/bin/cmake -E cmake_depends "Unix Makefiles" /Users/wafoe/projects/me/CXXEg /Users/wafoe/projects/me/CXXEg /Users/wafoe/projects/me/CXXEg/build-stage3-validation/20261005T131114546233Z-20276/debug /Users/wafoe/projects/me/CXXEg/build-stage3-validation/20261005T131114546233Z-20276/debug /Users/wafoe/projects/me/CXXEg/build-stage3-validation/20261005T131114546233Z-20276/debug/CMakeFiles/stage0_common.dir/DependInfo.cmake "--color=" stage0_common
/Library/Developer/CommandLineTools/usr/bin/make  -f CMakeFiles/stage0_common.dir/build.make CMakeFiles/stage0_common.dir/build
[ 29%] Building CXX object CMakeFiles/stage0_common.dir/src/common.cpp.o
/usr/bin/c++  -I/Users/wafoe/projects/me/CXXEg/include -I/Users/wafoe/projects/me/CXXEg/build-stage3-validation/20261005T131114546233Z-20276/debug/generated -g -std=c++17 -arch arm64 -Wall -Wextra -Wpedantic -MD -MT CMakeFiles/stage0_common.dir/src/common.cpp.o -MF CMakeFiles/stage0_common.dir/src/common.cpp.o.d -o CMakeFiles/stage0_common.dir/src/common.cpp.o -c /Users/wafoe/projects/me/CXXEg/src/common.cpp
[ 32%] Linking CXX static library libstage0_common.a
/opt/homebrew/bin/cmake -P CMakeFiles/stage0_common.dir/cmake_clean_target.cmake
[ 35%] Linking CXX static library libruntime.a
/opt/homebrew/bin/cmake -P CMakeFiles/runtime.dir/cmake_clean_target.cmake
/opt/homebrew/bin/cmake -E cmake_link_script CMakeFiles/stage0_common.dir/link.txt --verbose=1
/opt/homebrew/bin/cmake -E cmake_link_script CMakeFiles/runtime.dir/link.txt --verbose=1
/usr/bin/ar qc libstage0_common.a CMakeFiles/stage0_common.dir/src/common.cpp.o
/usr/bin/ranlib libstage0_common.a
[ 35%] Built target stage0_common
/usr/bin/ar qc libruntime.a CMakeFiles/runtime.dir/src/runtime/storage.cpp.o CMakeFiles/runtime.dir/src/runtime/tensor.cpp.o CMakeFiles/runtime.dir/src/runtime/copy.cpp.o CMakeFiles/runtime.dir/src/runtime/operator.cpp.o CMakeFiles/runtime.dir/src/runtime/shape_inference.cpp.o CMakeFiles/runtime.dir/src/runtime/reference.cpp.o CMakeFiles/runtime.dir/src/runtime/layout.cpp.o CMakeFiles/runtime.dir/src/runtime/graph.cpp.o CMakeFiles/runtime.dir/src/runtime/graph_executor.cpp.o CMakeFiles/runtime.dir/src/runtime/graph_trace.cpp.o
/usr/bin/ranlib libruntime.a
/Library/Developer/CommandLineTools/usr/bin/make  -f CMakeFiles/test_common.dir/build.make CMakeFiles/test_common.dir/depend
cd /Users/wafoe/projects/me/CXXEg/build-stage3-validation/20261005T131114546233Z-20276/debug && /opt/homebrew/bin/cmake -E cmake_depends "Unix Makefiles" /Users/wafoe/projects/me/CXXEg /Users/wafoe/projects/me/CXXEg /Users/wafoe/projects/me/CXXEg/build-stage3-validation/20261005T131114546233Z-20276/debug /Users/wafoe/projects/me/CXXEg/build-stage3-validation/20261005T131114546233Z-20276/debug /Users/wafoe/projects/me/CXXEg/build-stage3-validation/20261005T131114546233Z-20276/debug/CMakeFiles/test_common.dir/DependInfo.cmake "--color=" test_common
[ 35%] Built target runtime
/Library/Developer/CommandLineTools/usr/bin/make  -f CMakeFiles/test_tensor.dir/build.make CMakeFiles/test_tensor.dir/depend
/Library/Developer/CommandLineTools/usr/bin/make  -f CMakeFiles/test_tensor_properties.dir/build.make CMakeFiles/test_tensor_properties.dir/depend
/Library/Developer/CommandLineTools/usr/bin/make  -f CMakeFiles/test_operator.dir/build.make CMakeFiles/test_operator.dir/depend
cd /Users/wafoe/projects/me/CXXEg/build-stage3-validation/20261005T131114546233Z-20276/debug && /opt/homebrew/bin/cmake -E cmake_depends "Unix Makefiles" /Users/wafoe/projects/me/CXXEg /Users/wafoe/projects/me/CXXEg /Users/wafoe/projects/me/CXXEg/build-stage3-validation/20261005T131114546233Z-20276/debug /Users/wafoe/projects/me/CXXEg/build-stage3-validation/20261005T131114546233Z-20276/debug /Users/wafoe/projects/me/CXXEg/build-stage3-validation/20261005T131114546233Z-20276/debug/CMakeFiles/test_tensor.dir/DependInfo.cmake "--color=" test_tensor
/Library/Developer/CommandLineTools/usr/bin/make  -f CMakeFiles/test_common.dir/build.make CMakeFiles/test_common.dir/build
cd /Users/wafoe/projects/me/CXXEg/build-stage3-validation/20261005T131114546233Z-20276/debug && /opt/homebrew/bin/cmake -E cmake_depends "Unix Makefiles" /Users/wafoe/projects/me/CXXEg /Users/wafoe/projects/me/CXXEg /Users/wafoe/projects/me/CXXEg/build-stage3-validation/20261005T131114546233Z-20276/debug /Users/wafoe/projects/me/CXXEg/build-stage3-validation/20261005T131114546233Z-20276/debug /Users/wafoe/projects/me/CXXEg/build-stage3-validation/20261005T131114546233Z-20276/debug/CMakeFiles/test_tensor_properties.dir/DependInfo.cmake "--color=" test_tensor_properties
cd /Users/wafoe/projects/me/CXXEg/build-stage3-validation/20261005T131114546233Z-20276/debug && /opt/homebrew/bin/cmake -E cmake_depends "Unix Makefiles" /Users/wafoe/projects/me/CXXEg /Users/wafoe/projects/me/CXXEg /Users/wafoe/projects/me/CXXEg/build-stage3-validation/20261005T131114546233Z-20276/debug /Users/wafoe/projects/me/CXXEg/build-stage3-validation/20261005T131114546233Z-20276/debug /Users/wafoe/projects/me/CXXEg/build-stage3-validation/20261005T131114546233Z-20276/debug/CMakeFiles/test_operator.dir/DependInfo.cmake "--color=" test_operator
/Library/Developer/CommandLineTools/usr/bin/make  -f CMakeFiles/test_tensor_properties.dir/build.make CMakeFiles/test_tensor_properties.dir/build
/Library/Developer/CommandLineTools/usr/bin/make  -f CMakeFiles/test_operator.dir/build.make CMakeFiles/test_operator.dir/build
/Library/Developer/CommandLineTools/usr/bin/make  -f CMakeFiles/test_tensor.dir/build.make CMakeFiles/test_tensor.dir/build
[ 37%] Building CXX object CMakeFiles/test_common.dir/tests/test_common.cpp.o
/usr/bin/c++  -I/Users/wafoe/projects/me/CXXEg/include -I/Users/wafoe/projects/me/CXXEg/build-stage3-validation/20261005T131114546233Z-20276/debug/generated -g -std=c++17 -arch arm64 -Wall -Wextra -Wpedantic -MD -MT CMakeFiles/test_common.dir/tests/test_common.cpp.o -MF CMakeFiles/test_common.dir/tests/test_common.cpp.o.d -o CMakeFiles/test_common.dir/tests/test_common.cpp.o -c /Users/wafoe/projects/me/CXXEg/tests/test_common.cpp
[ 45%] Building CXX object CMakeFiles/test_operator.dir/tests/test_operator.cpp.o
[ 45%] Building CXX object CMakeFiles/test_tensor.dir/tests/test_tensor.cpp.o
[ 45%] Building CXX object CMakeFiles/test_tensor_properties.dir/tests/test_tensor_properties.cpp.o
/usr/bin/c++ -DRUNTIME_TESTING=1 -I/Users/wafoe/projects/me/CXXEg/include -g -std=c++17 -arch arm64 -Wall -Wextra -Wpedantic -MD -MT CMakeFiles/test_operator.dir/tests/test_operator.cpp.o -MF CMakeFiles/test_operator.dir/tests/test_operator.cpp.o.d -o CMakeFiles/test_operator.dir/tests/test_operator.cpp.o -c /Users/wafoe/projects/me/CXXEg/tests/test_operator.cpp
/usr/bin/c++ -DRUNTIME_TESTING=1 -I/Users/wafoe/projects/me/CXXEg/include -g -std=c++17 -arch arm64 -Wall -Wextra -Wpedantic -MD -MT CMakeFiles/test_tensor.dir/tests/test_tensor.cpp.o -MF CMakeFiles/test_tensor.dir/tests/test_tensor.cpp.o.d -o CMakeFiles/test_tensor.dir/tests/test_tensor.cpp.o -c /Users/wafoe/projects/me/CXXEg/tests/test_tensor.cpp
/usr/bin/c++ -DRUNTIME_TESTING=1 -I/Users/wafoe/projects/me/CXXEg/include -g -std=c++17 -arch arm64 -Wall -Wextra -Wpedantic -MD -MT CMakeFiles/test_tensor_properties.dir/tests/test_tensor_properties.cpp.o -MF CMakeFiles/test_tensor_properties.dir/tests/test_tensor_properties.cpp.o.d -o CMakeFiles/test_tensor_properties.dir/tests/test_tensor_properties.cpp.o -c /Users/wafoe/projects/me/CXXEg/tests/test_tensor_properties.cpp
[ 48%] Linking CXX executable test_tensor_properties
/opt/homebrew/bin/cmake -E cmake_link_script CMakeFiles/test_tensor_properties.dir/link.txt --verbose=1
[ 51%] Linking CXX executable test_operator
/opt/homebrew/bin/cmake -E cmake_link_script CMakeFiles/test_operator.dir/link.txt --verbose=1
[ 54%] Linking CXX executable test_tensor
/opt/homebrew/bin/cmake -E cmake_link_script CMakeFiles/test_tensor.dir/link.txt --verbose=1
/usr/bin/c++ -g -arch arm64 -Wl,-search_paths_first -Wl,-headerpad_max_install_names CMakeFiles/test_tensor_properties.dir/tests/test_tensor_properties.cpp.o -o test_tensor_properties  libruntime.a
[ 54%] Built target test_tensor_properties
/Library/Developer/CommandLineTools/usr/bin/make  -f CMakeFiles/test_shape_inference.dir/build.make CMakeFiles/test_shape_inference.dir/depend
cd /Users/wafoe/projects/me/CXXEg/build-stage3-validation/20261005T131114546233Z-20276/debug && /opt/homebrew/bin/cmake -E cmake_depends "Unix Makefiles" /Users/wafoe/projects/me/CXXEg /Users/wafoe/projects/me/CXXEg /Users/wafoe/projects/me/CXXEg/build-stage3-validation/20261005T131114546233Z-20276/debug /Users/wafoe/projects/me/CXXEg/build-stage3-validation/20261005T131114546233Z-20276/debug /Users/wafoe/projects/me/CXXEg/build-stage3-validation/20261005T131114546233Z-20276/debug/CMakeFiles/test_shape_inference.dir/DependInfo.cmake "--color=" test_shape_inference
/usr/bin/c++ -g -arch arm64 -Wl,-search_paths_first -Wl,-headerpad_max_install_names CMakeFiles/test_operator.dir/tests/test_operator.cpp.o -o test_operator  libruntime.a
/Library/Developer/CommandLineTools/usr/bin/make  -f CMakeFiles/test_shape_inference.dir/build.make CMakeFiles/test_shape_inference.dir/build
[ 54%] Built target test_operator
[ 56%] Linking CXX executable test_common
/Library/Developer/CommandLineTools/usr/bin/make  -f CMakeFiles/test_reference.dir/build.make CMakeFiles/test_reference.dir/depend
/opt/homebrew/bin/cmake -E cmake_link_script CMakeFiles/test_common.dir/link.txt --verbose=1
/usr/bin/c++ -g -arch arm64 -Wl,-search_paths_first -Wl,-headerpad_max_install_names CMakeFiles/test_tensor.dir/tests/test_tensor.cpp.o -o test_tensor  libruntime.a
cd /Users/wafoe/projects/me/CXXEg/build-stage3-validation/20261005T131114546233Z-20276/debug && /opt/homebrew/bin/cmake -E cmake_depends "Unix Makefiles" /Users/wafoe/projects/me/CXXEg /Users/wafoe/projects/me/CXXEg /Users/wafoe/projects/me/CXXEg/build-stage3-validation/20261005T131114546233Z-20276/debug /Users/wafoe/projects/me/CXXEg/build-stage3-validation/20261005T131114546233Z-20276/debug /Users/wafoe/projects/me/CXXEg/build-stage3-validation/20261005T131114546233Z-20276/debug/CMakeFiles/test_reference.dir/DependInfo.cmake "--color=" test_reference
[ 56%] Built target test_tensor
/Library/Developer/CommandLineTools/usr/bin/make  -f CMakeFiles/test_transformer_contracts.dir/build.make CMakeFiles/test_transformer_contracts.dir/depend
[ 59%] Building CXX object CMakeFiles/test_shape_inference.dir/tests/test_shape_inference.cpp.o
/usr/bin/c++ -DRUNTIME_TESTING=1 -I/Users/wafoe/projects/me/CXXEg/include -g -std=c++17 -arch arm64 -Wall -Wextra -Wpedantic -MD -MT CMakeFiles/test_shape_inference.dir/tests/test_shape_inference.cpp.o -MF CMakeFiles/test_shape_inference.dir/tests/test_shape_inference.cpp.o.d -o CMakeFiles/test_shape_inference.dir/tests/test_shape_inference.cpp.o -c /Users/wafoe/projects/me/CXXEg/tests/test_shape_inference.cpp
/Library/Developer/CommandLineTools/usr/bin/make  -f CMakeFiles/test_reference.dir/build.make CMakeFiles/test_reference.dir/build
cd /Users/wafoe/projects/me/CXXEg/build-stage3-validation/20261005T131114546233Z-20276/debug && /opt/homebrew/bin/cmake -E cmake_depends "Unix Makefiles" /Users/wafoe/projects/me/CXXEg /Users/wafoe/projects/me/CXXEg /Users/wafoe/projects/me/CXXEg/build-stage3-validation/20261005T131114546233Z-20276/debug /Users/wafoe/projects/me/CXXEg/build-stage3-validation/20261005T131114546233Z-20276/debug /Users/wafoe/projects/me/CXXEg/build-stage3-validation/20261005T131114546233Z-20276/debug/CMakeFiles/test_transformer_contracts.dir/DependInfo.cmake "--color=" test_transformer_contracts
/Library/Developer/CommandLineTools/usr/bin/make  -f CMakeFiles/test_transformer_contracts.dir/build.make CMakeFiles/test_transformer_contracts.dir/build
[ 62%] Building CXX object CMakeFiles/test_reference.dir/tests/test_reference.cpp.o
/usr/bin/c++ -DRUNTIME_TESTING=1 -I/Users/wafoe/projects/me/CXXEg/include -g -std=c++17 -arch arm64 -Wall -Wextra -Wpedantic -MD -MT CMakeFiles/test_reference.dir/tests/test_reference.cpp.o -MF CMakeFiles/test_reference.dir/tests/test_reference.cpp.o.d -o CMakeFiles/test_reference.dir/tests/test_reference.cpp.o -c /Users/wafoe/projects/me/CXXEg/tests/test_reference.cpp
[ 64%] Building CXX object CMakeFiles/test_transformer_contracts.dir/tests/test_transformer_contracts.cpp.o
/usr/bin/c++ -DRUNTIME_TESTING=1 -I/Users/wafoe/projects/me/CXXEg/include -g -std=c++17 -arch arm64 -Wall -Wextra -Wpedantic -MD -MT CMakeFiles/test_transformer_contracts.dir/tests/test_transformer_contracts.cpp.o -MF CMakeFiles/test_transformer_contracts.dir/tests/test_transformer_contracts.cpp.o.d -o CMakeFiles/test_transformer_contracts.dir/tests/test_transformer_contracts.cpp.o -c /Users/wafoe/projects/me/CXXEg/tests/test_transformer_contracts.cpp
/usr/bin/c++ -g -arch arm64 -Wl,-search_paths_first -Wl,-headerpad_max_install_names CMakeFiles/test_common.dir/tests/test_common.cpp.o -o test_common  libstage0_common.a
[ 64%] Built target test_common
/Library/Developer/CommandLineTools/usr/bin/make  -f CMakeFiles/test_operator_fixtures.dir/build.make CMakeFiles/test_operator_fixtures.dir/depend
cd /Users/wafoe/projects/me/CXXEg/build-stage3-validation/20261005T131114546233Z-20276/debug && /opt/homebrew/bin/cmake -E cmake_depends "Unix Makefiles" /Users/wafoe/projects/me/CXXEg /Users/wafoe/projects/me/CXXEg /Users/wafoe/projects/me/CXXEg/build-stage3-validation/20261005T131114546233Z-20276/debug /Users/wafoe/projects/me/CXXEg/build-stage3-validation/20261005T131114546233Z-20276/debug /Users/wafoe/projects/me/CXXEg/build-stage3-validation/20261005T131114546233Z-20276/debug/CMakeFiles/test_operator_fixtures.dir/DependInfo.cmake "--color=" test_operator_fixtures
/Library/Developer/CommandLineTools/usr/bin/make  -f CMakeFiles/test_operator_fixtures.dir/build.make CMakeFiles/test_operator_fixtures.dir/build
[ 67%] Building CXX object CMakeFiles/test_operator_fixtures.dir/tests/test_operator_fixtures.cpp.o
/usr/bin/c++ -DRUNTIME_TESTING=1 -I/Users/wafoe/projects/me/CXXEg/include -g -std=c++17 -arch arm64 -Wall -Wextra -Wpedantic -MD -MT CMakeFiles/test_operator_fixtures.dir/tests/test_operator_fixtures.cpp.o -MF CMakeFiles/test_operator_fixtures.dir/tests/test_operator_fixtures.cpp.o.d -o CMakeFiles/test_operator_fixtures.dir/tests/test_operator_fixtures.cpp.o -c /Users/wafoe/projects/me/CXXEg/tests/test_operator_fixtures.cpp
[ 70%] Linking CXX executable test_reference
/opt/homebrew/bin/cmake -E cmake_link_script CMakeFiles/test_reference.dir/link.txt --verbose=1
[ 72%] Linking CXX executable test_transformer_contracts
/opt/homebrew/bin/cmake -E cmake_link_script CMakeFiles/test_transformer_contracts.dir/link.txt --verbose=1
[ 75%] Linking CXX executable test_shape_inference
/opt/homebrew/bin/cmake -E cmake_link_script CMakeFiles/test_shape_inference.dir/link.txt --verbose=1
/usr/bin/c++ -g -arch arm64 -Wl,-search_paths_first -Wl,-headerpad_max_install_names CMakeFiles/test_reference.dir/tests/test_reference.cpp.o -o test_reference  libruntime.a
/usr/bin/c++ -g -arch arm64 -Wl,-search_paths_first -Wl,-headerpad_max_install_names CMakeFiles/test_transformer_contracts.dir/tests/test_transformer_contracts.cpp.o -o test_transformer_contracts  libruntime.a
[ 75%] Built target test_reference
/Library/Developer/CommandLineTools/usr/bin/make  -f CMakeFiles/test_graph.dir/build.make CMakeFiles/test_graph.dir/depend
cd /Users/wafoe/projects/me/CXXEg/build-stage3-validation/20261005T131114546233Z-20276/debug && /opt/homebrew/bin/cmake -E cmake_depends "Unix Makefiles" /Users/wafoe/projects/me/CXXEg /Users/wafoe/projects/me/CXXEg /Users/wafoe/projects/me/CXXEg/build-stage3-validation/20261005T131114546233Z-20276/debug /Users/wafoe/projects/me/CXXEg/build-stage3-validation/20261005T131114546233Z-20276/debug /Users/wafoe/projects/me/CXXEg/build-stage3-validation/20261005T131114546233Z-20276/debug/CMakeFiles/test_graph.dir/DependInfo.cmake "--color=" test_graph
[ 75%] Built target test_transformer_contracts
/Library/Developer/CommandLineTools/usr/bin/make  -f CMakeFiles/test_graph_executor.dir/build.make CMakeFiles/test_graph_executor.dir/depend
cd /Users/wafoe/projects/me/CXXEg/build-stage3-validation/20261005T131114546233Z-20276/debug && /opt/homebrew/bin/cmake -E cmake_depends "Unix Makefiles" /Users/wafoe/projects/me/CXXEg /Users/wafoe/projects/me/CXXEg /Users/wafoe/projects/me/CXXEg/build-stage3-validation/20261005T131114546233Z-20276/debug /Users/wafoe/projects/me/CXXEg/build-stage3-validation/20261005T131114546233Z-20276/debug /Users/wafoe/projects/me/CXXEg/build-stage3-validation/20261005T131114546233Z-20276/debug/CMakeFiles/test_graph_executor.dir/DependInfo.cmake "--color=" test_graph_executor
/usr/bin/c++ -g -arch arm64 -Wl,-search_paths_first -Wl,-headerpad_max_install_names CMakeFiles/test_shape_inference.dir/tests/test_shape_inference.cpp.o -o test_shape_inference  libruntime.a
/Library/Developer/CommandLineTools/usr/bin/make  -f CMakeFiles/test_graph.dir/build.make CMakeFiles/test_graph.dir/build
[ 75%] Built target test_shape_inference
/Library/Developer/CommandLineTools/usr/bin/make  -f CMakeFiles/test_graph_fixtures.dir/build.make CMakeFiles/test_graph_fixtures.dir/depend
/Library/Developer/CommandLineTools/usr/bin/make  -f CMakeFiles/test_graph_executor.dir/build.make CMakeFiles/test_graph_executor.dir/build
[ 78%] Building CXX object CMakeFiles/test_graph.dir/tests/test_graph.cpp.o
cd /Users/wafoe/projects/me/CXXEg/build-stage3-validation/20261005T131114546233Z-20276/debug && /opt/homebrew/bin/cmake -E cmake_depends "Unix Makefiles" /Users/wafoe/projects/me/CXXEg /Users/wafoe/projects/me/CXXEg /Users/wafoe/projects/me/CXXEg/build-stage3-validation/20261005T131114546233Z-20276/debug /Users/wafoe/projects/me/CXXEg/build-stage3-validation/20261005T131114546233Z-20276/debug /Users/wafoe/projects/me/CXXEg/build-stage3-validation/20261005T131114546233Z-20276/debug/CMakeFiles/test_graph_fixtures.dir/DependInfo.cmake "--color=" test_graph_fixtures
/usr/bin/c++ -DRUNTIME_TESTING=1 -I/Users/wafoe/projects/me/CXXEg/include -g -std=c++17 -arch arm64 -Wall -Wextra -Wpedantic -MD -MT CMakeFiles/test_graph.dir/tests/test_graph.cpp.o -MF CMakeFiles/test_graph.dir/tests/test_graph.cpp.o.d -o CMakeFiles/test_graph.dir/tests/test_graph.cpp.o -c /Users/wafoe/projects/me/CXXEg/tests/test_graph.cpp
[ 81%] Building CXX object CMakeFiles/test_graph_executor.dir/tests/test_graph_executor.cpp.o
/usr/bin/c++ -DRUNTIME_TESTING=1 -I/Users/wafoe/projects/me/CXXEg/include -g -std=c++17 -arch arm64 -Wall -Wextra -Wpedantic -MD -MT CMakeFiles/test_graph_executor.dir/tests/test_graph_executor.cpp.o -MF CMakeFiles/test_graph_executor.dir/tests/test_graph_executor.cpp.o.d -o CMakeFiles/test_graph_executor.dir/tests/test_graph_executor.cpp.o -c /Users/wafoe/projects/me/CXXEg/tests/test_graph_executor.cpp
/Library/Developer/CommandLineTools/usr/bin/make  -f CMakeFiles/test_graph_fixtures.dir/build.make CMakeFiles/test_graph_fixtures.dir/build
[ 83%] Building CXX object CMakeFiles/test_graph_fixtures.dir/tests/test_graph_fixtures.cpp.o
/usr/bin/c++ -DRUNTIME_TESTING=1 -I/Users/wafoe/projects/me/CXXEg/include -g -std=c++17 -arch arm64 -Wall -Wextra -Wpedantic -MD -MT CMakeFiles/test_graph_fixtures.dir/tests/test_graph_fixtures.cpp.o -MF CMakeFiles/test_graph_fixtures.dir/tests/test_graph_fixtures.cpp.o.d -o CMakeFiles/test_graph_fixtures.dir/tests/test_graph_fixtures.cpp.o -c /Users/wafoe/projects/me/CXXEg/tests/test_graph_fixtures.cpp
[ 86%] Linking CXX executable test_operator_fixtures
/opt/homebrew/bin/cmake -E cmake_link_script CMakeFiles/test_operator_fixtures.dir/link.txt --verbose=1
/usr/bin/c++ -g -arch arm64 -Wl,-search_paths_first -Wl,-headerpad_max_install_names CMakeFiles/test_operator_fixtures.dir/tests/test_operator_fixtures.cpp.o -o test_operator_fixtures  libruntime.a
[ 86%] Built target test_operator_fixtures
/Library/Developer/CommandLineTools/usr/bin/make  -f CMakeFiles/test_graph_trace.dir/build.make CMakeFiles/test_graph_trace.dir/depend
cd /Users/wafoe/projects/me/CXXEg/build-stage3-validation/20261005T131114546233Z-20276/debug && /opt/homebrew/bin/cmake -E cmake_depends "Unix Makefiles" /Users/wafoe/projects/me/CXXEg /Users/wafoe/projects/me/CXXEg /Users/wafoe/projects/me/CXXEg/build-stage3-validation/20261005T131114546233Z-20276/debug /Users/wafoe/projects/me/CXXEg/build-stage3-validation/20261005T131114546233Z-20276/debug /Users/wafoe/projects/me/CXXEg/build-stage3-validation/20261005T131114546233Z-20276/debug/CMakeFiles/test_graph_trace.dir/DependInfo.cmake "--color=" test_graph_trace
/Library/Developer/CommandLineTools/usr/bin/make  -f CMakeFiles/test_graph_trace.dir/build.make CMakeFiles/test_graph_trace.dir/build
[ 89%] Building CXX object CMakeFiles/test_graph_trace.dir/tests/test_graph_trace.cpp.o
/usr/bin/c++ -DRUNTIME_TESTING=1 -I/Users/wafoe/projects/me/CXXEg/include -g -std=c++17 -arch arm64 -Wall -Wextra -Wpedantic -MD -MT CMakeFiles/test_graph_trace.dir/tests/test_graph_trace.cpp.o -MF CMakeFiles/test_graph_trace.dir/tests/test_graph_trace.cpp.o.d -o CMakeFiles/test_graph_trace.dir/tests/test_graph_trace.cpp.o -c /Users/wafoe/projects/me/CXXEg/tests/test_graph_trace.cpp
[ 91%] Linking CXX executable test_graph
/opt/homebrew/bin/cmake -E cmake_link_script CMakeFiles/test_graph.dir/link.txt --verbose=1
[ 94%] Linking CXX executable test_graph_executor
/opt/homebrew/bin/cmake -E cmake_link_script CMakeFiles/test_graph_executor.dir/link.txt --verbose=1
/usr/bin/c++ -g -arch arm64 -Wl,-search_paths_first -Wl,-headerpad_max_install_names CMakeFiles/test_graph.dir/tests/test_graph.cpp.o -o test_graph  libruntime.a
[ 97%] Linking CXX executable test_graph_fixtures
/opt/homebrew/bin/cmake -E cmake_link_script CMakeFiles/test_graph_fixtures.dir/link.txt --verbose=1
[100%] Linking CXX executable test_graph_trace
/opt/homebrew/bin/cmake -E cmake_link_script CMakeFiles/test_graph_trace.dir/link.txt --verbose=1
[100%] Built target test_graph
/usr/bin/c++ -g -arch arm64 -Wl,-search_paths_first -Wl,-headerpad_max_install_names CMakeFiles/test_graph_executor.dir/tests/test_graph_executor.cpp.o -o test_graph_executor  libruntime.a
[100%] Built target test_graph_executor
/usr/bin/c++ -g -arch arm64 -Wl,-search_paths_first -Wl,-headerpad_max_install_names CMakeFiles/test_graph_trace.dir/tests/test_graph_trace.cpp.o -o test_graph_trace  libruntime.a
/usr/bin/c++ -g -arch arm64 -Wl,-search_paths_first -Wl,-headerpad_max_install_names CMakeFiles/test_graph_fixtures.dir/tests/test_graph_fixtures.cpp.o -o test_graph_fixtures  libruntime.a
[100%] Built target test_graph_trace
[100%] Built target test_graph_fixtures
/opt/homebrew/bin/cmake -E cmake_progress_start /Users/wafoe/projects/me/CXXEg/build-stage3-validation/20261005T131114546233Z-20276/debug/CMakeFiles 0

