[ 57%] Built target runtime
[ 68%] Built target test_graph_trace
[ 78%] Built target test_graph
[ 89%] Built target test_graph_executor
[100%] Built target test_graph_fixtures
UpdateCTestConfiguration  from :/Users/wafoe/projects/me/CXXEg/build-stage3-validation/20261005T131114546233Z-20276/sanitizer/DartConfiguration.tcl
Parse Config file:/Users/wafoe/projects/me/CXXEg/build-stage3-validation/20261005T131114546233Z-20276/sanitizer/DartConfiguration.tcl
Test project /Users/wafoe/projects/me/CXXEg/build-stage3-validation/20261005T131114546233Z-20276/sanitizer
Constructing a list of tests
Done constructing a list of tests
Updating test list for fixtures
Added 0 tests to meet fixture requirements
Checking test dependency graph...
Checking test dependency graph end
test 10
    Start 10: graph

10: Test command: /Users/wafoe/projects/me/CXXEg/build-stage3-validation/20261005T131114546233Z-20276/sanitizer/test_graph
10: Working Directory: /Users/wafoe/projects/me/CXXEg/build-stage3-validation/20261005T131114546233Z-20276/sanitizer
10: Test timeout computed to be: 1500
10: graph ownership/topology/state: PASS
1/4 Test #10: graph ............................   Passed    0.48 sec
test 11
    Start 11: graph_executor

11: Test command: /Users/wafoe/projects/me/CXXEg/build-stage3-validation/20261005T131114546233Z-20276/sanitizer/test_graph_executor
11: Working Directory: /Users/wafoe/projects/me/CXXEg/build-stage3-validation/20261005T131114546233Z-20276/sanitizer
11: Test timeout computed to be: 1500
11: ADD->MATMUL counts: allocations=2 frees=1 peak_live_bytes=56 copies=0
11: seeded DAGs: PASS cases=60 seed=0x5303 nodes_per_case=12
11: graph executor: PASS
2/4 Test #11: graph_executor ...................   Passed    0.52 sec
test 12
    Start 12: graph_fixtures

12: Test command: /Users/wafoe/miniforge3/bin/python3.14 "/Users/wafoe/projects/me/CXXEg/tests/run_graph_fixtures.py" "--binary" "/Users/wafoe/projects/me/CXXEg/build-stage3-validation/20261005T131114546233Z-20276/sanitizer/test_graph_fixtures" "--root" "/Users/wafoe/projects/me/CXXEg/tests/fixtures/operators-v1"
12: Working Directory: /Users/wafoe/projects/me/CXXEg/build-stage3-validation/20261005T131114546233Z-20276/sanitizer
12: Test timeout computed to be: 1500
12: Graph fixture checksum/provenance: PASS
12: graph fixture add_hand core=PASS
12: graph fixture mul_scalar core=PASS
12: graph fixture matmul_rectangular core=PASS
12: graph fixture matmul_zero_inner core=PASS
12: graph fixture copy_ids_transpose core=PASS
12: graph fixture copy_fp32 core=PASS
12: graph fixture materialize_transpose core=PASS
12: graph fixture add_empty core=PASS
12: graph fixture rmsnorm_hand_zero_row unsupported=PASS
12: graph fixture softmax_stable unsupported=PASS
12: graph fixture softmax_decode_offset unsupported=PASS
12: graph fixture softmax_all_masked unsupported=PASS
12: graph fixture rope_interleaved_hand unsupported=PASS
12: graph fixture rope_tiny_heads unsupported=PASS
12: graph fixture embedding_hand unsupported=PASS
12: graph fixture swiglu_hand unsupported=PASS
12: graph fixture attention_decode_tiny_geometry unsupported=PASS
12: Graph fixtures: PASS numeric_core=8 unsupported=9
3/4 Test #12: graph_fixtures ...................   Passed    0.49 sec
test 13
    Start 13: graph_trace

13: Test command: /Users/wafoe/projects/me/CXXEg/build-stage3-validation/20261005T131114546233Z-20276/sanitizer/test_graph_trace
13: Working Directory: /Users/wafoe/projects/me/CXXEg/build-stage3-validation/20261005T131114546233Z-20276/sanitizer
13: Test timeout computed to be: 1500
13: diamond trace: NodeBegin:10:- Tensor:10:0 Tensor:10:1 Allocate:10:2 Tensor:10:2 NodeEnd:10:- NodeBegin:20:- Tensor:20:2 Tensor:20:1 Allocate:20:3 Tensor:20:3 NodeEnd:20:- Release:20:1 NodeBegin:30:- Tensor:30:2 Tensor:30:0 Allocate:30:4 Tensor:30:4 NodeEnd:30:- Release:30:0 Release:30:2 Free:30:2 NodeBegin:40:- Tensor:40:3 Tensor:40:4 Allocate:40:5 Tensor:40:5 NodeEnd:40:- Release:40:3 Free:40:3 Release:40:4 Free:40:4 Output:-:5 
13: graph trace: PASS
4/4 Test #13: graph_trace ......................   Passed    0.47 sec

100% tests passed out of 4

Label Time Summary:
cpu      =   1.96 sec*proc (4 tests)
graph    =   1.96 sec*proc (4 tests)

Total Test time (real) =   1.96 sec
[100%] Built target check_graph
[100%] Built target check_graph_sanitizers
