Change Dir: '/Users/wafoe/projects/me/CXXEg/build-stage3-clean-source/build-stage3-validation/20261005T131248311191Z-22617/production'

Run Build Command(s): /opt/homebrew/bin/cmake -E env VERBOSE=1 /usr/bin/make -f Makefile -j4
/opt/homebrew/bin/cmake -S/Users/wafoe/projects/me/CXXEg/build-stage3-clean-source -B/Users/wafoe/projects/me/CXXEg/build-stage3-clean-source/build-stage3-validation/20261005T131248311191Z-22617/production --check-build-system CMakeFiles/Makefile.cmake 0
/opt/homebrew/bin/cmake -E cmake_progress_start /Users/wafoe/projects/me/CXXEg/build-stage3-clean-source/build-stage3-validation/20261005T131248311191Z-22617/production/CMakeFiles /Users/wafoe/projects/me/CXXEg/build-stage3-clean-source/build-stage3-validation/20261005T131248311191Z-22617/production//CMakeFiles/progress.marks
/Library/Developer/CommandLineTools/usr/bin/make  -f CMakeFiles/Makefile2 all
/Library/Developer/CommandLineTools/usr/bin/make  -f CMakeFiles/refresh_provenance.dir/build.make CMakeFiles/refresh_provenance.dir/depend
/Library/Developer/CommandLineTools/usr/bin/make  -f CMakeFiles/runtime.dir/build.make CMakeFiles/runtime.dir/depend
cd /Users/wafoe/projects/me/CXXEg/build-stage3-clean-source/build-stage3-validation/20261005T131248311191Z-22617/production && /opt/homebrew/bin/cmake -E cmake_depends "Unix Makefiles" /Users/wafoe/projects/me/CXXEg/build-stage3-clean-source /Users/wafoe/projects/me/CXXEg/build-stage3-clean-source /Users/wafoe/projects/me/CXXEg/build-stage3-clean-source/build-stage3-validation/20261005T131248311191Z-22617/production /Users/wafoe/projects/me/CXXEg/build-stage3-clean-source/build-stage3-validation/20261005T131248311191Z-22617/production /Users/wafoe/projects/me/CXXEg/build-stage3-clean-source/build-stage3-validation/20261005T131248311191Z-22617/production/CMakeFiles/refresh_provenance.dir/DependInfo.cmake "--color=" refresh_provenance
cd /Users/wafoe/projects/me/CXXEg/build-stage3-clean-source/build-stage3-validation/20261005T131248311191Z-22617/production && /opt/homebrew/bin/cmake -E cmake_depends "Unix Makefiles" /Users/wafoe/projects/me/CXXEg/build-stage3-clean-source /Users/wafoe/projects/me/CXXEg/build-stage3-clean-source /Users/wafoe/projects/me/CXXEg/build-stage3-clean-source/build-stage3-validation/20261005T131248311191Z-22617/production /Users/wafoe/projects/me/CXXEg/build-stage3-clean-source/build-stage3-validation/20261005T131248311191Z-22617/production /Users/wafoe/projects/me/CXXEg/build-stage3-clean-source/build-stage3-validation/20261005T131248311191Z-22617/production/CMakeFiles/runtime.dir/DependInfo.cmake "--color=" runtime
/Library/Developer/CommandLineTools/usr/bin/make  -f CMakeFiles/refresh_provenance.dir/build.make CMakeFiles/refresh_provenance.dir/build
/Library/Developer/CommandLineTools/usr/bin/make  -f CMakeFiles/runtime.dir/build.make CMakeFiles/runtime.dir/build
/Users/wafoe/miniforge3/bin/python3.14 /Users/wafoe/projects/me/CXXEg/build-stage3-clean-source/tools/provenance.py --root /Users/wafoe/projects/me/CXXEg/build-stage3-clean-source --header /Users/wafoe/projects/me/CXXEg/build-stage3-clean-source/build-stage3-validation/20261005T131248311191Z-22617/production/generated/stage0/provenance.hpp
[ 23%] Building CXX object CMakeFiles/runtime.dir/src/runtime/storage.cpp.o
[ 23%] Building CXX object CMakeFiles/runtime.dir/src/runtime/copy.cpp.o
[ 23%] Building CXX object CMakeFiles/runtime.dir/src/runtime/tensor.cpp.o
/usr/bin/c++  -I/Users/wafoe/projects/me/CXXEg/build-stage3-clean-source/include -O3 -DNDEBUG -std=c++17 -arch arm64 -Wall -Wextra -Wpedantic -MD -MT CMakeFiles/runtime.dir/src/runtime/storage.cpp.o -MF CMakeFiles/runtime.dir/src/runtime/storage.cpp.o.d -o CMakeFiles/runtime.dir/src/runtime/storage.cpp.o -c /Users/wafoe/projects/me/CXXEg/build-stage3-clean-source/src/runtime/storage.cpp
/usr/bin/c++  -I/Users/wafoe/projects/me/CXXEg/build-stage3-clean-source/include -O3 -DNDEBUG -std=c++17 -arch arm64 -Wall -Wextra -Wpedantic -MD -MT CMakeFiles/runtime.dir/src/runtime/copy.cpp.o -MF CMakeFiles/runtime.dir/src/runtime/copy.cpp.o.d -o CMakeFiles/runtime.dir/src/runtime/copy.cpp.o -c /Users/wafoe/projects/me/CXXEg/build-stage3-clean-source/src/runtime/copy.cpp
/usr/bin/c++  -I/Users/wafoe/projects/me/CXXEg/build-stage3-clean-source/include -O3 -DNDEBUG -std=c++17 -arch arm64 -Wall -Wextra -Wpedantic -MD -MT CMakeFiles/runtime.dir/src/runtime/tensor.cpp.o -MF CMakeFiles/runtime.dir/src/runtime/tensor.cpp.o.d -o CMakeFiles/runtime.dir/src/runtime/tensor.cpp.o -c /Users/wafoe/projects/me/CXXEg/build-stage3-clean-source/src/runtime/tensor.cpp
[ 23%] Built target refresh_provenance
[ 30%] Building CXX object CMakeFiles/runtime.dir/src/runtime/operator.cpp.o
/usr/bin/c++  -I/Users/wafoe/projects/me/CXXEg/build-stage3-clean-source/include -O3 -DNDEBUG -std=c++17 -arch arm64 -Wall -Wextra -Wpedantic -MD -MT CMakeFiles/runtime.dir/src/runtime/operator.cpp.o -MF CMakeFiles/runtime.dir/src/runtime/operator.cpp.o.d -o CMakeFiles/runtime.dir/src/runtime/operator.cpp.o -c /Users/wafoe/projects/me/CXXEg/build-stage3-clean-source/src/runtime/operator.cpp
[ 38%] Building CXX object CMakeFiles/runtime.dir/src/runtime/shape_inference.cpp.o
/usr/bin/c++  -I/Users/wafoe/projects/me/CXXEg/build-stage3-clean-source/include -O3 -DNDEBUG -std=c++17 -arch arm64 -Wall -Wextra -Wpedantic -MD -MT CMakeFiles/runtime.dir/src/runtime/shape_inference.cpp.o -MF CMakeFiles/runtime.dir/src/runtime/shape_inference.cpp.o.d -o CMakeFiles/runtime.dir/src/runtime/shape_inference.cpp.o -c /Users/wafoe/projects/me/CXXEg/build-stage3-clean-source/src/runtime/shape_inference.cpp
[ 46%] Building CXX object CMakeFiles/runtime.dir/src/runtime/reference.cpp.o
/usr/bin/c++  -I/Users/wafoe/projects/me/CXXEg/build-stage3-clean-source/include -O3 -DNDEBUG -std=c++17 -arch arm64 -Wall -Wextra -Wpedantic -MD -MT CMakeFiles/runtime.dir/src/runtime/reference.cpp.o -MF CMakeFiles/runtime.dir/src/runtime/reference.cpp.o.d -o CMakeFiles/runtime.dir/src/runtime/reference.cpp.o -c /Users/wafoe/projects/me/CXXEg/build-stage3-clean-source/src/runtime/reference.cpp
[ 53%] Building CXX object CMakeFiles/runtime.dir/src/runtime/layout.cpp.o
/usr/bin/c++  -I/Users/wafoe/projects/me/CXXEg/build-stage3-clean-source/include -O3 -DNDEBUG -std=c++17 -arch arm64 -Wall -Wextra -Wpedantic -MD -MT CMakeFiles/runtime.dir/src/runtime/layout.cpp.o -MF CMakeFiles/runtime.dir/src/runtime/layout.cpp.o.d -o CMakeFiles/runtime.dir/src/runtime/layout.cpp.o -c /Users/wafoe/projects/me/CXXEg/build-stage3-clean-source/src/runtime/layout.cpp
[ 61%] Building CXX object CMakeFiles/runtime.dir/src/runtime/graph.cpp.o
/usr/bin/c++  -I/Users/wafoe/projects/me/CXXEg/build-stage3-clean-source/include -O3 -DNDEBUG -std=c++17 -arch arm64 -Wall -Wextra -Wpedantic -MD -MT CMakeFiles/runtime.dir/src/runtime/graph.cpp.o -MF CMakeFiles/runtime.dir/src/runtime/graph.cpp.o.d -o CMakeFiles/runtime.dir/src/runtime/graph.cpp.o -c /Users/wafoe/projects/me/CXXEg/build-stage3-clean-source/src/runtime/graph.cpp
[ 69%] Building CXX object CMakeFiles/runtime.dir/src/runtime/graph_executor.cpp.o
/usr/bin/c++  -I/Users/wafoe/projects/me/CXXEg/build-stage3-clean-source/include -O3 -DNDEBUG -std=c++17 -arch arm64 -Wall -Wextra -Wpedantic -MD -MT CMakeFiles/runtime.dir/src/runtime/graph_executor.cpp.o -MF CMakeFiles/runtime.dir/src/runtime/graph_executor.cpp.o.d -o CMakeFiles/runtime.dir/src/runtime/graph_executor.cpp.o -c /Users/wafoe/projects/me/CXXEg/build-stage3-clean-source/src/runtime/graph_executor.cpp
[ 76%] Building CXX object CMakeFiles/runtime.dir/src/runtime/graph_trace.cpp.o
/usr/bin/c++  -I/Users/wafoe/projects/me/CXXEg/build-stage3-clean-source/include -O3 -DNDEBUG -std=c++17 -arch arm64 -Wall -Wextra -Wpedantic -MD -MT CMakeFiles/runtime.dir/src/runtime/graph_trace.cpp.o -MF CMakeFiles/runtime.dir/src/runtime/graph_trace.cpp.o.d -o CMakeFiles/runtime.dir/src/runtime/graph_trace.cpp.o -c /Users/wafoe/projects/me/CXXEg/build-stage3-clean-source/src/runtime/graph_trace.cpp
/Library/Developer/CommandLineTools/usr/bin/make  -f CMakeFiles/stage0_common.dir/build.make CMakeFiles/stage0_common.dir/depend
cd /Users/wafoe/projects/me/CXXEg/build-stage3-clean-source/build-stage3-validation/20261005T131248311191Z-22617/production && /opt/homebrew/bin/cmake -E cmake_depends "Unix Makefiles" /Users/wafoe/projects/me/CXXEg/build-stage3-clean-source /Users/wafoe/projects/me/CXXEg/build-stage3-clean-source /Users/wafoe/projects/me/CXXEg/build-stage3-clean-source/build-stage3-validation/20261005T131248311191Z-22617/production /Users/wafoe/projects/me/CXXEg/build-stage3-clean-source/build-stage3-validation/20261005T131248311191Z-22617/production /Users/wafoe/projects/me/CXXEg/build-stage3-clean-source/build-stage3-validation/20261005T131248311191Z-22617/production/CMakeFiles/stage0_common.dir/DependInfo.cmake "--color=" stage0_common
/Library/Developer/CommandLineTools/usr/bin/make  -f CMakeFiles/stage0_common.dir/build.make CMakeFiles/stage0_common.dir/build
[ 84%] Building CXX object CMakeFiles/stage0_common.dir/src/common.cpp.o
/usr/bin/c++  -I/Users/wafoe/projects/me/CXXEg/build-stage3-clean-source/include -I/Users/wafoe/projects/me/CXXEg/build-stage3-clean-source/build-stage3-validation/20261005T131248311191Z-22617/production/generated -O3 -DNDEBUG -std=c++17 -arch arm64 -Wall -Wextra -Wpedantic -MD -MT CMakeFiles/stage0_common.dir/src/common.cpp.o -MF CMakeFiles/stage0_common.dir/src/common.cpp.o.d -o CMakeFiles/stage0_common.dir/src/common.cpp.o -c /Users/wafoe/projects/me/CXXEg/build-stage3-clean-source/src/common.cpp
[ 92%] Linking CXX static library libstage0_common.a
/opt/homebrew/bin/cmake -P CMakeFiles/stage0_common.dir/cmake_clean_target.cmake
/opt/homebrew/bin/cmake -E cmake_link_script CMakeFiles/stage0_common.dir/link.txt --verbose=1
/usr/bin/ar qc libstage0_common.a CMakeFiles/stage0_common.dir/src/common.cpp.o
/usr/bin/ranlib libstage0_common.a
[ 92%] Built target stage0_common
[100%] Linking CXX static library libruntime.a
/opt/homebrew/bin/cmake -P CMakeFiles/runtime.dir/cmake_clean_target.cmake
/opt/homebrew/bin/cmake -E cmake_link_script CMakeFiles/runtime.dir/link.txt --verbose=1
/usr/bin/ar qc libruntime.a CMakeFiles/runtime.dir/src/runtime/storage.cpp.o CMakeFiles/runtime.dir/src/runtime/tensor.cpp.o CMakeFiles/runtime.dir/src/runtime/copy.cpp.o CMakeFiles/runtime.dir/src/runtime/operator.cpp.o CMakeFiles/runtime.dir/src/runtime/shape_inference.cpp.o CMakeFiles/runtime.dir/src/runtime/reference.cpp.o CMakeFiles/runtime.dir/src/runtime/layout.cpp.o CMakeFiles/runtime.dir/src/runtime/graph.cpp.o CMakeFiles/runtime.dir/src/runtime/graph_executor.cpp.o CMakeFiles/runtime.dir/src/runtime/graph_trace.cpp.o
/usr/bin/ranlib libruntime.a
[100%] Built target runtime
/opt/homebrew/bin/cmake -E cmake_progress_start /Users/wafoe/projects/me/CXXEg/build-stage3-clean-source/build-stage3-validation/20261005T131248311191Z-22617/production/CMakeFiles 0

