-- Configuring done (0.2s)
-- Generating done (0.0s)
-- Build files have been written to: /Users/wafoe/projects/me/CXXEg/build-stage5-dev
[  5%] Building CXX object CMakeFiles/runtime.dir/src/runtime/graph_executor.cpp.o
[  5%] Building CXX object CMakeFiles/runtime.dir/src/runtime/planned_executor.cpp.o
[  5%] Building CXX object CMakeFiles/runtime.dir/src/runtime/allocation_provider.cpp.o
[  5%] Built target refresh_provenance
[  9%] Built target stage0_common
[ 13%] Built target test_common
[ 15%] Linking CXX static library libruntime.a
[ 37%] Built target runtime
[ 45%] Linking CXX executable test_operator
[ 45%] Building CXX object CMakeFiles/bench_allocator.dir/bench/bench_allocator.cpp.o
[ 45%] Linking CXX executable test_tensor
[ 45%] Linking CXX executable test_tensor_properties
[ 50%] Built target test_tensor_properties
[ 50%] Built target test_tensor
[ 50%] Built target test_operator
[ 56%] Linking CXX executable test_transformer_contracts
[ 56%] Linking CXX executable test_reference
[ 56%] Linking CXX executable test_shape_inference
[ 62%] Built target test_transformer_contracts
[ 62%] Built target test_reference
[ 62%] Built target test_shape_inference
[ 68%] Building CXX object CMakeFiles/test_graph_executor.dir/tests/test_graph_executor.cpp.o
[ 68%] Linking CXX executable test_graph
[ 68%] Linking CXX executable test_operator_fixtures
[ 72%] Built target test_operator_fixtures
[ 72%] Built target test_graph
[ 76%] Building CXX object CMakeFiles/test_graph_fixtures.dir/tests/test_graph_fixtures.cpp.o
[ 76%] Building CXX object CMakeFiles/test_graph_trace.dir/tests/test_graph_trace.cpp.o
[ 78%] Linking CXX executable bench_allocator
[ 78%] Built target bench_allocator
[ 80%] Linking CXX executable test_arena
[ 82%] Built target test_arena
[ 84%] Building CXX object CMakeFiles/test_allocation_provider.dir/tests/test_allocation_provider.cpp.o
[ 86%] Linking CXX executable test_graph_trace
[ 86%] Built target test_graph_trace
[ 88%] Linking CXX executable test_memory_planner
[ 90%] Built target test_memory_planner
[ 92%] Linking CXX executable test_graph_fixtures
[ 94%] Building CXX object CMakeFiles/test_planned_executor.dir/tests/test_planned_executor.cpp.o
[ 96%] Linking CXX executable test_graph_executor
[ 96%] Built target test_graph_fixtures
[ 96%] Built target test_graph_executor
[ 98%] Linking CXX executable test_allocation_provider
[ 98%] Built target test_allocation_provider
[100%] Linking CXX executable test_planned_executor
[100%] Built target test_planned_executor
