[ 58%] Built target runtime
[ 65%] Built target test_cpu_backend
[ 65%] Built target refresh_provenance
[ 72%] Built target stage0_common
[ 79%] Built target bench_cpu
[ 86%] Built target test_cpu_transformer_contract
[ 93%] Built target test_cpu_scalar
[100%] Built target test_cpu_backend_fixtures
UpdateCTestConfiguration  from :/Users/wafoe/projects/me/CXXEg-stage6-verify/build-stage6-validation/20261006T040533995553Z-78182/sanitizer/DartConfiguration.tcl
Parse Config file:/Users/wafoe/projects/me/CXXEg-stage6-verify/build-stage6-validation/20261006T040533995553Z-78182/sanitizer/DartConfiguration.tcl
Test project /Users/wafoe/projects/me/CXXEg-stage6-verify/build-stage6-validation/20261006T040533995553Z-78182/sanitizer
Constructing a list of tests
Done constructing a list of tests
Updating test list for fixtures
Added 0 tests to meet fixture requirements
Checking test dependency graph...
Checking test dependency graph end
test 1
    Start 1: cpu_benchmark_workloads

1: Test command: /Users/wafoe/projects/me/CXXEg-stage6-verify/build-stage6-validation/20261006T040533995553Z-78182/sanitizer/bench_cpu "--self-test"
1: Working Directory: /Users/wafoe/projects/me/CXXEg-stage6-verify/build-stage6-validation/20261006T040533995553Z-78182/sanitizer
1: Test timeout computed to be: 1500
1: CPU benchmark correctness: PASS eight zero/small/non-square/boundary shapes and graph policies (untimed)
1/6 Test #1: cpu_benchmark_workloads ..........   Passed    0.57 sec
test 2
    Start 2: cpu_tools

2: Test command: /Users/wafoe/miniforge3/bin/python3.14 "/Users/wafoe/projects/me/CXXEg-stage6-verify/tests/test_cpu_tools.py"
2: Working Directory: /Users/wafoe/projects/me/CXXEg-stage6-verify/build-stage6-validation/20261006T040533995553Z-78182/sanitizer
2: Test timeout computed to be: 1500
2: ......................
2: ----------------------------------------------------------------------
2: Ran 22 tests in 0.461s
2: 
2: OK
2/6 Test #2: cpu_tools ........................   Passed    0.52 sec
test 3
    Start 3: cpu_transformer_contract

3: Test command: /Users/wafoe/projects/me/CXXEg-stage6-verify/build-stage6-validation/20261006T040533995553Z-78182/sanitizer/test_cpu_transformer_contract "/Users/wafoe/projects/me/CXXEg-stage6-verify/tests/fixtures/operators-v1/operators-v1.txt"
3: Working Directory: /Users/wafoe/projects/me/CXXEg-stage6-verify/build-stage6-validation/20261006T040533995553Z-78182/sanitizer
3: Test timeout computed to be: 1500
3: CPU primitive reservations: PASS all six Unsupported, no numerical implementation
3/6 Test #3: cpu_transformer_contract .........   Passed    0.45 sec
test 4
    Start 4: cpu_scalar

4: Test command: /Users/wafoe/projects/me/CXXEg-stage6-verify/build-stage6-validation/20261006T040533995553Z-78182/sanitizer/test_cpu_scalar
4: Working Directory: /Users/wafoe/projects/me/CXXEg-stage6-verify/build-stage6-validation/20261006T040533995553Z-78182/sanitizer
4: Test timeout computed to be: 1500
4: CPU FP32 ijk v0: PASS seed=24578 random=240 zero/rectangular/guards/errors/copy/planner
4/6 Test #4: cpu_scalar .......................   Passed    0.60 sec
test 5
    Start 5: cpu_backend_fixtures

5: Test command: /Users/wafoe/miniforge3/bin/python3.14 "/Users/wafoe/projects/me/CXXEg-stage6-verify/tests/run_operator_fixtures.py" "--binary" "/Users/wafoe/projects/me/CXXEg-stage6-verify/build-stage6-validation/20261006T040533995553Z-78182/sanitizer/test_cpu_backend_fixtures" "--root" "/Users/wafoe/projects/me/CXXEg-stage6-verify/tests/fixtures/operators-v1"
5: Working Directory: /Users/wafoe/projects/me/CXXEg-stage6-verify/build-stage6-validation/20261006T040533995553Z-78182/sanitizer
5: Test timeout computed to be: 1500
5: Fixture checksum/provenance: PASS; tiny weights=21 tensors, 461056 bytes (not model execution)
5: fixture add_hand core=PASS max_abs=0 atol=1e-06 rtol=1e-05
5: descriptor {"version":1,"op":"ADD","inputs":[0,1],"outputs":[2],"attributes":{},"backend_hint":null}
5: fixture mul_scalar core=PASS max_abs=0 atol=1e-06 rtol=1e-05
5: descriptor {"version":1,"op":"MUL","inputs":[0,1],"outputs":[2],"attributes":{},"backend_hint":null}
5: fixture matmul_rectangular core=PASS max_abs=0 atol=1e-06 rtol=1e-05
5: descriptor {"version":1,"op":"MATMUL","inputs":[0,1],"outputs":[2],"attributes":{},"backend_hint":null}
5: fixture matmul_zero_inner core=PASS max_abs=0 atol=1e-06 rtol=1e-05
5: descriptor {"version":1,"op":"MATMUL","inputs":[0,1],"outputs":[2],"attributes":{},"backend_hint":null}
5: fixture copy_ids_transpose core=PASS max_abs=0 atol=1e-06 rtol=1e-05
5: descriptor {"version":1,"op":"COPY","inputs":[0,1],"outputs":[2],"attributes":{"overlap":"reject_except_exact_self"},"backend_hint":null}
5: fixture copy_fp32 core=PASS max_abs=0 atol=1e-06 rtol=1e-05
5: descriptor {"version":1,"op":"COPY","inputs":[0,1],"outputs":[2],"attributes":{"overlap":"reject_except_exact_self"},"backend_hint":null}
5: fixture materialize_transpose core=PASS max_abs=0 atol=1e-06 rtol=1e-05
5: descriptor {"version":1,"op":"MATERIALIZE","inputs":[0],"outputs":[1],"attributes":{},"backend_hint":null}
5: fixture add_empty core=PASS max_abs=0 atol=1e-06 rtol=1e-05
5: descriptor {"version":1,"op":"ADD","inputs":[0,1],"outputs":[2],"attributes":{},"backend_hint":null}
5: fixture rmsnorm_hand_zero_row metadata=PASS numeric=pending-S12
5: descriptor {"version":1,"op":"RMSNORM","inputs":[0,1],"outputs":[2],"attributes":{"epsilon":1.0000000000000001e-05},"backend_hint":null}
5: fixture softmax_stable metadata=PASS numeric=pending-S12
5: descriptor {"version":1,"op":"SOFTMAX","inputs":[0],"outputs":[1],"attributes":{"causal":false,"query_position":0,"key_position":0,"max_positions":1088},"backend_hint":null}
5: fixture softmax_decode_offset metadata=PASS numeric=pending-S12
5: descriptor {"version":1,"op":"SOFTMAX","inputs":[0],"outputs":[1],"attributes":{"causal":true,"query_position":2,"key_position":0,"max_positions":1088},"backend_hint":null}
5: fixture softmax_all_masked metadata=PASS numeric=pending-S12
5: descriptor {"version":1,"op":"SOFTMAX","inputs":[0],"outputs":[1],"attributes":{"causal":true,"query_position":0,"key_position":2,"max_positions":1088},"backend_hint":null}
5: fixture rope_interleaved_hand metadata=PASS numeric=pending-S12
5: descriptor {"version":1,"op":"ROPE","inputs":[0],"outputs":[1],"attributes":{"position":1,"base":10000,"max_positions":1088},"backend_hint":null}
5: fixture rope_tiny_heads metadata=PASS numeric=pending-S12
5: descriptor {"version":1,"op":"ROPE","inputs":[0],"outputs":[1],"attributes":{"position":17,"base":10000,"max_positions":1088},"backend_hint":null}
5: fixture embedding_hand metadata=PASS numeric=pending-S12
5: descriptor {"version":1,"op":"EMBEDDING","inputs":[0,1],"outputs":[2],"attributes":{},"backend_hint":null}
5: fixture swiglu_hand metadata=PASS numeric=pending-S12
5: descriptor {"version":1,"op":"SWIGLU","inputs":[0,1],"outputs":[2],"attributes":{},"backend_hint":null}
5: fixture attention_decode_tiny_geometry metadata=PASS numeric=pending-S12
5: descriptor {"version":1,"op":"ATTENTION","inputs":[0,1,2],"outputs":[3],"attributes":{"heads":4,"head_dim":16,"causal":true,"query_position":2,"key_position":0,"max_positions":1088},"backend_hint":null}
5: Operator fixtures: PASS numeric_core=8 transformer_metadata=9 malformed_reader=10
5/6 Test #5: cpu_backend_fixtures .............   Passed    0.52 sec
test 6
    Start 6: cpu_backend

6: Test command: /Users/wafoe/projects/me/CXXEg-stage6-verify/build-stage6-validation/20261006T040533995553Z-78182/sanitizer/test_cpu_backend
6: Working Directory: /Users/wafoe/projects/me/CXXEg-stage6-verify/build-stage6-validation/20261006T040533995553Z-78182/sanitizer
6: Test timeout computed to be: 1500
6: CPU backend interface/capability/graph/provider: PASS
6/6 Test #6: cpu_backend ......................   Passed    0.47 sec

100% tests passed out of 6

Label Time Summary:
backend    =   3.12 sec*proc (6 tests)
cpu        =   3.12 sec*proc (6 tests)

Total Test time (real) =   3.13 sec
[100%] Built target check_cpu_backend
[100%] Built target check_cpu_backend_sanitizers
