Change Dir: '/Users/wafoe/projects/me/CXXEg-stage6-verify/build-stage6-validation/20261006T040533995553Z-78182/sanitizer'

Run Build Command(s): /opt/homebrew/bin/cmake -E env VERBOSE=1 /usr/bin/make -f Makefile -j4
/opt/homebrew/bin/cmake -S/Users/wafoe/projects/me/CXXEg-stage6-verify -B/Users/wafoe/projects/me/CXXEg-stage6-verify/build-stage6-validation/20261006T040533995553Z-78182/sanitizer --check-build-system CMakeFiles/Makefile.cmake 0
/opt/homebrew/bin/cmake -E cmake_progress_start /Users/wafoe/projects/me/CXXEg-stage6-verify/build-stage6-validation/20261006T040533995553Z-78182/sanitizer/CMakeFiles /Users/wafoe/projects/me/CXXEg-stage6-verify/build-stage6-validation/20261006T040533995553Z-78182/sanitizer//CMakeFiles/progress.marks
/Library/Developer/CommandLineTools/usr/bin/make  -f CMakeFiles/Makefile2 all
/Library/Developer/CommandLineTools/usr/bin/make  -f CMakeFiles/refresh_provenance.dir/build.make CMakeFiles/refresh_provenance.dir/depend
/Library/Developer/CommandLineTools/usr/bin/make  -f CMakeFiles/runtime.dir/build.make CMakeFiles/runtime.dir/depend
cd /Users/wafoe/projects/me/CXXEg-stage6-verify/build-stage6-validation/20261006T040533995553Z-78182/sanitizer && /opt/homebrew/bin/cmake -E cmake_depends "Unix Makefiles" /Users/wafoe/projects/me/CXXEg-stage6-verify /Users/wafoe/projects/me/CXXEg-stage6-verify /Users/wafoe/projects/me/CXXEg-stage6-verify/build-stage6-validation/20261006T040533995553Z-78182/sanitizer /Users/wafoe/projects/me/CXXEg-stage6-verify/build-stage6-validation/20261006T040533995553Z-78182/sanitizer /Users/wafoe/projects/me/CXXEg-stage6-verify/build-stage6-validation/20261006T040533995553Z-78182/sanitizer/CMakeFiles/refresh_provenance.dir/DependInfo.cmake "--color=" refresh_provenance
cd /Users/wafoe/projects/me/CXXEg-stage6-verify/build-stage6-validation/20261006T040533995553Z-78182/sanitizer && /opt/homebrew/bin/cmake -E cmake_depends "Unix Makefiles" /Users/wafoe/projects/me/CXXEg-stage6-verify /Users/wafoe/projects/me/CXXEg-stage6-verify /Users/wafoe/projects/me/CXXEg-stage6-verify/build-stage6-validation/20261006T040533995553Z-78182/sanitizer /Users/wafoe/projects/me/CXXEg-stage6-verify/build-stage6-validation/20261006T040533995553Z-78182/sanitizer /Users/wafoe/projects/me/CXXEg-stage6-verify/build-stage6-validation/20261006T040533995553Z-78182/sanitizer/CMakeFiles/runtime.dir/DependInfo.cmake "--color=" runtime
/Library/Developer/CommandLineTools/usr/bin/make  -f CMakeFiles/refresh_provenance.dir/build.make CMakeFiles/refresh_provenance.dir/build
/Library/Developer/CommandLineTools/usr/bin/make  -f CMakeFiles/runtime.dir/build.make CMakeFiles/runtime.dir/build
/Users/wafoe/miniforge3/bin/python3.14 /Users/wafoe/projects/me/CXXEg-stage6-verify/tools/provenance.py --root /Users/wafoe/projects/me/CXXEg-stage6-verify --header /Users/wafoe/projects/me/CXXEg-stage6-verify/build-stage6-validation/20261006T040533995553Z-78182/sanitizer/generated/stage0/provenance.hpp
[  4%] Building CXX object CMakeFiles/runtime.dir/src/runtime/tensor.cpp.o
[  4%] Building CXX object CMakeFiles/runtime.dir/src/runtime/copy.cpp.o
[  4%] Building CXX object CMakeFiles/runtime.dir/src/runtime/storage.cpp.o
/usr/bin/c++ -DRUNTIME_TESTING=1 -I/Users/wafoe/projects/me/CXXEg-stage6-verify/include -g -std=c++17 -arch arm64 -fsanitize=address,undefined -fno-sanitize-recover=undefined -fno-omit-frame-pointer -Wall -Wextra -Wpedantic -MD -MT CMakeFiles/runtime.dir/src/runtime/tensor.cpp.o -MF CMakeFiles/runtime.dir/src/runtime/tensor.cpp.o.d -o CMakeFiles/runtime.dir/src/runtime/tensor.cpp.o -c /Users/wafoe/projects/me/CXXEg-stage6-verify/src/runtime/tensor.cpp
/usr/bin/c++ -DRUNTIME_TESTING=1 -I/Users/wafoe/projects/me/CXXEg-stage6-verify/include -g -std=c++17 -arch arm64 -fsanitize=address,undefined -fno-sanitize-recover=undefined -fno-omit-frame-pointer -Wall -Wextra -Wpedantic -MD -MT CMakeFiles/runtime.dir/src/runtime/copy.cpp.o -MF CMakeFiles/runtime.dir/src/runtime/copy.cpp.o.d -o CMakeFiles/runtime.dir/src/runtime/copy.cpp.o -c /Users/wafoe/projects/me/CXXEg-stage6-verify/src/runtime/copy.cpp
/usr/bin/c++ -DRUNTIME_TESTING=1 -I/Users/wafoe/projects/me/CXXEg-stage6-verify/include -g -std=c++17 -arch arm64 -fsanitize=address,undefined -fno-sanitize-recover=undefined -fno-omit-frame-pointer -Wall -Wextra -Wpedantic -MD -MT CMakeFiles/runtime.dir/src/runtime/storage.cpp.o -MF CMakeFiles/runtime.dir/src/runtime/storage.cpp.o.d -o CMakeFiles/runtime.dir/src/runtime/storage.cpp.o -c /Users/wafoe/projects/me/CXXEg-stage6-verify/src/runtime/storage.cpp
[  4%] Built target refresh_provenance
[  6%] Building CXX object CMakeFiles/runtime.dir/src/runtime/operator.cpp.o
/usr/bin/c++ -DRUNTIME_TESTING=1 -I/Users/wafoe/projects/me/CXXEg-stage6-verify/include -g -std=c++17 -arch arm64 -fsanitize=address,undefined -fno-sanitize-recover=undefined -fno-omit-frame-pointer -Wall -Wextra -Wpedantic -MD -MT CMakeFiles/runtime.dir/src/runtime/operator.cpp.o -MF CMakeFiles/runtime.dir/src/runtime/operator.cpp.o.d -o CMakeFiles/runtime.dir/src/runtime/operator.cpp.o -c /Users/wafoe/projects/me/CXXEg-stage6-verify/src/runtime/operator.cpp
[  9%] Building CXX object CMakeFiles/runtime.dir/src/runtime/shape_inference.cpp.o
[  9%] Building CXX object CMakeFiles/runtime.dir/src/runtime/reference.cpp.o
/usr/bin/c++ -DRUNTIME_TESTING=1 -I/Users/wafoe/projects/me/CXXEg-stage6-verify/include -g -std=c++17 -arch arm64 -fsanitize=address,undefined -fno-sanitize-recover=undefined -fno-omit-frame-pointer -Wall -Wextra -Wpedantic -MD -MT CMakeFiles/runtime.dir/src/runtime/reference.cpp.o -MF CMakeFiles/runtime.dir/src/runtime/reference.cpp.o.d -o CMakeFiles/runtime.dir/src/runtime/reference.cpp.o -c /Users/wafoe/projects/me/CXXEg-stage6-verify/src/runtime/reference.cpp
/usr/bin/c++ -DRUNTIME_TESTING=1 -I/Users/wafoe/projects/me/CXXEg-stage6-verify/include -g -std=c++17 -arch arm64 -fsanitize=address,undefined -fno-sanitize-recover=undefined -fno-omit-frame-pointer -Wall -Wextra -Wpedantic -MD -MT CMakeFiles/runtime.dir/src/runtime/shape_inference.cpp.o -MF CMakeFiles/runtime.dir/src/runtime/shape_inference.cpp.o.d -o CMakeFiles/runtime.dir/src/runtime/shape_inference.cpp.o -c /Users/wafoe/projects/me/CXXEg-stage6-verify/src/runtime/shape_inference.cpp
[ 10%] Building CXX object CMakeFiles/runtime.dir/src/runtime/layout.cpp.o
/usr/bin/c++ -DRUNTIME_TESTING=1 -I/Users/wafoe/projects/me/CXXEg-stage6-verify/include -g -std=c++17 -arch arm64 -fsanitize=address,undefined -fno-sanitize-recover=undefined -fno-omit-frame-pointer -Wall -Wextra -Wpedantic -MD -MT CMakeFiles/runtime.dir/src/runtime/layout.cpp.o -MF CMakeFiles/runtime.dir/src/runtime/layout.cpp.o.d -o CMakeFiles/runtime.dir/src/runtime/layout.cpp.o -c /Users/wafoe/projects/me/CXXEg-stage6-verify/src/runtime/layout.cpp
[ 12%] Building CXX object CMakeFiles/runtime.dir/src/runtime/graph.cpp.o
/usr/bin/c++ -DRUNTIME_TESTING=1 -I/Users/wafoe/projects/me/CXXEg-stage6-verify/include -g -std=c++17 -arch arm64 -fsanitize=address,undefined -fno-sanitize-recover=undefined -fno-omit-frame-pointer -Wall -Wextra -Wpedantic -MD -MT CMakeFiles/runtime.dir/src/runtime/graph.cpp.o -MF CMakeFiles/runtime.dir/src/runtime/graph.cpp.o.d -o CMakeFiles/runtime.dir/src/runtime/graph.cpp.o -c /Users/wafoe/projects/me/CXXEg-stage6-verify/src/runtime/graph.cpp
[ 13%] Building CXX object CMakeFiles/runtime.dir/src/runtime/graph_executor.cpp.o
/usr/bin/c++ -DRUNTIME_TESTING=1 -I/Users/wafoe/projects/me/CXXEg-stage6-verify/include -g -std=c++17 -arch arm64 -fsanitize=address,undefined -fno-sanitize-recover=undefined -fno-omit-frame-pointer -Wall -Wextra -Wpedantic -MD -MT CMakeFiles/runtime.dir/src/runtime/graph_executor.cpp.o -MF CMakeFiles/runtime.dir/src/runtime/graph_executor.cpp.o.d -o CMakeFiles/runtime.dir/src/runtime/graph_executor.cpp.o -c /Users/wafoe/projects/me/CXXEg-stage6-verify/src/runtime/graph_executor.cpp
[ 15%] Building CXX object CMakeFiles/runtime.dir/src/runtime/graph_trace.cpp.o
/usr/bin/c++ -DRUNTIME_TESTING=1 -I/Users/wafoe/projects/me/CXXEg-stage6-verify/include -g -std=c++17 -arch arm64 -fsanitize=address,undefined -fno-sanitize-recover=undefined -fno-omit-frame-pointer -Wall -Wextra -Wpedantic -MD -MT CMakeFiles/runtime.dir/src/runtime/graph_trace.cpp.o -MF CMakeFiles/runtime.dir/src/runtime/graph_trace.cpp.o.d -o CMakeFiles/runtime.dir/src/runtime/graph_trace.cpp.o -c /Users/wafoe/projects/me/CXXEg-stage6-verify/src/runtime/graph_trace.cpp
[ 16%] Building CXX object CMakeFiles/runtime.dir/src/runtime/arena.cpp.o
/usr/bin/c++ -DRUNTIME_TESTING=1 -I/Users/wafoe/projects/me/CXXEg-stage6-verify/include -g -std=c++17 -arch arm64 -fsanitize=address,undefined -fno-sanitize-recover=undefined -fno-omit-frame-pointer -Wall -Wextra -Wpedantic -MD -MT CMakeFiles/runtime.dir/src/runtime/arena.cpp.o -MF CMakeFiles/runtime.dir/src/runtime/arena.cpp.o.d -o CMakeFiles/runtime.dir/src/runtime/arena.cpp.o -c /Users/wafoe/projects/me/CXXEg-stage6-verify/src/runtime/arena.cpp
[ 18%] Building CXX object CMakeFiles/runtime.dir/src/runtime/allocation_provider.cpp.o
/usr/bin/c++ -DRUNTIME_TESTING=1 -I/Users/wafoe/projects/me/CXXEg-stage6-verify/include -g -std=c++17 -arch arm64 -fsanitize=address,undefined -fno-sanitize-recover=undefined -fno-omit-frame-pointer -Wall -Wextra -Wpedantic -MD -MT CMakeFiles/runtime.dir/src/runtime/allocation_provider.cpp.o -MF CMakeFiles/runtime.dir/src/runtime/allocation_provider.cpp.o.d -o CMakeFiles/runtime.dir/src/runtime/allocation_provider.cpp.o -c /Users/wafoe/projects/me/CXXEg-stage6-verify/src/runtime/allocation_provider.cpp
[ 20%] Building CXX object CMakeFiles/runtime.dir/src/runtime/memory_planner.cpp.o
/usr/bin/c++ -DRUNTIME_TESTING=1 -I/Users/wafoe/projects/me/CXXEg-stage6-verify/include -g -std=c++17 -arch arm64 -fsanitize=address,undefined -fno-sanitize-recover=undefined -fno-omit-frame-pointer -Wall -Wextra -Wpedantic -MD -MT CMakeFiles/runtime.dir/src/runtime/memory_planner.cpp.o -MF CMakeFiles/runtime.dir/src/runtime/memory_planner.cpp.o.d -o CMakeFiles/runtime.dir/src/runtime/memory_planner.cpp.o -c /Users/wafoe/projects/me/CXXEg-stage6-verify/src/runtime/memory_planner.cpp
[ 21%] Building CXX object CMakeFiles/runtime.dir/src/runtime/planned_executor.cpp.o
/usr/bin/c++ -DRUNTIME_TESTING=1 -I/Users/wafoe/projects/me/CXXEg-stage6-verify/include -g -std=c++17 -arch arm64 -fsanitize=address,undefined -fno-sanitize-recover=undefined -fno-omit-frame-pointer -Wall -Wextra -Wpedantic -MD -MT CMakeFiles/runtime.dir/src/runtime/planned_executor.cpp.o -MF CMakeFiles/runtime.dir/src/runtime/planned_executor.cpp.o.d -o CMakeFiles/runtime.dir/src/runtime/planned_executor.cpp.o -c /Users/wafoe/projects/me/CXXEg-stage6-verify/src/runtime/planned_executor.cpp
[ 23%] Building CXX object CMakeFiles/runtime.dir/src/runtime/cpu_backend.cpp.o
/usr/bin/c++ -DRUNTIME_TESTING=1 -I/Users/wafoe/projects/me/CXXEg-stage6-verify/include -g -std=c++17 -arch arm64 -fsanitize=address,undefined -fno-sanitize-recover=undefined -fno-omit-frame-pointer -Wall -Wextra -Wpedantic -MD -MT CMakeFiles/runtime.dir/src/runtime/cpu_backend.cpp.o -MF CMakeFiles/runtime.dir/src/runtime/cpu_backend.cpp.o.d -o CMakeFiles/runtime.dir/src/runtime/cpu_backend.cpp.o -c /Users/wafoe/projects/me/CXXEg-stage6-verify/src/runtime/cpu_backend.cpp
[ 24%] Building CXX object CMakeFiles/runtime.dir/src/runtime/cpu_scalar.cpp.o
/usr/bin/c++ -DRUNTIME_TESTING=1 -I/Users/wafoe/projects/me/CXXEg-stage6-verify/include -g -std=c++17 -arch arm64 -fsanitize=address,undefined -fno-sanitize-recover=undefined -fno-omit-frame-pointer -Wall -Wextra -Wpedantic -MD -MT CMakeFiles/runtime.dir/src/runtime/cpu_scalar.cpp.o -MF CMakeFiles/runtime.dir/src/runtime/cpu_scalar.cpp.o.d -o CMakeFiles/runtime.dir/src/runtime/cpu_scalar.cpp.o -c /Users/wafoe/projects/me/CXXEg-stage6-verify/src/runtime/cpu_scalar.cpp
/Library/Developer/CommandLineTools/usr/bin/make  -f CMakeFiles/stage0_common.dir/build.make CMakeFiles/stage0_common.dir/depend
cd /Users/wafoe/projects/me/CXXEg-stage6-verify/build-stage6-validation/20261006T040533995553Z-78182/sanitizer && /opt/homebrew/bin/cmake -E cmake_depends "Unix Makefiles" /Users/wafoe/projects/me/CXXEg-stage6-verify /Users/wafoe/projects/me/CXXEg-stage6-verify /Users/wafoe/projects/me/CXXEg-stage6-verify/build-stage6-validation/20261006T040533995553Z-78182/sanitizer /Users/wafoe/projects/me/CXXEg-stage6-verify/build-stage6-validation/20261006T040533995553Z-78182/sanitizer /Users/wafoe/projects/me/CXXEg-stage6-verify/build-stage6-validation/20261006T040533995553Z-78182/sanitizer/CMakeFiles/stage0_common.dir/DependInfo.cmake "--color=" stage0_common
/Library/Developer/CommandLineTools/usr/bin/make  -f CMakeFiles/stage0_common.dir/build.make CMakeFiles/stage0_common.dir/build
[ 26%] Building CXX object CMakeFiles/stage0_common.dir/src/common.cpp.o
/usr/bin/c++  -I/Users/wafoe/projects/me/CXXEg-stage6-verify/include -I/Users/wafoe/projects/me/CXXEg-stage6-verify/build-stage6-validation/20261006T040533995553Z-78182/sanitizer/generated -g -std=c++17 -arch arm64 -fsanitize=address,undefined -fno-sanitize-recover=undefined -fno-omit-frame-pointer -Wall -Wextra -Wpedantic -MD -MT CMakeFiles/stage0_common.dir/src/common.cpp.o -MF CMakeFiles/stage0_common.dir/src/common.cpp.o.d -o CMakeFiles/stage0_common.dir/src/common.cpp.o -c /Users/wafoe/projects/me/CXXEg-stage6-verify/src/common.cpp
[ 27%] Linking CXX static library libruntime.a
/opt/homebrew/bin/cmake -P CMakeFiles/runtime.dir/cmake_clean_target.cmake
/opt/homebrew/bin/cmake -E cmake_link_script CMakeFiles/runtime.dir/link.txt --verbose=1
/usr/bin/ar qc libruntime.a CMakeFiles/runtime.dir/src/runtime/storage.cpp.o CMakeFiles/runtime.dir/src/runtime/tensor.cpp.o CMakeFiles/runtime.dir/src/runtime/copy.cpp.o CMakeFiles/runtime.dir/src/runtime/operator.cpp.o CMakeFiles/runtime.dir/src/runtime/shape_inference.cpp.o CMakeFiles/runtime.dir/src/runtime/reference.cpp.o CMakeFiles/runtime.dir/src/runtime/layout.cpp.o CMakeFiles/runtime.dir/src/runtime/graph.cpp.o CMakeFiles/runtime.dir/src/runtime/graph_executor.cpp.o CMakeFiles/runtime.dir/src/runtime/graph_trace.cpp.o CMakeFiles/runtime.dir/src/runtime/arena.cpp.o CMakeFiles/runtime.dir/src/runtime/allocation_provider.cpp.o CMakeFiles/runtime.dir/src/runtime/memory_planner.cpp.o CMakeFiles/runtime.dir/src/runtime/planned_executor.cpp.o CMakeFiles/runtime.dir/src/runtime/cpu_backend.cpp.o CMakeFiles/runtime.dir/src/runtime/cpu_scalar.cpp.o
/usr/bin/ranlib libruntime.a
[ 27%] Built target runtime
/Library/Developer/CommandLineTools/usr/bin/make  -f CMakeFiles/test_cpu_transformer_contract.dir/build.make CMakeFiles/test_cpu_transformer_contract.dir/depend
/Library/Developer/CommandLineTools/usr/bin/make  -f CMakeFiles/test_cpu_scalar.dir/build.make CMakeFiles/test_cpu_scalar.dir/depend
/Library/Developer/CommandLineTools/usr/bin/make  -f CMakeFiles/test_cpu_backend_fixtures.dir/build.make CMakeFiles/test_cpu_backend_fixtures.dir/depend
cd /Users/wafoe/projects/me/CXXEg-stage6-verify/build-stage6-validation/20261006T040533995553Z-78182/sanitizer && /opt/homebrew/bin/cmake -E cmake_depends "Unix Makefiles" /Users/wafoe/projects/me/CXXEg-stage6-verify /Users/wafoe/projects/me/CXXEg-stage6-verify /Users/wafoe/projects/me/CXXEg-stage6-verify/build-stage6-validation/20261006T040533995553Z-78182/sanitizer /Users/wafoe/projects/me/CXXEg-stage6-verify/build-stage6-validation/20261006T040533995553Z-78182/sanitizer /Users/wafoe/projects/me/CXXEg-stage6-verify/build-stage6-validation/20261006T040533995553Z-78182/sanitizer/CMakeFiles/test_cpu_backend_fixtures.dir/DependInfo.cmake "--color=" test_cpu_backend_fixtures
cd /Users/wafoe/projects/me/CXXEg-stage6-verify/build-stage6-validation/20261006T040533995553Z-78182/sanitizer && /opt/homebrew/bin/cmake -E cmake_depends "Unix Makefiles" /Users/wafoe/projects/me/CXXEg-stage6-verify /Users/wafoe/projects/me/CXXEg-stage6-verify /Users/wafoe/projects/me/CXXEg-stage6-verify/build-stage6-validation/20261006T040533995553Z-78182/sanitizer /Users/wafoe/projects/me/CXXEg-stage6-verify/build-stage6-validation/20261006T040533995553Z-78182/sanitizer /Users/wafoe/projects/me/CXXEg-stage6-verify/build-stage6-validation/20261006T040533995553Z-78182/sanitizer/CMakeFiles/test_cpu_scalar.dir/DependInfo.cmake "--color=" test_cpu_scalar
cd /Users/wafoe/projects/me/CXXEg-stage6-verify/build-stage6-validation/20261006T040533995553Z-78182/sanitizer && /opt/homebrew/bin/cmake -E cmake_depends "Unix Makefiles" /Users/wafoe/projects/me/CXXEg-stage6-verify /Users/wafoe/projects/me/CXXEg-stage6-verify /Users/wafoe/projects/me/CXXEg-stage6-verify/build-stage6-validation/20261006T040533995553Z-78182/sanitizer /Users/wafoe/projects/me/CXXEg-stage6-verify/build-stage6-validation/20261006T040533995553Z-78182/sanitizer /Users/wafoe/projects/me/CXXEg-stage6-verify/build-stage6-validation/20261006T040533995553Z-78182/sanitizer/CMakeFiles/test_cpu_transformer_contract.dir/DependInfo.cmake "--color=" test_cpu_transformer_contract
/Library/Developer/CommandLineTools/usr/bin/make  -f CMakeFiles/test_cpu_scalar.dir/build.make CMakeFiles/test_cpu_scalar.dir/build
/Library/Developer/CommandLineTools/usr/bin/make  -f CMakeFiles/test_cpu_transformer_contract.dir/build.make CMakeFiles/test_cpu_transformer_contract.dir/build
/Library/Developer/CommandLineTools/usr/bin/make  -f CMakeFiles/test_cpu_backend_fixtures.dir/build.make CMakeFiles/test_cpu_backend_fixtures.dir/build
[ 32%] Building CXX object CMakeFiles/test_cpu_transformer_contract.dir/tests/test_cpu_transformer_contract.cpp.o
[ 32%] Building CXX object CMakeFiles/test_cpu_scalar.dir/tests/test_cpu_scalar.cpp.o
[ 32%] Building CXX object CMakeFiles/test_cpu_backend_fixtures.dir/tests/test_operator_fixtures.cpp.o
/usr/bin/c++ -DRUNTIME_TESTING=1 -I/Users/wafoe/projects/me/CXXEg-stage6-verify/include -g -std=c++17 -arch arm64 -fsanitize=address,undefined -fno-sanitize-recover=undefined -fno-omit-frame-pointer -Wall -Wextra -Wpedantic -MD -MT CMakeFiles/test_cpu_transformer_contract.dir/tests/test_cpu_transformer_contract.cpp.o -MF CMakeFiles/test_cpu_transformer_contract.dir/tests/test_cpu_transformer_contract.cpp.o.d -o CMakeFiles/test_cpu_transformer_contract.dir/tests/test_cpu_transformer_contract.cpp.o -c /Users/wafoe/projects/me/CXXEg-stage6-verify/tests/test_cpu_transformer_contract.cpp
/usr/bin/c++ -DRUNTIME_TESTING=1 -I/Users/wafoe/projects/me/CXXEg-stage6-verify/include -g -std=c++17 -arch arm64 -fsanitize=address,undefined -fno-sanitize-recover=undefined -fno-omit-frame-pointer -Wall -Wextra -Wpedantic -MD -MT CMakeFiles/test_cpu_scalar.dir/tests/test_cpu_scalar.cpp.o -MF CMakeFiles/test_cpu_scalar.dir/tests/test_cpu_scalar.cpp.o.d -o CMakeFiles/test_cpu_scalar.dir/tests/test_cpu_scalar.cpp.o -c /Users/wafoe/projects/me/CXXEg-stage6-verify/tests/test_cpu_scalar.cpp
/usr/bin/c++ -DCPU_BACKEND_FIXTURES=1 -DRUNTIME_TESTING=1 -I/Users/wafoe/projects/me/CXXEg-stage6-verify/include -g -std=c++17 -arch arm64 -fsanitize=address,undefined -fno-sanitize-recover=undefined -fno-omit-frame-pointer -Wall -Wextra -Wpedantic -MD -MT CMakeFiles/test_cpu_backend_fixtures.dir/tests/test_operator_fixtures.cpp.o -MF CMakeFiles/test_cpu_backend_fixtures.dir/tests/test_operator_fixtures.cpp.o.d -o CMakeFiles/test_cpu_backend_fixtures.dir/tests/test_operator_fixtures.cpp.o -c /Users/wafoe/projects/me/CXXEg-stage6-verify/tests/test_operator_fixtures.cpp
[ 33%] Linking CXX static library libstage0_common.a
/opt/homebrew/bin/cmake -P CMakeFiles/stage0_common.dir/cmake_clean_target.cmake
/opt/homebrew/bin/cmake -E cmake_link_script CMakeFiles/stage0_common.dir/link.txt --verbose=1
/usr/bin/ar qc libstage0_common.a CMakeFiles/stage0_common.dir/src/common.cpp.o
/usr/bin/ranlib libstage0_common.a
[ 33%] Built target stage0_common
/Library/Developer/CommandLineTools/usr/bin/make  -f CMakeFiles/test_cpu_backend.dir/build.make CMakeFiles/test_cpu_backend.dir/depend
cd /Users/wafoe/projects/me/CXXEg-stage6-verify/build-stage6-validation/20261006T040533995553Z-78182/sanitizer && /opt/homebrew/bin/cmake -E cmake_depends "Unix Makefiles" /Users/wafoe/projects/me/CXXEg-stage6-verify /Users/wafoe/projects/me/CXXEg-stage6-verify /Users/wafoe/projects/me/CXXEg-stage6-verify/build-stage6-validation/20261006T040533995553Z-78182/sanitizer /Users/wafoe/projects/me/CXXEg-stage6-verify/build-stage6-validation/20261006T040533995553Z-78182/sanitizer /Users/wafoe/projects/me/CXXEg-stage6-verify/build-stage6-validation/20261006T040533995553Z-78182/sanitizer/CMakeFiles/test_cpu_backend.dir/DependInfo.cmake "--color=" test_cpu_backend
/Library/Developer/CommandLineTools/usr/bin/make  -f CMakeFiles/test_cpu_backend.dir/build.make CMakeFiles/test_cpu_backend.dir/build
[ 35%] Building CXX object CMakeFiles/test_cpu_backend.dir/tests/test_cpu_backend.cpp.o
/usr/bin/c++ -DRUNTIME_TESTING=1 -I/Users/wafoe/projects/me/CXXEg-stage6-verify/include -g -std=c++17 -arch arm64 -fsanitize=address,undefined -fno-sanitize-recover=undefined -fno-omit-frame-pointer -Wall -Wextra -Wpedantic -MD -MT CMakeFiles/test_cpu_backend.dir/tests/test_cpu_backend.cpp.o -MF CMakeFiles/test_cpu_backend.dir/tests/test_cpu_backend.cpp.o.d -o CMakeFiles/test_cpu_backend.dir/tests/test_cpu_backend.cpp.o -c /Users/wafoe/projects/me/CXXEg-stage6-verify/tests/test_cpu_backend.cpp
[ 36%] Linking CXX executable test_cpu_scalar
/opt/homebrew/bin/cmake -E cmake_link_script CMakeFiles/test_cpu_scalar.dir/link.txt --verbose=1
/usr/bin/c++ -g -arch arm64 -Wl,-search_paths_first -Wl,-headerpad_max_install_names -fsanitize=address,undefined CMakeFiles/test_cpu_scalar.dir/tests/test_cpu_scalar.cpp.o -o test_cpu_scalar  libruntime.a
[ 36%] Built target test_cpu_scalar
/Library/Developer/CommandLineTools/usr/bin/make  -f CMakeFiles/test_tensor.dir/build.make CMakeFiles/test_tensor.dir/depend
cd /Users/wafoe/projects/me/CXXEg-stage6-verify/build-stage6-validation/20261006T040533995553Z-78182/sanitizer && /opt/homebrew/bin/cmake -E cmake_depends "Unix Makefiles" /Users/wafoe/projects/me/CXXEg-stage6-verify /Users/wafoe/projects/me/CXXEg-stage6-verify /Users/wafoe/projects/me/CXXEg-stage6-verify/build-stage6-validation/20261006T040533995553Z-78182/sanitizer /Users/wafoe/projects/me/CXXEg-stage6-verify/build-stage6-validation/20261006T040533995553Z-78182/sanitizer /Users/wafoe/projects/me/CXXEg-stage6-verify/build-stage6-validation/20261006T040533995553Z-78182/sanitizer/CMakeFiles/test_tensor.dir/DependInfo.cmake "--color=" test_tensor
/Library/Developer/CommandLineTools/usr/bin/make  -f CMakeFiles/test_tensor.dir/build.make CMakeFiles/test_tensor.dir/build
[ 38%] Building CXX object CMakeFiles/test_tensor.dir/tests/test_tensor.cpp.o
/usr/bin/c++ -DRUNTIME_TESTING=1 -I/Users/wafoe/projects/me/CXXEg-stage6-verify/include -g -std=c++17 -arch arm64 -fsanitize=address,undefined -fno-sanitize-recover=undefined -fno-omit-frame-pointer -Wall -Wextra -Wpedantic -MD -MT CMakeFiles/test_tensor.dir/tests/test_tensor.cpp.o -MF CMakeFiles/test_tensor.dir/tests/test_tensor.cpp.o.d -o CMakeFiles/test_tensor.dir/tests/test_tensor.cpp.o -c /Users/wafoe/projects/me/CXXEg-stage6-verify/tests/test_tensor.cpp
[ 40%] Linking CXX executable test_cpu_backend_fixtures
/opt/homebrew/bin/cmake -E cmake_link_script CMakeFiles/test_cpu_backend_fixtures.dir/link.txt --verbose=1
/usr/bin/c++ -g -arch arm64 -Wl,-search_paths_first -Wl,-headerpad_max_install_names -fsanitize=address,undefined CMakeFiles/test_cpu_backend_fixtures.dir/tests/test_operator_fixtures.cpp.o -o test_cpu_backend_fixtures  libruntime.a
[ 40%] Built target test_cpu_backend_fixtures
/Library/Developer/CommandLineTools/usr/bin/make  -f CMakeFiles/test_tensor_properties.dir/build.make CMakeFiles/test_tensor_properties.dir/depend
cd /Users/wafoe/projects/me/CXXEg-stage6-verify/build-stage6-validation/20261006T040533995553Z-78182/sanitizer && /opt/homebrew/bin/cmake -E cmake_depends "Unix Makefiles" /Users/wafoe/projects/me/CXXEg-stage6-verify /Users/wafoe/projects/me/CXXEg-stage6-verify /Users/wafoe/projects/me/CXXEg-stage6-verify/build-stage6-validation/20261006T040533995553Z-78182/sanitizer /Users/wafoe/projects/me/CXXEg-stage6-verify/build-stage6-validation/20261006T040533995553Z-78182/sanitizer /Users/wafoe/projects/me/CXXEg-stage6-verify/build-stage6-validation/20261006T040533995553Z-78182/sanitizer/CMakeFiles/test_tensor_properties.dir/DependInfo.cmake "--color=" test_tensor_properties
/Library/Developer/CommandLineTools/usr/bin/make  -f CMakeFiles/test_tensor_properties.dir/build.make CMakeFiles/test_tensor_properties.dir/build
[ 41%] Building CXX object CMakeFiles/test_tensor_properties.dir/tests/test_tensor_properties.cpp.o
/usr/bin/c++ -DRUNTIME_TESTING=1 -I/Users/wafoe/projects/me/CXXEg-stage6-verify/include -g -std=c++17 -arch arm64 -fsanitize=address,undefined -fno-sanitize-recover=undefined -fno-omit-frame-pointer -Wall -Wextra -Wpedantic -MD -MT CMakeFiles/test_tensor_properties.dir/tests/test_tensor_properties.cpp.o -MF CMakeFiles/test_tensor_properties.dir/tests/test_tensor_properties.cpp.o.d -o CMakeFiles/test_tensor_properties.dir/tests/test_tensor_properties.cpp.o -c /Users/wafoe/projects/me/CXXEg-stage6-verify/tests/test_tensor_properties.cpp
[ 43%] Linking CXX executable test_cpu_transformer_contract
/opt/homebrew/bin/cmake -E cmake_link_script CMakeFiles/test_cpu_transformer_contract.dir/link.txt --verbose=1
/usr/bin/c++ -g -arch arm64 -Wl,-search_paths_first -Wl,-headerpad_max_install_names -fsanitize=address,undefined CMakeFiles/test_cpu_transformer_contract.dir/tests/test_cpu_transformer_contract.cpp.o -o test_cpu_transformer_contract  libruntime.a
[ 44%] Linking CXX executable test_cpu_backend
/opt/homebrew/bin/cmake -E cmake_link_script CMakeFiles/test_cpu_backend.dir/link.txt --verbose=1
[ 44%] Built target test_cpu_transformer_contract
/Library/Developer/CommandLineTools/usr/bin/make  -f CMakeFiles/test_operator.dir/build.make CMakeFiles/test_operator.dir/depend
cd /Users/wafoe/projects/me/CXXEg-stage6-verify/build-stage6-validation/20261006T040533995553Z-78182/sanitizer && /opt/homebrew/bin/cmake -E cmake_depends "Unix Makefiles" /Users/wafoe/projects/me/CXXEg-stage6-verify /Users/wafoe/projects/me/CXXEg-stage6-verify /Users/wafoe/projects/me/CXXEg-stage6-verify/build-stage6-validation/20261006T040533995553Z-78182/sanitizer /Users/wafoe/projects/me/CXXEg-stage6-verify/build-stage6-validation/20261006T040533995553Z-78182/sanitizer /Users/wafoe/projects/me/CXXEg-stage6-verify/build-stage6-validation/20261006T040533995553Z-78182/sanitizer/CMakeFiles/test_operator.dir/DependInfo.cmake "--color=" test_operator
/Library/Developer/CommandLineTools/usr/bin/make  -f CMakeFiles/test_operator.dir/build.make CMakeFiles/test_operator.dir/build
[ 46%] Building CXX object CMakeFiles/test_operator.dir/tests/test_operator.cpp.o
/usr/bin/c++ -DRUNTIME_TESTING=1 -I/Users/wafoe/projects/me/CXXEg-stage6-verify/include -g -std=c++17 -arch arm64 -fsanitize=address,undefined -fno-sanitize-recover=undefined -fno-omit-frame-pointer -Wall -Wextra -Wpedantic -MD -MT CMakeFiles/test_operator.dir/tests/test_operator.cpp.o -MF CMakeFiles/test_operator.dir/tests/test_operator.cpp.o.d -o CMakeFiles/test_operator.dir/tests/test_operator.cpp.o -c /Users/wafoe/projects/me/CXXEg-stage6-verify/tests/test_operator.cpp
/usr/bin/c++ -g -arch arm64 -Wl,-search_paths_first -Wl,-headerpad_max_install_names -fsanitize=address,undefined CMakeFiles/test_cpu_backend.dir/tests/test_cpu_backend.cpp.o -o test_cpu_backend  libruntime.a
[ 46%] Built target test_cpu_backend
/Library/Developer/CommandLineTools/usr/bin/make  -f CMakeFiles/test_shape_inference.dir/build.make CMakeFiles/test_shape_inference.dir/depend
cd /Users/wafoe/projects/me/CXXEg-stage6-verify/build-stage6-validation/20261006T040533995553Z-78182/sanitizer && /opt/homebrew/bin/cmake -E cmake_depends "Unix Makefiles" /Users/wafoe/projects/me/CXXEg-stage6-verify /Users/wafoe/projects/me/CXXEg-stage6-verify /Users/wafoe/projects/me/CXXEg-stage6-verify/build-stage6-validation/20261006T040533995553Z-78182/sanitizer /Users/wafoe/projects/me/CXXEg-stage6-verify/build-stage6-validation/20261006T040533995553Z-78182/sanitizer /Users/wafoe/projects/me/CXXEg-stage6-verify/build-stage6-validation/20261006T040533995553Z-78182/sanitizer/CMakeFiles/test_shape_inference.dir/DependInfo.cmake "--color=" test_shape_inference
/Library/Developer/CommandLineTools/usr/bin/make  -f CMakeFiles/test_shape_inference.dir/build.make CMakeFiles/test_shape_inference.dir/build
[ 47%] Building CXX object CMakeFiles/test_shape_inference.dir/tests/test_shape_inference.cpp.o
/usr/bin/c++ -DRUNTIME_TESTING=1 -I/Users/wafoe/projects/me/CXXEg-stage6-verify/include -g -std=c++17 -arch arm64 -fsanitize=address,undefined -fno-sanitize-recover=undefined -fno-omit-frame-pointer -Wall -Wextra -Wpedantic -MD -MT CMakeFiles/test_shape_inference.dir/tests/test_shape_inference.cpp.o -MF CMakeFiles/test_shape_inference.dir/tests/test_shape_inference.cpp.o.d -o CMakeFiles/test_shape_inference.dir/tests/test_shape_inference.cpp.o -c /Users/wafoe/projects/me/CXXEg-stage6-verify/tests/test_shape_inference.cpp
[ 49%] Linking CXX executable test_tensor_properties
/opt/homebrew/bin/cmake -E cmake_link_script CMakeFiles/test_tensor_properties.dir/link.txt --verbose=1
[ 50%] Linking CXX executable test_tensor
/opt/homebrew/bin/cmake -E cmake_link_script CMakeFiles/test_tensor.dir/link.txt --verbose=1
/usr/bin/c++ -g -arch arm64 -Wl,-search_paths_first -Wl,-headerpad_max_install_names -fsanitize=address,undefined CMakeFiles/test_tensor_properties.dir/tests/test_tensor_properties.cpp.o -o test_tensor_properties  libruntime.a
/usr/bin/c++ -g -arch arm64 -Wl,-search_paths_first -Wl,-headerpad_max_install_names -fsanitize=address,undefined CMakeFiles/test_tensor.dir/tests/test_tensor.cpp.o -o test_tensor  libruntime.a
[ 50%] Built target test_tensor_properties
/Library/Developer/CommandLineTools/usr/bin/make  -f CMakeFiles/test_reference.dir/build.make CMakeFiles/test_reference.dir/depend
cd /Users/wafoe/projects/me/CXXEg-stage6-verify/build-stage6-validation/20261006T040533995553Z-78182/sanitizer && /opt/homebrew/bin/cmake -E cmake_depends "Unix Makefiles" /Users/wafoe/projects/me/CXXEg-stage6-verify /Users/wafoe/projects/me/CXXEg-stage6-verify /Users/wafoe/projects/me/CXXEg-stage6-verify/build-stage6-validation/20261006T040533995553Z-78182/sanitizer /Users/wafoe/projects/me/CXXEg-stage6-verify/build-stage6-validation/20261006T040533995553Z-78182/sanitizer /Users/wafoe/projects/me/CXXEg-stage6-verify/build-stage6-validation/20261006T040533995553Z-78182/sanitizer/CMakeFiles/test_reference.dir/DependInfo.cmake "--color=" test_reference
[ 50%] Built target test_tensor
/Library/Developer/CommandLineTools/usr/bin/make  -f CMakeFiles/test_transformer_contracts.dir/build.make CMakeFiles/test_transformer_contracts.dir/depend
cd /Users/wafoe/projects/me/CXXEg-stage6-verify/build-stage6-validation/20261006T040533995553Z-78182/sanitizer && /opt/homebrew/bin/cmake -E cmake_depends "Unix Makefiles" /Users/wafoe/projects/me/CXXEg-stage6-verify /Users/wafoe/projects/me/CXXEg-stage6-verify /Users/wafoe/projects/me/CXXEg-stage6-verify/build-stage6-validation/20261006T040533995553Z-78182/sanitizer /Users/wafoe/projects/me/CXXEg-stage6-verify/build-stage6-validation/20261006T040533995553Z-78182/sanitizer /Users/wafoe/projects/me/CXXEg-stage6-verify/build-stage6-validation/20261006T040533995553Z-78182/sanitizer/CMakeFiles/test_transformer_contracts.dir/DependInfo.cmake "--color=" test_transformer_contracts
/Library/Developer/CommandLineTools/usr/bin/make  -f CMakeFiles/test_reference.dir/build.make CMakeFiles/test_reference.dir/build
/Library/Developer/CommandLineTools/usr/bin/make  -f CMakeFiles/test_transformer_contracts.dir/build.make CMakeFiles/test_transformer_contracts.dir/build
[ 52%] Building CXX object CMakeFiles/test_reference.dir/tests/test_reference.cpp.o
/usr/bin/c++ -DRUNTIME_TESTING=1 -I/Users/wafoe/projects/me/CXXEg-stage6-verify/include -g -std=c++17 -arch arm64 -fsanitize=address,undefined -fno-sanitize-recover=undefined -fno-omit-frame-pointer -Wall -Wextra -Wpedantic -MD -MT CMakeFiles/test_reference.dir/tests/test_reference.cpp.o -MF CMakeFiles/test_reference.dir/tests/test_reference.cpp.o.d -o CMakeFiles/test_reference.dir/tests/test_reference.cpp.o -c /Users/wafoe/projects/me/CXXEg-stage6-verify/tests/test_reference.cpp
[ 53%] Building CXX object CMakeFiles/test_transformer_contracts.dir/tests/test_transformer_contracts.cpp.o
/usr/bin/c++ -DRUNTIME_TESTING=1 -I/Users/wafoe/projects/me/CXXEg-stage6-verify/include -g -std=c++17 -arch arm64 -fsanitize=address,undefined -fno-sanitize-recover=undefined -fno-omit-frame-pointer -Wall -Wextra -Wpedantic -MD -MT CMakeFiles/test_transformer_contracts.dir/tests/test_transformer_contracts.cpp.o -MF CMakeFiles/test_transformer_contracts.dir/tests/test_transformer_contracts.cpp.o.d -o CMakeFiles/test_transformer_contracts.dir/tests/test_transformer_contracts.cpp.o -c /Users/wafoe/projects/me/CXXEg-stage6-verify/tests/test_transformer_contracts.cpp
[ 55%] Linking CXX executable test_operator
/opt/homebrew/bin/cmake -E cmake_link_script CMakeFiles/test_operator.dir/link.txt --verbose=1
/usr/bin/c++ -g -arch arm64 -Wl,-search_paths_first -Wl,-headerpad_max_install_names -fsanitize=address,undefined CMakeFiles/test_operator.dir/tests/test_operator.cpp.o -o test_operator  libruntime.a
[ 55%] Built target test_operator
/Library/Developer/CommandLineTools/usr/bin/make  -f CMakeFiles/test_operator_fixtures.dir/build.make CMakeFiles/test_operator_fixtures.dir/depend
cd /Users/wafoe/projects/me/CXXEg-stage6-verify/build-stage6-validation/20261006T040533995553Z-78182/sanitizer && /opt/homebrew/bin/cmake -E cmake_depends "Unix Makefiles" /Users/wafoe/projects/me/CXXEg-stage6-verify /Users/wafoe/projects/me/CXXEg-stage6-verify /Users/wafoe/projects/me/CXXEg-stage6-verify/build-stage6-validation/20261006T040533995553Z-78182/sanitizer /Users/wafoe/projects/me/CXXEg-stage6-verify/build-stage6-validation/20261006T040533995553Z-78182/sanitizer /Users/wafoe/projects/me/CXXEg-stage6-verify/build-stage6-validation/20261006T040533995553Z-78182/sanitizer/CMakeFiles/test_operator_fixtures.dir/DependInfo.cmake "--color=" test_operator_fixtures
/Library/Developer/CommandLineTools/usr/bin/make  -f CMakeFiles/test_operator_fixtures.dir/build.make CMakeFiles/test_operator_fixtures.dir/build
[ 56%] Building CXX object CMakeFiles/test_operator_fixtures.dir/tests/test_operator_fixtures.cpp.o
/usr/bin/c++ -DRUNTIME_TESTING=1 -I/Users/wafoe/projects/me/CXXEg-stage6-verify/include -g -std=c++17 -arch arm64 -fsanitize=address,undefined -fno-sanitize-recover=undefined -fno-omit-frame-pointer -Wall -Wextra -Wpedantic -MD -MT CMakeFiles/test_operator_fixtures.dir/tests/test_operator_fixtures.cpp.o -MF CMakeFiles/test_operator_fixtures.dir/tests/test_operator_fixtures.cpp.o.d -o CMakeFiles/test_operator_fixtures.dir/tests/test_operator_fixtures.cpp.o -c /Users/wafoe/projects/me/CXXEg-stage6-verify/tests/test_operator_fixtures.cpp
[ 58%] Linking CXX executable test_shape_inference
/opt/homebrew/bin/cmake -E cmake_link_script CMakeFiles/test_shape_inference.dir/link.txt --verbose=1
/usr/bin/c++ -g -arch arm64 -Wl,-search_paths_first -Wl,-headerpad_max_install_names -fsanitize=address,undefined CMakeFiles/test_shape_inference.dir/tests/test_shape_inference.cpp.o -o test_shape_inference  libruntime.a
[ 58%] Built target test_shape_inference
/Library/Developer/CommandLineTools/usr/bin/make  -f CMakeFiles/test_graph.dir/build.make CMakeFiles/test_graph.dir/depend
cd /Users/wafoe/projects/me/CXXEg-stage6-verify/build-stage6-validation/20261006T040533995553Z-78182/sanitizer && /opt/homebrew/bin/cmake -E cmake_depends "Unix Makefiles" /Users/wafoe/projects/me/CXXEg-stage6-verify /Users/wafoe/projects/me/CXXEg-stage6-verify /Users/wafoe/projects/me/CXXEg-stage6-verify/build-stage6-validation/20261006T040533995553Z-78182/sanitizer /Users/wafoe/projects/me/CXXEg-stage6-verify/build-stage6-validation/20261006T040533995553Z-78182/sanitizer /Users/wafoe/projects/me/CXXEg-stage6-verify/build-stage6-validation/20261006T040533995553Z-78182/sanitizer/CMakeFiles/test_graph.dir/DependInfo.cmake "--color=" test_graph
/Library/Developer/CommandLineTools/usr/bin/make  -f CMakeFiles/test_graph.dir/build.make CMakeFiles/test_graph.dir/build
[ 60%] Building CXX object CMakeFiles/test_graph.dir/tests/test_graph.cpp.o
/usr/bin/c++ -DRUNTIME_TESTING=1 -I/Users/wafoe/projects/me/CXXEg-stage6-verify/include -g -std=c++17 -arch arm64 -fsanitize=address,undefined -fno-sanitize-recover=undefined -fno-omit-frame-pointer -Wall -Wextra -Wpedantic -MD -MT CMakeFiles/test_graph.dir/tests/test_graph.cpp.o -MF CMakeFiles/test_graph.dir/tests/test_graph.cpp.o.d -o CMakeFiles/test_graph.dir/tests/test_graph.cpp.o -c /Users/wafoe/projects/me/CXXEg-stage6-verify/tests/test_graph.cpp
[ 61%] Linking CXX executable test_reference
/opt/homebrew/bin/cmake -E cmake_link_script CMakeFiles/test_reference.dir/link.txt --verbose=1
[ 63%] Linking CXX executable test_transformer_contracts
/opt/homebrew/bin/cmake -E cmake_link_script CMakeFiles/test_transformer_contracts.dir/link.txt --verbose=1
/usr/bin/c++ -g -arch arm64 -Wl,-search_paths_first -Wl,-headerpad_max_install_names -fsanitize=address,undefined CMakeFiles/test_reference.dir/tests/test_reference.cpp.o -o test_reference  libruntime.a
[ 63%] Built target test_reference
/Library/Developer/CommandLineTools/usr/bin/make  -f CMakeFiles/test_graph_executor.dir/build.make CMakeFiles/test_graph_executor.dir/depend
/usr/bin/c++ -g -arch arm64 -Wl,-search_paths_first -Wl,-headerpad_max_install_names -fsanitize=address,undefined CMakeFiles/test_transformer_contracts.dir/tests/test_transformer_contracts.cpp.o -o test_transformer_contracts  libruntime.a
cd /Users/wafoe/projects/me/CXXEg-stage6-verify/build-stage6-validation/20261006T040533995553Z-78182/sanitizer && /opt/homebrew/bin/cmake -E cmake_depends "Unix Makefiles" /Users/wafoe/projects/me/CXXEg-stage6-verify /Users/wafoe/projects/me/CXXEg-stage6-verify /Users/wafoe/projects/me/CXXEg-stage6-verify/build-stage6-validation/20261006T040533995553Z-78182/sanitizer /Users/wafoe/projects/me/CXXEg-stage6-verify/build-stage6-validation/20261006T040533995553Z-78182/sanitizer /Users/wafoe/projects/me/CXXEg-stage6-verify/build-stage6-validation/20261006T040533995553Z-78182/sanitizer/CMakeFiles/test_graph_executor.dir/DependInfo.cmake "--color=" test_graph_executor
[ 63%] Built target test_transformer_contracts
/Library/Developer/CommandLineTools/usr/bin/make  -f CMakeFiles/test_graph_fixtures.dir/build.make CMakeFiles/test_graph_fixtures.dir/depend
/Library/Developer/CommandLineTools/usr/bin/make  -f CMakeFiles/test_graph_executor.dir/build.make CMakeFiles/test_graph_executor.dir/build
cd /Users/wafoe/projects/me/CXXEg-stage6-verify/build-stage6-validation/20261006T040533995553Z-78182/sanitizer && /opt/homebrew/bin/cmake -E cmake_depends "Unix Makefiles" /Users/wafoe/projects/me/CXXEg-stage6-verify /Users/wafoe/projects/me/CXXEg-stage6-verify /Users/wafoe/projects/me/CXXEg-stage6-verify/build-stage6-validation/20261006T040533995553Z-78182/sanitizer /Users/wafoe/projects/me/CXXEg-stage6-verify/build-stage6-validation/20261006T040533995553Z-78182/sanitizer /Users/wafoe/projects/me/CXXEg-stage6-verify/build-stage6-validation/20261006T040533995553Z-78182/sanitizer/CMakeFiles/test_graph_fixtures.dir/DependInfo.cmake "--color=" test_graph_fixtures
[ 64%] Building CXX object CMakeFiles/test_graph_executor.dir/tests/test_graph_executor.cpp.o
/usr/bin/c++ -DRUNTIME_TESTING=1 -I/Users/wafoe/projects/me/CXXEg-stage6-verify/include -g -std=c++17 -arch arm64 -fsanitize=address,undefined -fno-sanitize-recover=undefined -fno-omit-frame-pointer -Wall -Wextra -Wpedantic -MD -MT CMakeFiles/test_graph_executor.dir/tests/test_graph_executor.cpp.o -MF CMakeFiles/test_graph_executor.dir/tests/test_graph_executor.cpp.o.d -o CMakeFiles/test_graph_executor.dir/tests/test_graph_executor.cpp.o -c /Users/wafoe/projects/me/CXXEg-stage6-verify/tests/test_graph_executor.cpp
/Library/Developer/CommandLineTools/usr/bin/make  -f CMakeFiles/test_graph_fixtures.dir/build.make CMakeFiles/test_graph_fixtures.dir/build
[ 66%] Building CXX object CMakeFiles/test_graph_fixtures.dir/tests/test_graph_fixtures.cpp.o
/usr/bin/c++ -DRUNTIME_TESTING=1 -I/Users/wafoe/projects/me/CXXEg-stage6-verify/include -g -std=c++17 -arch arm64 -fsanitize=address,undefined -fno-sanitize-recover=undefined -fno-omit-frame-pointer -Wall -Wextra -Wpedantic -MD -MT CMakeFiles/test_graph_fixtures.dir/tests/test_graph_fixtures.cpp.o -MF CMakeFiles/test_graph_fixtures.dir/tests/test_graph_fixtures.cpp.o.d -o CMakeFiles/test_graph_fixtures.dir/tests/test_graph_fixtures.cpp.o -c /Users/wafoe/projects/me/CXXEg-stage6-verify/tests/test_graph_fixtures.cpp
[ 67%] Linking CXX executable test_operator_fixtures
/opt/homebrew/bin/cmake -E cmake_link_script CMakeFiles/test_operator_fixtures.dir/link.txt --verbose=1
/usr/bin/c++ -g -arch arm64 -Wl,-search_paths_first -Wl,-headerpad_max_install_names -fsanitize=address,undefined CMakeFiles/test_operator_fixtures.dir/tests/test_operator_fixtures.cpp.o -o test_operator_fixtures  libruntime.a
[ 67%] Built target test_operator_fixtures
/Library/Developer/CommandLineTools/usr/bin/make  -f CMakeFiles/test_graph_trace.dir/build.make CMakeFiles/test_graph_trace.dir/depend
cd /Users/wafoe/projects/me/CXXEg-stage6-verify/build-stage6-validation/20261006T040533995553Z-78182/sanitizer && /opt/homebrew/bin/cmake -E cmake_depends "Unix Makefiles" /Users/wafoe/projects/me/CXXEg-stage6-verify /Users/wafoe/projects/me/CXXEg-stage6-verify /Users/wafoe/projects/me/CXXEg-stage6-verify/build-stage6-validation/20261006T040533995553Z-78182/sanitizer /Users/wafoe/projects/me/CXXEg-stage6-verify/build-stage6-validation/20261006T040533995553Z-78182/sanitizer /Users/wafoe/projects/me/CXXEg-stage6-verify/build-stage6-validation/20261006T040533995553Z-78182/sanitizer/CMakeFiles/test_graph_trace.dir/DependInfo.cmake "--color=" test_graph_trace
/Library/Developer/CommandLineTools/usr/bin/make  -f CMakeFiles/test_graph_trace.dir/build.make CMakeFiles/test_graph_trace.dir/build
[ 69%] Building CXX object CMakeFiles/test_graph_trace.dir/tests/test_graph_trace.cpp.o
/usr/bin/c++ -DRUNTIME_TESTING=1 -I/Users/wafoe/projects/me/CXXEg-stage6-verify/include -g -std=c++17 -arch arm64 -fsanitize=address,undefined -fno-sanitize-recover=undefined -fno-omit-frame-pointer -Wall -Wextra -Wpedantic -MD -MT CMakeFiles/test_graph_trace.dir/tests/test_graph_trace.cpp.o -MF CMakeFiles/test_graph_trace.dir/tests/test_graph_trace.cpp.o.d -o CMakeFiles/test_graph_trace.dir/tests/test_graph_trace.cpp.o -c /Users/wafoe/projects/me/CXXEg-stage6-verify/tests/test_graph_trace.cpp
[ 70%] Linking CXX executable test_graph
/opt/homebrew/bin/cmake -E cmake_link_script CMakeFiles/test_graph.dir/link.txt --verbose=1
/usr/bin/c++ -g -arch arm64 -Wl,-search_paths_first -Wl,-headerpad_max_install_names -fsanitize=address,undefined CMakeFiles/test_graph.dir/tests/test_graph.cpp.o -o test_graph  libruntime.a
[ 70%] Built target test_graph
/Library/Developer/CommandLineTools/usr/bin/make  -f CMakeFiles/test_arena.dir/build.make CMakeFiles/test_arena.dir/depend
cd /Users/wafoe/projects/me/CXXEg-stage6-verify/build-stage6-validation/20261006T040533995553Z-78182/sanitizer && /opt/homebrew/bin/cmake -E cmake_depends "Unix Makefiles" /Users/wafoe/projects/me/CXXEg-stage6-verify /Users/wafoe/projects/me/CXXEg-stage6-verify /Users/wafoe/projects/me/CXXEg-stage6-verify/build-stage6-validation/20261006T040533995553Z-78182/sanitizer /Users/wafoe/projects/me/CXXEg-stage6-verify/build-stage6-validation/20261006T040533995553Z-78182/sanitizer /Users/wafoe/projects/me/CXXEg-stage6-verify/build-stage6-validation/20261006T040533995553Z-78182/sanitizer/CMakeFiles/test_arena.dir/DependInfo.cmake "--color=" test_arena
/Library/Developer/CommandLineTools/usr/bin/make  -f CMakeFiles/test_arena.dir/build.make CMakeFiles/test_arena.dir/build
[ 72%] Building CXX object CMakeFiles/test_arena.dir/tests/test_arena.cpp.o
/usr/bin/c++ -DRUNTIME_TESTING=1 -I/Users/wafoe/projects/me/CXXEg-stage6-verify/include -g -std=c++17 -arch arm64 -fsanitize=address,undefined -fno-sanitize-recover=undefined -fno-omit-frame-pointer -Wall -Wextra -Wpedantic -MD -MT CMakeFiles/test_arena.dir/tests/test_arena.cpp.o -MF CMakeFiles/test_arena.dir/tests/test_arena.cpp.o.d -o CMakeFiles/test_arena.dir/tests/test_arena.cpp.o -c /Users/wafoe/projects/me/CXXEg-stage6-verify/tests/test_arena.cpp
[ 73%] Linking CXX executable test_graph_executor
/opt/homebrew/bin/cmake -E cmake_link_script CMakeFiles/test_graph_executor.dir/link.txt --verbose=1
[ 75%] Linking CXX executable test_graph_fixtures
/opt/homebrew/bin/cmake -E cmake_link_script CMakeFiles/test_graph_fixtures.dir/link.txt --verbose=1
/usr/bin/c++ -g -arch arm64 -Wl,-search_paths_first -Wl,-headerpad_max_install_names -fsanitize=address,undefined CMakeFiles/test_graph_fixtures.dir/tests/test_graph_fixtures.cpp.o -o test_graph_fixtures  libruntime.a
/usr/bin/c++ -g -arch arm64 -Wl,-search_paths_first -Wl,-headerpad_max_install_names -fsanitize=address,undefined CMakeFiles/test_graph_executor.dir/tests/test_graph_executor.cpp.o -o test_graph_executor  libruntime.a
[ 75%] Built target test_graph_fixtures
[ 75%] Built target test_graph_executor
/Library/Developer/CommandLineTools/usr/bin/make  -f CMakeFiles/test_allocation_provider.dir/build.make CMakeFiles/test_allocation_provider.dir/depend
/Library/Developer/CommandLineTools/usr/bin/make  -f CMakeFiles/test_memory_planner.dir/build.make CMakeFiles/test_memory_planner.dir/depend
cd /Users/wafoe/projects/me/CXXEg-stage6-verify/build-stage6-validation/20261006T040533995553Z-78182/sanitizer && /opt/homebrew/bin/cmake -E cmake_depends "Unix Makefiles" /Users/wafoe/projects/me/CXXEg-stage6-verify /Users/wafoe/projects/me/CXXEg-stage6-verify /Users/wafoe/projects/me/CXXEg-stage6-verify/build-stage6-validation/20261006T040533995553Z-78182/sanitizer /Users/wafoe/projects/me/CXXEg-stage6-verify/build-stage6-validation/20261006T040533995553Z-78182/sanitizer /Users/wafoe/projects/me/CXXEg-stage6-verify/build-stage6-validation/20261006T040533995553Z-78182/sanitizer/CMakeFiles/test_memory_planner.dir/DependInfo.cmake "--color=" test_memory_planner
cd /Users/wafoe/projects/me/CXXEg-stage6-verify/build-stage6-validation/20261006T040533995553Z-78182/sanitizer && /opt/homebrew/bin/cmake -E cmake_depends "Unix Makefiles" /Users/wafoe/projects/me/CXXEg-stage6-verify /Users/wafoe/projects/me/CXXEg-stage6-verify /Users/wafoe/projects/me/CXXEg-stage6-verify/build-stage6-validation/20261006T040533995553Z-78182/sanitizer /Users/wafoe/projects/me/CXXEg-stage6-verify/build-stage6-validation/20261006T040533995553Z-78182/sanitizer /Users/wafoe/projects/me/CXXEg-stage6-verify/build-stage6-validation/20261006T040533995553Z-78182/sanitizer/CMakeFiles/test_allocation_provider.dir/DependInfo.cmake "--color=" test_allocation_provider
[ 76%] Linking CXX executable test_graph_trace
/opt/homebrew/bin/cmake -E cmake_link_script CMakeFiles/test_graph_trace.dir/link.txt --verbose=1
/Library/Developer/CommandLineTools/usr/bin/make  -f CMakeFiles/test_memory_planner.dir/build.make CMakeFiles/test_memory_planner.dir/build
/Library/Developer/CommandLineTools/usr/bin/make  -f CMakeFiles/test_allocation_provider.dir/build.make CMakeFiles/test_allocation_provider.dir/build
[ 80%] Building CXX object CMakeFiles/test_allocation_provider.dir/tests/test_allocation_provider.cpp.o
[ 80%] Building CXX object CMakeFiles/test_memory_planner.dir/tests/test_memory_planner.cpp.o
/usr/bin/c++ -DRUNTIME_TESTING=1 -I/Users/wafoe/projects/me/CXXEg-stage6-verify/include -g -std=c++17 -arch arm64 -fsanitize=address,undefined -fno-sanitize-recover=undefined -fno-omit-frame-pointer -Wall -Wextra -Wpedantic -MD -MT CMakeFiles/test_memory_planner.dir/tests/test_memory_planner.cpp.o -MF CMakeFiles/test_memory_planner.dir/tests/test_memory_planner.cpp.o.d -o CMakeFiles/test_memory_planner.dir/tests/test_memory_planner.cpp.o -c /Users/wafoe/projects/me/CXXEg-stage6-verify/tests/test_memory_planner.cpp
/usr/bin/c++ -DRUNTIME_TESTING=1 -I/Users/wafoe/projects/me/CXXEg-stage6-verify/include -g -std=c++17 -arch arm64 -fsanitize=address,undefined -fno-sanitize-recover=undefined -fno-omit-frame-pointer -Wall -Wextra -Wpedantic -MD -MT CMakeFiles/test_allocation_provider.dir/tests/test_allocation_provider.cpp.o -MF CMakeFiles/test_allocation_provider.dir/tests/test_allocation_provider.cpp.o.d -o CMakeFiles/test_allocation_provider.dir/tests/test_allocation_provider.cpp.o -c /Users/wafoe/projects/me/CXXEg-stage6-verify/tests/test_allocation_provider.cpp
/usr/bin/c++ -g -arch arm64 -Wl,-search_paths_first -Wl,-headerpad_max_install_names -fsanitize=address,undefined CMakeFiles/test_graph_trace.dir/tests/test_graph_trace.cpp.o -o test_graph_trace  libruntime.a
[ 80%] Built target test_graph_trace
/Library/Developer/CommandLineTools/usr/bin/make  -f CMakeFiles/test_planned_executor.dir/build.make CMakeFiles/test_planned_executor.dir/depend
cd /Users/wafoe/projects/me/CXXEg-stage6-verify/build-stage6-validation/20261006T040533995553Z-78182/sanitizer && /opt/homebrew/bin/cmake -E cmake_depends "Unix Makefiles" /Users/wafoe/projects/me/CXXEg-stage6-verify /Users/wafoe/projects/me/CXXEg-stage6-verify /Users/wafoe/projects/me/CXXEg-stage6-verify/build-stage6-validation/20261006T040533995553Z-78182/sanitizer /Users/wafoe/projects/me/CXXEg-stage6-verify/build-stage6-validation/20261006T040533995553Z-78182/sanitizer /Users/wafoe/projects/me/CXXEg-stage6-verify/build-stage6-validation/20261006T040533995553Z-78182/sanitizer/CMakeFiles/test_planned_executor.dir/DependInfo.cmake "--color=" test_planned_executor
/Library/Developer/CommandLineTools/usr/bin/make  -f CMakeFiles/test_planned_executor.dir/build.make CMakeFiles/test_planned_executor.dir/build
[ 81%] Building CXX object CMakeFiles/test_planned_executor.dir/tests/test_planned_executor.cpp.o
/usr/bin/c++ -DRUNTIME_TESTING=1 -I/Users/wafoe/projects/me/CXXEg-stage6-verify/include -g -std=c++17 -arch arm64 -fsanitize=address,undefined -fno-sanitize-recover=undefined -fno-omit-frame-pointer -Wall -Wextra -Wpedantic -MD -MT CMakeFiles/test_planned_executor.dir/tests/test_planned_executor.cpp.o -MF CMakeFiles/test_planned_executor.dir/tests/test_planned_executor.cpp.o.d -o CMakeFiles/test_planned_executor.dir/tests/test_planned_executor.cpp.o -c /Users/wafoe/projects/me/CXXEg-stage6-verify/tests/test_planned_executor.cpp
[ 83%] Linking CXX executable test_arena
/opt/homebrew/bin/cmake -E cmake_link_script CMakeFiles/test_arena.dir/link.txt --verbose=1
/usr/bin/c++ -g -arch arm64 -Wl,-search_paths_first -Wl,-headerpad_max_install_names -fsanitize=address,undefined CMakeFiles/test_arena.dir/tests/test_arena.cpp.o -o test_arena  libruntime.a
[ 83%] Built target test_arena
/Library/Developer/CommandLineTools/usr/bin/make  -f CMakeFiles/test_common.dir/build.make CMakeFiles/test_common.dir/depend
cd /Users/wafoe/projects/me/CXXEg-stage6-verify/build-stage6-validation/20261006T040533995553Z-78182/sanitizer && /opt/homebrew/bin/cmake -E cmake_depends "Unix Makefiles" /Users/wafoe/projects/me/CXXEg-stage6-verify /Users/wafoe/projects/me/CXXEg-stage6-verify /Users/wafoe/projects/me/CXXEg-stage6-verify/build-stage6-validation/20261006T040533995553Z-78182/sanitizer /Users/wafoe/projects/me/CXXEg-stage6-verify/build-stage6-validation/20261006T040533995553Z-78182/sanitizer /Users/wafoe/projects/me/CXXEg-stage6-verify/build-stage6-validation/20261006T040533995553Z-78182/sanitizer/CMakeFiles/test_common.dir/DependInfo.cmake "--color=" test_common
/Library/Developer/CommandLineTools/usr/bin/make  -f CMakeFiles/test_common.dir/build.make CMakeFiles/test_common.dir/build
[ 84%] Building CXX object CMakeFiles/test_common.dir/tests/test_common.cpp.o
/usr/bin/c++  -I/Users/wafoe/projects/me/CXXEg-stage6-verify/include -I/Users/wafoe/projects/me/CXXEg-stage6-verify/build-stage6-validation/20261006T040533995553Z-78182/sanitizer/generated -g -std=c++17 -arch arm64 -fsanitize=address,undefined -fno-sanitize-recover=undefined -fno-omit-frame-pointer -Wall -Wextra -Wpedantic -MD -MT CMakeFiles/test_common.dir/tests/test_common.cpp.o -MF CMakeFiles/test_common.dir/tests/test_common.cpp.o.d -o CMakeFiles/test_common.dir/tests/test_common.cpp.o -c /Users/wafoe/projects/me/CXXEg-stage6-verify/tests/test_common.cpp
[ 87%] Linking CXX executable test_memory_planner
[ 87%] Linking CXX executable test_allocation_provider
/opt/homebrew/bin/cmake -E cmake_link_script CMakeFiles/test_allocation_provider.dir/link.txt --verbose=1
/opt/homebrew/bin/cmake -E cmake_link_script CMakeFiles/test_memory_planner.dir/link.txt --verbose=1
/usr/bin/c++ -g -arch arm64 -Wl,-search_paths_first -Wl,-headerpad_max_install_names -fsanitize=address,undefined CMakeFiles/test_memory_planner.dir/tests/test_memory_planner.cpp.o -o test_memory_planner  libruntime.a
/usr/bin/c++ -g -arch arm64 -Wl,-search_paths_first -Wl,-headerpad_max_install_names -fsanitize=address,undefined CMakeFiles/test_allocation_provider.dir/tests/test_allocation_provider.cpp.o -o test_allocation_provider  libruntime.a
[ 87%] Built target test_memory_planner
[ 87%] Built target test_allocation_provider
/Library/Developer/CommandLineTools/usr/bin/make  -f CMakeFiles/bench_allocator.dir/build.make CMakeFiles/bench_allocator.dir/depend
/Library/Developer/CommandLineTools/usr/bin/make  -f CMakeFiles/bench_planner.dir/build.make CMakeFiles/bench_planner.dir/depend
cd /Users/wafoe/projects/me/CXXEg-stage6-verify/build-stage6-validation/20261006T040533995553Z-78182/sanitizer && /opt/homebrew/bin/cmake -E cmake_depends "Unix Makefiles" /Users/wafoe/projects/me/CXXEg-stage6-verify /Users/wafoe/projects/me/CXXEg-stage6-verify /Users/wafoe/projects/me/CXXEg-stage6-verify/build-stage6-validation/20261006T040533995553Z-78182/sanitizer /Users/wafoe/projects/me/CXXEg-stage6-verify/build-stage6-validation/20261006T040533995553Z-78182/sanitizer /Users/wafoe/projects/me/CXXEg-stage6-verify/build-stage6-validation/20261006T040533995553Z-78182/sanitizer/CMakeFiles/bench_planner.dir/DependInfo.cmake "--color=" bench_planner
cd /Users/wafoe/projects/me/CXXEg-stage6-verify/build-stage6-validation/20261006T040533995553Z-78182/sanitizer && /opt/homebrew/bin/cmake -E cmake_depends "Unix Makefiles" /Users/wafoe/projects/me/CXXEg-stage6-verify /Users/wafoe/projects/me/CXXEg-stage6-verify /Users/wafoe/projects/me/CXXEg-stage6-verify/build-stage6-validation/20261006T040533995553Z-78182/sanitizer /Users/wafoe/projects/me/CXXEg-stage6-verify/build-stage6-validation/20261006T040533995553Z-78182/sanitizer /Users/wafoe/projects/me/CXXEg-stage6-verify/build-stage6-validation/20261006T040533995553Z-78182/sanitizer/CMakeFiles/bench_allocator.dir/DependInfo.cmake "--color=" bench_allocator
/Library/Developer/CommandLineTools/usr/bin/make  -f CMakeFiles/bench_allocator.dir/build.make CMakeFiles/bench_allocator.dir/build
/Library/Developer/CommandLineTools/usr/bin/make  -f CMakeFiles/bench_planner.dir/build.make CMakeFiles/bench_planner.dir/build
[ 90%] Building CXX object CMakeFiles/bench_planner.dir/bench/bench_planner.cpp.o
[ 90%] Building CXX object CMakeFiles/bench_allocator.dir/bench/bench_allocator.cpp.o
/usr/bin/c++ -DRUNTIME_TESTING=1 -I/Users/wafoe/projects/me/CXXEg-stage6-verify/include -I/Users/wafoe/projects/me/CXXEg-stage6-verify/build-stage6-validation/20261006T040533995553Z-78182/sanitizer/generated -g -std=c++17 -arch arm64 -fsanitize=address,undefined -fno-sanitize-recover=undefined -fno-omit-frame-pointer -Wall -Wextra -Wpedantic -MD -MT CMakeFiles/bench_allocator.dir/bench/bench_allocator.cpp.o -MF CMakeFiles/bench_allocator.dir/bench/bench_allocator.cpp.o.d -o CMakeFiles/bench_allocator.dir/bench/bench_allocator.cpp.o -c /Users/wafoe/projects/me/CXXEg-stage6-verify/bench/bench_allocator.cpp
/usr/bin/c++ -DRUNTIME_TESTING=1 -I/Users/wafoe/projects/me/CXXEg-stage6-verify/include -I/Users/wafoe/projects/me/CXXEg-stage6-verify/build-stage6-validation/20261006T040533995553Z-78182/sanitizer/generated -g -std=c++17 -arch arm64 -fsanitize=address,undefined -fno-sanitize-recover=undefined -fno-omit-frame-pointer -Wall -Wextra -Wpedantic -MD -MT CMakeFiles/bench_planner.dir/bench/bench_planner.cpp.o -MF CMakeFiles/bench_planner.dir/bench/bench_planner.cpp.o.d -o CMakeFiles/bench_planner.dir/bench/bench_planner.cpp.o -c /Users/wafoe/projects/me/CXXEg-stage6-verify/bench/bench_planner.cpp
[ 92%] Linking CXX executable test_planned_executor
/opt/homebrew/bin/cmake -E cmake_link_script CMakeFiles/test_planned_executor.dir/link.txt --verbose=1
[ 93%] Linking CXX executable test_common
/usr/bin/c++ -g -arch arm64 -Wl,-search_paths_first -Wl,-headerpad_max_install_names -fsanitize=address,undefined CMakeFiles/test_planned_executor.dir/tests/test_planned_executor.cpp.o -o test_planned_executor  libruntime.a
/opt/homebrew/bin/cmake -E cmake_link_script CMakeFiles/test_common.dir/link.txt --verbose=1
[ 93%] Built target test_planned_executor
/Library/Developer/CommandLineTools/usr/bin/make  -f CMakeFiles/bench_cpu.dir/build.make CMakeFiles/bench_cpu.dir/depend
cd /Users/wafoe/projects/me/CXXEg-stage6-verify/build-stage6-validation/20261006T040533995553Z-78182/sanitizer && /opt/homebrew/bin/cmake -E cmake_depends "Unix Makefiles" /Users/wafoe/projects/me/CXXEg-stage6-verify /Users/wafoe/projects/me/CXXEg-stage6-verify /Users/wafoe/projects/me/CXXEg-stage6-verify/build-stage6-validation/20261006T040533995553Z-78182/sanitizer /Users/wafoe/projects/me/CXXEg-stage6-verify/build-stage6-validation/20261006T040533995553Z-78182/sanitizer /Users/wafoe/projects/me/CXXEg-stage6-verify/build-stage6-validation/20261006T040533995553Z-78182/sanitizer/CMakeFiles/bench_cpu.dir/DependInfo.cmake "--color=" bench_cpu
/Library/Developer/CommandLineTools/usr/bin/make  -f CMakeFiles/bench_cpu.dir/build.make CMakeFiles/bench_cpu.dir/build
[ 95%] Building CXX object CMakeFiles/bench_cpu.dir/bench/bench_cpu.cpp.o
/usr/bin/c++ -DRUNTIME_TESTING=1 -I/Users/wafoe/projects/me/CXXEg-stage6-verify/include -I/Users/wafoe/projects/me/CXXEg-stage6-verify/build-stage6-validation/20261006T040533995553Z-78182/sanitizer/generated -g -std=c++17 -arch arm64 -fsanitize=address,undefined -fno-sanitize-recover=undefined -fno-omit-frame-pointer -Wall -Wextra -Wpedantic -MD -MT CMakeFiles/bench_cpu.dir/bench/bench_cpu.cpp.o -MF CMakeFiles/bench_cpu.dir/bench/bench_cpu.cpp.o.d -o CMakeFiles/bench_cpu.dir/bench/bench_cpu.cpp.o -c /Users/wafoe/projects/me/CXXEg-stage6-verify/bench/bench_cpu.cpp
/usr/bin/c++ -g -arch arm64 -Wl,-search_paths_first -Wl,-headerpad_max_install_names -fsanitize=address,undefined CMakeFiles/test_common.dir/tests/test_common.cpp.o -o test_common  libstage0_common.a
[ 95%] Built target test_common
[ 96%] Linking CXX executable bench_allocator
/opt/homebrew/bin/cmake -E cmake_link_script CMakeFiles/bench_allocator.dir/link.txt --verbose=1
/usr/bin/c++ -g -arch arm64 -Wl,-search_paths_first -Wl,-headerpad_max_install_names -fsanitize=address,undefined CMakeFiles/bench_allocator.dir/bench/bench_allocator.cpp.o -o bench_allocator  libruntime.a libstage0_common.a
[ 96%] Built target bench_allocator
[ 98%] Linking CXX executable bench_planner
/opt/homebrew/bin/cmake -E cmake_link_script CMakeFiles/bench_planner.dir/link.txt --verbose=1
/usr/bin/c++ -g -arch arm64 -Wl,-search_paths_first -Wl,-headerpad_max_install_names -fsanitize=address,undefined CMakeFiles/bench_planner.dir/bench/bench_planner.cpp.o -o bench_planner  libruntime.a libstage0_common.a
[ 98%] Built target bench_planner
[100%] Linking CXX executable bench_cpu
/opt/homebrew/bin/cmake -E cmake_link_script CMakeFiles/bench_cpu.dir/link.txt --verbose=1
/usr/bin/c++ -g -arch arm64 -Wl,-search_paths_first -Wl,-headerpad_max_install_names -fsanitize=address,undefined CMakeFiles/bench_cpu.dir/bench/bench_cpu.cpp.o -o bench_cpu  libruntime.a libstage0_common.a
[100%] Built target bench_cpu
/opt/homebrew/bin/cmake -E cmake_progress_start /Users/wafoe/projects/me/CXXEg-stage6-verify/build-stage6-validation/20261006T040533995553Z-78182/sanitizer/CMakeFiles 0

