UpdateCTestConfiguration  from :/Users/wafoe/projects/me/CXXEg/build-stage2-sanitizer/DartConfiguration.tcl
Parse Config file:/Users/wafoe/projects/me/CXXEg/build-stage2-sanitizer/DartConfiguration.tcl
Test project /Users/wafoe/projects/me/CXXEg/build-stage2-sanitizer
Constructing a list of tests
Done constructing a list of tests
Updating test list for fixtures
Added 0 tests to meet fixture requirements
Checking test dependency graph...
Checking test dependency graph end
test 1
    Start 1: tensor

1: Test command: /Users/wafoe/projects/me/CXXEg/build-stage2-sanitizer/test_tensor
1: Working Directory: /Users/wafoe/projects/me/CXXEg/build-stage2-sanitizer
1: Test timeout computed to be: 1500
1: Allocation checks: views/transpose=0 buffers; nonempty materialize=1; copy=24 logical bytes, 0 buffers
1: Tensor metadata/storage/construction/views/copy: PASS
1/6 Test #1: tensor ...........................   Passed    0.51 sec
test 2
    Start 2: tensor_properties

2: Test command: /Users/wafoe/projects/me/CXXEg/build-stage2-sanitizer/test_tensor_properties
2: Working Directory: /Users/wafoe/projects/me/CXXEg/build-stage2-sanitizer
2: Test timeout computed to be: 1500
2: Tensor properties: PASS seed=20903 trials=600 ranks=0..8 FP32/INT32; padding/offset/permutation/slice/materialization/copy/alias
2/6 Test #2: tensor_properties ................   Passed    0.49 sec
test 3
    Start 3: tensor_validation

3: Test command: /Users/wafoe/miniforge3/bin/python3.14 "/Users/wafoe/projects/me/CXXEg/tests/test_tensor_validation.py"
3: Working Directory: /Users/wafoe/projects/me/CXXEg/build-stage2-sanitizer
3: Test timeout computed to be: 1500
3: ......
3: ----------------------------------------------------------------------
3: Ran 6 tests in 0.033s
3: 
3: OK
3/6 Test #3: tensor_validation ................   Passed    0.08 sec
test 4
    Start 4: operator

4: Test command: /Users/wafoe/projects/me/CXXEg/build-stage2-sanitizer/test_operator
4: Working Directory: /Users/wafoe/projects/me/CXXEg/build-stage2-sanitizer
4: Test timeout computed to be: 1500
4: Operator schema/arity/typed attributes/ID/status/serialization: PASS
4/6 Test #4: operator .........................   Passed    0.46 sec
test 5
    Start 5: common

5: Test command: /Users/wafoe/projects/me/CXXEg/build-stage2-sanitizer/test_common
5: Working Directory: /Users/wafoe/projects/me/CXXEg/build-stage2-sanitizer
5: Test timeout computed to be: 1500
5: CPU reference, validation, statistics, GFLOPS, CSV: PASS
5/6 Test #5: common ...........................   Passed    0.42 sec
test 6
    Start 6: tools

6: Test command: /Users/wafoe/miniforge3/bin/python3.14 "/Users/wafoe/projects/me/CXXEg/tests/test_tools.py"
6: Working Directory: /Users/wafoe/projects/me/CXXEg/build-stage2-sanitizer
6: Test timeout computed to be: 1500
6: test_bad_numeric_input (__main__.AnalysisTests.test_bad_numeric_input) ... ok
6: test_changed_comparison_conditions (__main__.AnalysisTests.test_changed_comparison_conditions) ... ok
6: test_cli_missing_csv_preserves_existing_report (__main__.AnalysisTests.test_cli_missing_csv_preserves_existing_report) ... ok
6: test_duplicate_or_single_kernel (__main__.AnalysisTests.test_duplicate_or_single_kernel) ... ok
6: test_failure_not_success (__main__.AnalysisTests.test_failure_not_success) ... ok
6: test_invalid_build_and_commit (__main__.AnalysisTests.test_invalid_build_and_commit) ... ok
6: test_missing_raw_samples (__main__.AnalysisTests.test_missing_raw_samples) ... ok
6: test_no_data_no_report (__main__.AnalysisTests.test_no_data_no_report) ... ok
6: test_no_report_without_completed_run (__main__.AnalysisTests.test_no_report_without_completed_run) ... ok
6: test_path_traversal (__main__.AnalysisTests.test_path_traversal) ... ok
6: test_ratio_wrong_units (__main__.AnalysisTests.test_ratio_wrong_units) ... ok
6: test_report_from_raw (__main__.AnalysisTests.test_report_from_raw) ... ok
6: test_timing_raw_tamper (__main__.AnalysisTests.test_timing_raw_tamper) ... ok
6: test_wrong_gflops (__main__.AnalysisTests.test_wrong_gflops) ... ok
6: test_clean_and_dirty_source (__main__.ProvenanceTests.test_clean_and_dirty_source) ... ok
6: test_header_stable (__main__.ProvenanceTests.test_header_stable) ... ok
6: test_results_and_report_excluded (__main__.ProvenanceTests.test_results_and_report_excluded) ... ok
6: test_untracked_source_included (__main__.ProvenanceTests.test_untracked_source_included) ... ok
6: test_failed_environment_capture_preserved (__main__.ScriptFailureTests.test_failed_environment_capture_preserved) ... ok
6: test_stale_binary_refused_before_benchmark (__main__.ScriptFailureTests.test_stale_binary_refused_before_benchmark) ... ok
6: 
6: ----------------------------------------------------------------------
6: Ran 20 tests in 1.269s
6: 
6: OK
6/6 Test #6: tools ............................   Passed    1.32 sec

100% tests passed out of 6

Label Time Summary:
cpu          =   1.55 sec*proc (4 tests)
operators    =   0.46 sec*proc (1 test)
tensor       =   1.09 sec*proc (3 tests)

Total Test time (real) =   3.30 sec
