Change Dir: '/content/miniLLMI-stage18/build-planner-benchmark/20261009T011214860730Z-8736/production'

Run Build Command(s): /usr/local/lib/python3.13/dist-packages/cmake/data/bin/cmake -E env VERBOSE=1 /usr/bin/gmake -f Makefile -j8
/usr/local/lib/python3.13/dist-packages/cmake/data/bin/cmake -S/content/miniLLMI-stage18 -B/content/miniLLMI-stage18/build-planner-benchmark/20261009T011214860730Z-8736/production --check-build-system CMakeFiles/Makefile.cmake 0
/usr/local/lib/python3.13/dist-packages/cmake/data/bin/cmake -E cmake_progress_start /content/miniLLMI-stage18/build-planner-benchmark/20261009T011214860730Z-8736/production/CMakeFiles /content/miniLLMI-stage18/build-planner-benchmark/20261009T011214860730Z-8736/production//CMakeFiles/progress.marks
/usr/bin/gmake  -f CMakeFiles/Makefile2 all
gmake[1]: Entering directory '/content/miniLLMI-stage18/build-planner-benchmark/20261009T011214860730Z-8736/production'
/usr/bin/gmake  -f CMakeFiles/refresh_provenance.dir/build.make CMakeFiles/refresh_provenance.dir/depend
/usr/bin/gmake  -f CMakeFiles/runtime.dir/build.make CMakeFiles/runtime.dir/depend
gmake[2]: Entering directory '/content/miniLLMI-stage18/build-planner-benchmark/20261009T011214860730Z-8736/production'
cd /content/miniLLMI-stage18/build-planner-benchmark/20261009T011214860730Z-8736/production && /usr/local/lib/python3.13/dist-packages/cmake/data/bin/cmake -E cmake_depends "Unix Makefiles" /content/miniLLMI-stage18 /content/miniLLMI-stage18 /content/miniLLMI-stage18/build-planner-benchmark/20261009T011214860730Z-8736/production /content/miniLLMI-stage18/build-planner-benchmark/20261009T011214860730Z-8736/production /content/miniLLMI-stage18/build-planner-benchmark/20261009T011214860730Z-8736/production/CMakeFiles/refresh_provenance.dir/DependInfo.cmake "--color="
gmake[2]: Entering directory '/content/miniLLMI-stage18/build-planner-benchmark/20261009T011214860730Z-8736/production'
cd /content/miniLLMI-stage18/build-planner-benchmark/20261009T011214860730Z-8736/production && /usr/local/lib/python3.13/dist-packages/cmake/data/bin/cmake -E cmake_depends "Unix Makefiles" /content/miniLLMI-stage18 /content/miniLLMI-stage18 /content/miniLLMI-stage18/build-planner-benchmark/20261009T011214860730Z-8736/production /content/miniLLMI-stage18/build-planner-benchmark/20261009T011214860730Z-8736/production /content/miniLLMI-stage18/build-planner-benchmark/20261009T011214860730Z-8736/production/CMakeFiles/runtime.dir/DependInfo.cmake "--color="
gmake[2]: Leaving directory '/content/miniLLMI-stage18/build-planner-benchmark/20261009T011214860730Z-8736/production'
/usr/bin/gmake  -f CMakeFiles/refresh_provenance.dir/build.make CMakeFiles/refresh_provenance.dir/build
gmake[2]: Leaving directory '/content/miniLLMI-stage18/build-planner-benchmark/20261009T011214860730Z-8736/production'
/usr/bin/gmake  -f CMakeFiles/runtime.dir/build.make CMakeFiles/runtime.dir/build
gmake[2]: Entering directory '/content/miniLLMI-stage18/build-planner-benchmark/20261009T011214860730Z-8736/production'
/usr/local/bin/python /content/miniLLMI-stage18/tools/provenance.py --root /content/miniLLMI-stage18 --header /content/miniLLMI-stage18/build-planner-benchmark/20261009T011214860730Z-8736/production/generated/stage0/provenance.hpp
gmake[2]: Entering directory '/content/miniLLMI-stage18/build-planner-benchmark/20261009T011214860730Z-8736/production'
[  1%] Building CXX object CMakeFiles/runtime.dir/src/runtime/storage.cpp.o
/usr/bin/c++  -I/content/miniLLMI-stage18/include -O3 -DNDEBUG -std=c++17 -Wall -Wextra -Wpedantic -MD -MT CMakeFiles/runtime.dir/src/runtime/storage.cpp.o -MF CMakeFiles/runtime.dir/src/runtime/storage.cpp.o.d -o CMakeFiles/runtime.dir/src/runtime/storage.cpp.o -c /content/miniLLMI-stage18/src/runtime/storage.cpp
[  3%] Building CXX object CMakeFiles/runtime.dir/src/runtime/tensor.cpp.o
/usr/bin/c++  -I/content/miniLLMI-stage18/include -O3 -DNDEBUG -std=c++17 -Wall -Wextra -Wpedantic -MD -MT CMakeFiles/runtime.dir/src/runtime/tensor.cpp.o -MF CMakeFiles/runtime.dir/src/runtime/tensor.cpp.o.d -o CMakeFiles/runtime.dir/src/runtime/tensor.cpp.o -c /content/miniLLMI-stage18/src/runtime/tensor.cpp
[  5%] Building CXX object CMakeFiles/runtime.dir/src/runtime/operator.cpp.o
/usr/bin/c++  -I/content/miniLLMI-stage18/include -O3 -DNDEBUG -std=c++17 -Wall -Wextra -Wpedantic -MD -MT CMakeFiles/runtime.dir/src/runtime/operator.cpp.o -MF CMakeFiles/runtime.dir/src/runtime/operator.cpp.o.d -o CMakeFiles/runtime.dir/src/runtime/operator.cpp.o -c /content/miniLLMI-stage18/src/runtime/operator.cpp
[  7%] Building CXX object CMakeFiles/runtime.dir/src/runtime/copy.cpp.o
[  9%] Building CXX object CMakeFiles/runtime.dir/src/runtime/shape_inference.cpp.o
/usr/bin/c++  -I/content/miniLLMI-stage18/include -O3 -DNDEBUG -std=c++17 -Wall -Wextra -Wpedantic -MD -MT CMakeFiles/runtime.dir/src/runtime/copy.cpp.o -MF CMakeFiles/runtime.dir/src/runtime/copy.cpp.o.d -o CMakeFiles/runtime.dir/src/runtime/copy.cpp.o -c /content/miniLLMI-stage18/src/runtime/copy.cpp
[ 11%] Building CXX object CMakeFiles/runtime.dir/src/runtime/reference.cpp.o
/usr/bin/c++  -I/content/miniLLMI-stage18/include -O3 -DNDEBUG -std=c++17 -Wall -Wextra -Wpedantic -MD -MT CMakeFiles/runtime.dir/src/runtime/shape_inference.cpp.o -MF CMakeFiles/runtime.dir/src/runtime/shape_inference.cpp.o.d -o CMakeFiles/runtime.dir/src/runtime/shape_inference.cpp.o -c /content/miniLLMI-stage18/src/runtime/shape_inference.cpp
/usr/bin/c++  -I/content/miniLLMI-stage18/include -O3 -DNDEBUG -std=c++17 -Wall -Wextra -Wpedantic -MD -MT CMakeFiles/runtime.dir/src/runtime/reference.cpp.o -MF CMakeFiles/runtime.dir/src/runtime/reference.cpp.o.d -o CMakeFiles/runtime.dir/src/runtime/reference.cpp.o -c /content/miniLLMI-stage18/src/runtime/reference.cpp
[ 13%] Building CXX object CMakeFiles/runtime.dir/src/runtime/layout.cpp.o
/usr/bin/c++  -I/content/miniLLMI-stage18/include -O3 -DNDEBUG -std=c++17 -Wall -Wextra -Wpedantic -MD -MT CMakeFiles/runtime.dir/src/runtime/layout.cpp.o -MF CMakeFiles/runtime.dir/src/runtime/layout.cpp.o.d -o CMakeFiles/runtime.dir/src/runtime/layout.cpp.o -c /content/miniLLMI-stage18/src/runtime/layout.cpp
gmake[2]: Leaving directory '/content/miniLLMI-stage18/build-planner-benchmark/20261009T011214860730Z-8736/production'
[ 13%] Built target refresh_provenance
/usr/bin/gmake  -f CMakeFiles/stage0_common.dir/build.make CMakeFiles/stage0_common.dir/depend
gmake[2]: Entering directory '/content/miniLLMI-stage18/build-planner-benchmark/20261009T011214860730Z-8736/production'
cd /content/miniLLMI-stage18/build-planner-benchmark/20261009T011214860730Z-8736/production && /usr/local/lib/python3.13/dist-packages/cmake/data/bin/cmake -E cmake_depends "Unix Makefiles" /content/miniLLMI-stage18 /content/miniLLMI-stage18 /content/miniLLMI-stage18/build-planner-benchmark/20261009T011214860730Z-8736/production /content/miniLLMI-stage18/build-planner-benchmark/20261009T011214860730Z-8736/production /content/miniLLMI-stage18/build-planner-benchmark/20261009T011214860730Z-8736/production/CMakeFiles/stage0_common.dir/DependInfo.cmake "--color="
gmake[2]: Leaving directory '/content/miniLLMI-stage18/build-planner-benchmark/20261009T011214860730Z-8736/production'
/usr/bin/gmake  -f CMakeFiles/stage0_common.dir/build.make CMakeFiles/stage0_common.dir/build
gmake[2]: Entering directory '/content/miniLLMI-stage18/build-planner-benchmark/20261009T011214860730Z-8736/production'
[ 15%] Building CXX object CMakeFiles/stage0_common.dir/src/common.cpp.o
/usr/bin/c++  -I/content/miniLLMI-stage18/include -I/content/miniLLMI-stage18/build-planner-benchmark/20261009T011214860730Z-8736/production/generated -O3 -DNDEBUG -std=c++17 -Wall -Wextra -Wpedantic -MD -MT CMakeFiles/stage0_common.dir/src/common.cpp.o -MF CMakeFiles/stage0_common.dir/src/common.cpp.o.d -o CMakeFiles/stage0_common.dir/src/common.cpp.o -c /content/miniLLMI-stage18/src/common.cpp
[ 17%] Building CXX object CMakeFiles/runtime.dir/src/runtime/graph.cpp.o
/usr/bin/c++  -I/content/miniLLMI-stage18/include -O3 -DNDEBUG -std=c++17 -Wall -Wextra -Wpedantic -MD -MT CMakeFiles/runtime.dir/src/runtime/graph.cpp.o -MF CMakeFiles/runtime.dir/src/runtime/graph.cpp.o.d -o CMakeFiles/runtime.dir/src/runtime/graph.cpp.o -c /content/miniLLMI-stage18/src/runtime/graph.cpp
[ 19%] Building CXX object CMakeFiles/runtime.dir/src/runtime/graph_executor.cpp.o
/usr/bin/c++  -I/content/miniLLMI-stage18/include -O3 -DNDEBUG -std=c++17 -Wall -Wextra -Wpedantic -MD -MT CMakeFiles/runtime.dir/src/runtime/graph_executor.cpp.o -MF CMakeFiles/runtime.dir/src/runtime/graph_executor.cpp.o.d -o CMakeFiles/runtime.dir/src/runtime/graph_executor.cpp.o -c /content/miniLLMI-stage18/src/runtime/graph_executor.cpp
[ 21%] Building CXX object CMakeFiles/runtime.dir/src/runtime/graph_trace.cpp.o
/usr/bin/c++  -I/content/miniLLMI-stage18/include -O3 -DNDEBUG -std=c++17 -Wall -Wextra -Wpedantic -MD -MT CMakeFiles/runtime.dir/src/runtime/graph_trace.cpp.o -MF CMakeFiles/runtime.dir/src/runtime/graph_trace.cpp.o.d -o CMakeFiles/runtime.dir/src/runtime/graph_trace.cpp.o -c /content/miniLLMI-stage18/src/runtime/graph_trace.cpp
[ 23%] Building CXX object CMakeFiles/runtime.dir/src/runtime/arena.cpp.o
/usr/bin/c++  -I/content/miniLLMI-stage18/include -O3 -DNDEBUG -std=c++17 -Wall -Wextra -Wpedantic -MD -MT CMakeFiles/runtime.dir/src/runtime/arena.cpp.o -MF CMakeFiles/runtime.dir/src/runtime/arena.cpp.o.d -o CMakeFiles/runtime.dir/src/runtime/arena.cpp.o -c /content/miniLLMI-stage18/src/runtime/arena.cpp
[ 25%] Building CXX object CMakeFiles/runtime.dir/src/runtime/allocation_provider.cpp.o
/usr/bin/c++  -I/content/miniLLMI-stage18/include -O3 -DNDEBUG -std=c++17 -Wall -Wextra -Wpedantic -MD -MT CMakeFiles/runtime.dir/src/runtime/allocation_provider.cpp.o -MF CMakeFiles/runtime.dir/src/runtime/allocation_provider.cpp.o.d -o CMakeFiles/runtime.dir/src/runtime/allocation_provider.cpp.o -c /content/miniLLMI-stage18/src/runtime/allocation_provider.cpp
[ 26%] Building CXX object CMakeFiles/runtime.dir/src/runtime/memory_planner.cpp.o
/usr/bin/c++  -I/content/miniLLMI-stage18/include -O3 -DNDEBUG -std=c++17 -Wall -Wextra -Wpedantic -MD -MT CMakeFiles/runtime.dir/src/runtime/memory_planner.cpp.o -MF CMakeFiles/runtime.dir/src/runtime/memory_planner.cpp.o.d -o CMakeFiles/runtime.dir/src/runtime/memory_planner.cpp.o -c /content/miniLLMI-stage18/src/runtime/memory_planner.cpp
[ 28%] Building CXX object CMakeFiles/runtime.dir/src/runtime/planned_executor.cpp.o
/usr/bin/c++  -I/content/miniLLMI-stage18/include -O3 -DNDEBUG -std=c++17 -Wall -Wextra -Wpedantic -MD -MT CMakeFiles/runtime.dir/src/runtime/planned_executor.cpp.o -MF CMakeFiles/runtime.dir/src/runtime/planned_executor.cpp.o.d -o CMakeFiles/runtime.dir/src/runtime/planned_executor.cpp.o -c /content/miniLLMI-stage18/src/runtime/planned_executor.cpp
[ 30%] Building CXX object CMakeFiles/runtime.dir/src/runtime/cpu_backend.cpp.o
/usr/bin/c++  -I/content/miniLLMI-stage18/include -O3 -DNDEBUG -std=c++17 -Wall -Wextra -Wpedantic -MD -MT CMakeFiles/runtime.dir/src/runtime/cpu_backend.cpp.o -MF CMakeFiles/runtime.dir/src/runtime/cpu_backend.cpp.o.d -o CMakeFiles/runtime.dir/src/runtime/cpu_backend.cpp.o -c /content/miniLLMI-stage18/src/runtime/cpu_backend.cpp
[ 32%] Linking CXX static library libstage0_common.a
/usr/local/lib/python3.13/dist-packages/cmake/data/bin/cmake -P CMakeFiles/stage0_common.dir/cmake_clean_target.cmake
/usr/local/lib/python3.13/dist-packages/cmake/data/bin/cmake -E cmake_link_script CMakeFiles/stage0_common.dir/link.txt --verbose=1
/usr/bin/ar qc libstage0_common.a CMakeFiles/stage0_common.dir/src/common.cpp.o
/usr/bin/ranlib libstage0_common.a
gmake[2]: Leaving directory '/content/miniLLMI-stage18/build-planner-benchmark/20261009T011214860730Z-8736/production'
[ 32%] Built target stage0_common
[ 34%] Building CXX object CMakeFiles/runtime.dir/src/runtime/cpu_scalar.cpp.o
/usr/bin/c++  -I/content/miniLLMI-stage18/include -O3 -DNDEBUG -std=c++17 -Wall -Wextra -Wpedantic -MD -MT CMakeFiles/runtime.dir/src/runtime/cpu_scalar.cpp.o -MF CMakeFiles/runtime.dir/src/runtime/cpu_scalar.cpp.o.d -o CMakeFiles/runtime.dir/src/runtime/cpu_scalar.cpp.o -c /content/miniLLMI-stage18/src/runtime/cpu_scalar.cpp
[ 36%] Building CXX object CMakeFiles/runtime.dir/src/runtime/cpu_optimized.cpp.o
/usr/bin/c++  -I/content/miniLLMI-stage18/include -O3 -DNDEBUG -std=c++17 -Wall -Wextra -Wpedantic -MD -MT CMakeFiles/runtime.dir/src/runtime/cpu_optimized.cpp.o -MF CMakeFiles/runtime.dir/src/runtime/cpu_optimized.cpp.o.d -o CMakeFiles/runtime.dir/src/runtime/cpu_optimized.cpp.o -c /content/miniLLMI-stage18/src/runtime/cpu_optimized.cpp
[ 38%] Building CXX object CMakeFiles/runtime.dir/src/runtime/thread_pool.cpp.o
/usr/bin/c++  -I/content/miniLLMI-stage18/include -O3 -DNDEBUG -std=c++17 -Wall -Wextra -Wpedantic -MD -MT CMakeFiles/runtime.dir/src/runtime/thread_pool.cpp.o -MF CMakeFiles/runtime.dir/src/runtime/thread_pool.cpp.o.d -o CMakeFiles/runtime.dir/src/runtime/thread_pool.cpp.o -c /content/miniLLMI-stage18/src/runtime/thread_pool.cpp
[ 40%] Building CXX object CMakeFiles/runtime.dir/src/runtime/scheduler.cpp.o
/usr/bin/c++  -I/content/miniLLMI-stage18/include -O3 -DNDEBUG -std=c++17 -Wall -Wextra -Wpedantic -MD -MT CMakeFiles/runtime.dir/src/runtime/scheduler.cpp.o -MF CMakeFiles/runtime.dir/src/runtime/scheduler.cpp.o.d -o CMakeFiles/runtime.dir/src/runtime/scheduler.cpp.o -c /content/miniLLMI-stage18/src/runtime/scheduler.cpp
[ 42%] Building CXX object CMakeFiles/runtime.dir/src/runtime/transformer_ops.cpp.o
/usr/bin/c++  -I/content/miniLLMI-stage18/include -O3 -DNDEBUG -std=c++17 -Wall -Wextra -Wpedantic -MD -MT CMakeFiles/runtime.dir/src/runtime/transformer_ops.cpp.o -MF CMakeFiles/runtime.dir/src/runtime/transformer_ops.cpp.o.d -o CMakeFiles/runtime.dir/src/runtime/transformer_ops.cpp.o -c /content/miniLLMI-stage18/src/runtime/transformer_ops.cpp
[ 44%] Building CXX object CMakeFiles/runtime.dir/src/runtime/attention.cpp.o
/usr/bin/c++  -I/content/miniLLMI-stage18/include -O3 -DNDEBUG -std=c++17 -Wall -Wextra -Wpedantic -MD -MT CMakeFiles/runtime.dir/src/runtime/attention.cpp.o -MF CMakeFiles/runtime.dir/src/runtime/attention.cpp.o.d -o CMakeFiles/runtime.dir/src/runtime/attention.cpp.o -c /content/miniLLMI-stage18/src/runtime/attention.cpp
[ 46%] Linking CXX static library libruntime.a
/usr/local/lib/python3.13/dist-packages/cmake/data/bin/cmake -P CMakeFiles/runtime.dir/cmake_clean_target.cmake
/usr/local/lib/python3.13/dist-packages/cmake/data/bin/cmake -E cmake_link_script CMakeFiles/runtime.dir/link.txt --verbose=1
/usr/bin/ar qc libruntime.a CMakeFiles/runtime.dir/src/runtime/storage.cpp.o CMakeFiles/runtime.dir/src/runtime/tensor.cpp.o CMakeFiles/runtime.dir/src/runtime/copy.cpp.o CMakeFiles/runtime.dir/src/runtime/operator.cpp.o CMakeFiles/runtime.dir/src/runtime/shape_inference.cpp.o CMakeFiles/runtime.dir/src/runtime/reference.cpp.o CMakeFiles/runtime.dir/src/runtime/layout.cpp.o CMakeFiles/runtime.dir/src/runtime/graph.cpp.o CMakeFiles/runtime.dir/src/runtime/graph_executor.cpp.o CMakeFiles/runtime.dir/src/runtime/graph_trace.cpp.o CMakeFiles/runtime.dir/src/runtime/arena.cpp.o CMakeFiles/runtime.dir/src/runtime/allocation_provider.cpp.o CMakeFiles/runtime.dir/src/runtime/memory_planner.cpp.o CMakeFiles/runtime.dir/src/runtime/planned_executor.cpp.o CMakeFiles/runtime.dir/src/runtime/cpu_backend.cpp.o CMakeFiles/runtime.dir/src/runtime/cpu_scalar.cpp.o CMakeFiles/runtime.dir/src/runtime/cpu_optimized.cpp.o CMakeFiles/runtime.dir/src/runtime/thread_pool.cpp.o CMakeFiles/runtime.dir/src/runtime/scheduler.cpp.o CMakeFiles/runtime.dir/src/runtime/transformer_ops.cpp.o CMakeFiles/runtime.dir/src/runtime/attention.cpp.o
/usr/bin/ranlib libruntime.a
gmake[2]: Leaving directory '/content/miniLLMI-stage18/build-planner-benchmark/20261009T011214860730Z-8736/production'
[ 46%] Built target runtime
/usr/bin/gmake  -f CMakeFiles/model.dir/build.make CMakeFiles/model.dir/depend
/usr/bin/gmake  -f CMakeFiles/bench_allocator.dir/build.make CMakeFiles/bench_allocator.dir/depend
/usr/bin/gmake  -f CMakeFiles/bench_planner.dir/build.make CMakeFiles/bench_planner.dir/depend
/usr/bin/gmake  -f CMakeFiles/bench_cpu.dir/build.make CMakeFiles/bench_cpu.dir/depend
gmake[2]: Entering directory '/content/miniLLMI-stage18/build-planner-benchmark/20261009T011214860730Z-8736/production'
cd /content/miniLLMI-stage18/build-planner-benchmark/20261009T011214860730Z-8736/production && /usr/local/lib/python3.13/dist-packages/cmake/data/bin/cmake -E cmake_depends "Unix Makefiles" /content/miniLLMI-stage18 /content/miniLLMI-stage18 /content/miniLLMI-stage18/build-planner-benchmark/20261009T011214860730Z-8736/production /content/miniLLMI-stage18/build-planner-benchmark/20261009T011214860730Z-8736/production /content/miniLLMI-stage18/build-planner-benchmark/20261009T011214860730Z-8736/production/CMakeFiles/model.dir/DependInfo.cmake "--color="
gmake[2]: Entering directory '/content/miniLLMI-stage18/build-planner-benchmark/20261009T011214860730Z-8736/production'
cd /content/miniLLMI-stage18/build-planner-benchmark/20261009T011214860730Z-8736/production && /usr/local/lib/python3.13/dist-packages/cmake/data/bin/cmake -E cmake_depends "Unix Makefiles" /content/miniLLMI-stage18 /content/miniLLMI-stage18 /content/miniLLMI-stage18/build-planner-benchmark/20261009T011214860730Z-8736/production /content/miniLLMI-stage18/build-planner-benchmark/20261009T011214860730Z-8736/production /content/miniLLMI-stage18/build-planner-benchmark/20261009T011214860730Z-8736/production/CMakeFiles/bench_planner.dir/DependInfo.cmake "--color="
gmake[2]: Entering directory '/content/miniLLMI-stage18/build-planner-benchmark/20261009T011214860730Z-8736/production'
cd /content/miniLLMI-stage18/build-planner-benchmark/20261009T011214860730Z-8736/production && /usr/local/lib/python3.13/dist-packages/cmake/data/bin/cmake -E cmake_depends "Unix Makefiles" /content/miniLLMI-stage18 /content/miniLLMI-stage18 /content/miniLLMI-stage18/build-planner-benchmark/20261009T011214860730Z-8736/production /content/miniLLMI-stage18/build-planner-benchmark/20261009T011214860730Z-8736/production /content/miniLLMI-stage18/build-planner-benchmark/20261009T011214860730Z-8736/production/CMakeFiles/bench_allocator.dir/DependInfo.cmake "--color="
/usr/bin/gmake  -f CMakeFiles/bench_scheduler.dir/build.make CMakeFiles/bench_scheduler.dir/depend
gmake[2]: Entering directory '/content/miniLLMI-stage18/build-planner-benchmark/20261009T011214860730Z-8736/production'
cd /content/miniLLMI-stage18/build-planner-benchmark/20261009T011214860730Z-8736/production && /usr/local/lib/python3.13/dist-packages/cmake/data/bin/cmake -E cmake_depends "Unix Makefiles" /content/miniLLMI-stage18 /content/miniLLMI-stage18 /content/miniLLMI-stage18/build-planner-benchmark/20261009T011214860730Z-8736/production /content/miniLLMI-stage18/build-planner-benchmark/20261009T011214860730Z-8736/production /content/miniLLMI-stage18/build-planner-benchmark/20261009T011214860730Z-8736/production/CMakeFiles/bench_cpu.dir/DependInfo.cmake "--color="
gmake[2]: Entering directory '/content/miniLLMI-stage18/build-planner-benchmark/20261009T011214860730Z-8736/production'
cd /content/miniLLMI-stage18/build-planner-benchmark/20261009T011214860730Z-8736/production && /usr/local/lib/python3.13/dist-packages/cmake/data/bin/cmake -E cmake_depends "Unix Makefiles" /content/miniLLMI-stage18 /content/miniLLMI-stage18 /content/miniLLMI-stage18/build-planner-benchmark/20261009T011214860730Z-8736/production /content/miniLLMI-stage18/build-planner-benchmark/20261009T011214860730Z-8736/production /content/miniLLMI-stage18/build-planner-benchmark/20261009T011214860730Z-8736/production/CMakeFiles/bench_scheduler.dir/DependInfo.cmake "--color="
gmake[2]: Leaving directory '/content/miniLLMI-stage18/build-planner-benchmark/20261009T011214860730Z-8736/production'
/usr/bin/gmake  -f CMakeFiles/bench_planner.dir/build.make CMakeFiles/bench_planner.dir/build
gmake[2]: Leaving directory '/content/miniLLMI-stage18/build-planner-benchmark/20261009T011214860730Z-8736/production'
/usr/bin/gmake  -f CMakeFiles/model.dir/build.make CMakeFiles/model.dir/build
gmake[2]: Leaving directory '/content/miniLLMI-stage18/build-planner-benchmark/20261009T011214860730Z-8736/production'
/usr/bin/gmake  -f CMakeFiles/bench_allocator.dir/build.make CMakeFiles/bench_allocator.dir/build
gmake[2]: Entering directory '/content/miniLLMI-stage18/build-planner-benchmark/20261009T011214860730Z-8736/production'
gmake[2]: Leaving directory '/content/miniLLMI-stage18/build-planner-benchmark/20261009T011214860730Z-8736/production'
/usr/bin/gmake  -f CMakeFiles/bench_cpu.dir/build.make CMakeFiles/bench_cpu.dir/build
gmake[2]: Entering directory '/content/miniLLMI-stage18/build-planner-benchmark/20261009T011214860730Z-8736/production'
gmake[2]: Entering directory '/content/miniLLMI-stage18/build-planner-benchmark/20261009T011214860730Z-8736/production'
gmake[2]: Leaving directory '/content/miniLLMI-stage18/build-planner-benchmark/20261009T011214860730Z-8736/production'
/usr/bin/gmake  -f CMakeFiles/bench_scheduler.dir/build.make CMakeFiles/bench_scheduler.dir/build
gmake[2]: Entering directory '/content/miniLLMI-stage18/build-planner-benchmark/20261009T011214860730Z-8736/production'
gmake[2]: Entering directory '/content/miniLLMI-stage18/build-planner-benchmark/20261009T011214860730Z-8736/production'
[ 48%] Building CXX object CMakeFiles/bench_planner.dir/bench/bench_planner.cpp.o
/usr/bin/c++  -I/content/miniLLMI-stage18/include -I/content/miniLLMI-stage18/build-planner-benchmark/20261009T011214860730Z-8736/production/generated -O3 -DNDEBUG -std=c++17 -Wall -Wextra -Wpedantic -MD -MT CMakeFiles/bench_planner.dir/bench/bench_planner.cpp.o -MF CMakeFiles/bench_planner.dir/bench/bench_planner.cpp.o.d -o CMakeFiles/bench_planner.dir/bench/bench_planner.cpp.o -c /content/miniLLMI-stage18/bench/bench_planner.cpp
[ 50%] Building CXX object CMakeFiles/bench_scheduler.dir/bench/bench_scheduler.cpp.o
[ 51%] Building CXX object CMakeFiles/model.dir/src/model/config.cpp.o
/usr/bin/c++  -I/content/miniLLMI-stage18/include -O3 -DNDEBUG -std=c++17 -Wall -Wextra -Wpedantic -MD -MT CMakeFiles/model.dir/src/model/config.cpp.o -MF CMakeFiles/model.dir/src/model/config.cpp.o.d -o CMakeFiles/model.dir/src/model/config.cpp.o -c /content/miniLLMI-stage18/src/model/config.cpp
/usr/bin/c++  -I/content/miniLLMI-stage18/include -I/content/miniLLMI-stage18/build-planner-benchmark/20261009T011214860730Z-8736/production/generated -O3 -DNDEBUG -std=c++17 -Wall -Wextra -Wpedantic -MD -MT CMakeFiles/bench_scheduler.dir/bench/bench_scheduler.cpp.o -MF CMakeFiles/bench_scheduler.dir/bench/bench_scheduler.cpp.o.d -o CMakeFiles/bench_scheduler.dir/bench/bench_scheduler.cpp.o -c /content/miniLLMI-stage18/bench/bench_scheduler.cpp
[ 53%] Building CXX object CMakeFiles/bench_cpu.dir/bench/bench_cpu.cpp.o
[ 55%] Building CXX object CMakeFiles/model.dir/src/model/quantization.cpp.o
/usr/bin/c++  -I/content/miniLLMI-stage18/include -I/content/miniLLMI-stage18/build-planner-benchmark/20261009T011214860730Z-8736/production/generated -O3 -DNDEBUG -std=c++17 -Wall -Wextra -Wpedantic -MD -MT CMakeFiles/bench_cpu.dir/bench/bench_cpu.cpp.o -MF CMakeFiles/bench_cpu.dir/bench/bench_cpu.cpp.o.d -o CMakeFiles/bench_cpu.dir/bench/bench_cpu.cpp.o -c /content/miniLLMI-stage18/bench/bench_cpu.cpp
[ 57%] Building CXX object CMakeFiles/bench_allocator.dir/bench/bench_allocator.cpp.o
/usr/bin/c++  -I/content/miniLLMI-stage18/include -I/content/miniLLMI-stage18/build-planner-benchmark/20261009T011214860730Z-8736/production/generated -O3 -DNDEBUG -std=c++17 -Wall -Wextra -Wpedantic -MD -MT CMakeFiles/bench_allocator.dir/bench/bench_allocator.cpp.o -MF CMakeFiles/bench_allocator.dir/bench/bench_allocator.cpp.o.d -o CMakeFiles/bench_allocator.dir/bench/bench_allocator.cpp.o -c /content/miniLLMI-stage18/bench/bench_allocator.cpp
[ 59%] Building CXX object CMakeFiles/model.dir/src/model/model_file.cpp.o
/usr/bin/c++  -I/content/miniLLMI-stage18/include -O3 -DNDEBUG -std=c++17 -Wall -Wextra -Wpedantic -MD -MT CMakeFiles/model.dir/src/model/model_file.cpp.o -MF CMakeFiles/model.dir/src/model/model_file.cpp.o.d -o CMakeFiles/model.dir/src/model/model_file.cpp.o -c /content/miniLLMI-stage18/src/model/model_file.cpp
/usr/bin/c++  -I/content/miniLLMI-stage18/include -O3 -DNDEBUG -std=c++17 -Wall -Wextra -Wpedantic -MD -MT CMakeFiles/model.dir/src/model/quantization.cpp.o -MF CMakeFiles/model.dir/src/model/quantization.cpp.o.d -o CMakeFiles/model.dir/src/model/quantization.cpp.o -c /content/miniLLMI-stage18/src/model/quantization.cpp
[ 61%] Building CXX object CMakeFiles/model.dir/src/model/tokenizer.cpp.o
/usr/bin/c++  -I/content/miniLLMI-stage18/include -O3 -DNDEBUG -std=c++17 -Wall -Wextra -Wpedantic -MD -MT CMakeFiles/model.dir/src/model/tokenizer.cpp.o -MF CMakeFiles/model.dir/src/model/tokenizer.cpp.o.d -o CMakeFiles/model.dir/src/model/tokenizer.cpp.o -c /content/miniLLMI-stage18/src/model/tokenizer.cpp
[ 63%] Building CXX object CMakeFiles/model.dir/src/model/kv_cache.cpp.o
/usr/bin/c++  -I/content/miniLLMI-stage18/include -O3 -DNDEBUG -std=c++17 -Wall -Wextra -Wpedantic -MD -MT CMakeFiles/model.dir/src/model/kv_cache.cpp.o -MF CMakeFiles/model.dir/src/model/kv_cache.cpp.o.d -o CMakeFiles/model.dir/src/model/kv_cache.cpp.o -c /content/miniLLMI-stage18/src/model/kv_cache.cpp
[ 65%] Building CXX object CMakeFiles/model.dir/src/model/decoder.cpp.o
/usr/bin/c++  -I/content/miniLLMI-stage18/include -O3 -DNDEBUG -std=c++17 -Wall -Wextra -Wpedantic -MD -MT CMakeFiles/model.dir/src/model/decoder.cpp.o -MF CMakeFiles/model.dir/src/model/decoder.cpp.o.d -o CMakeFiles/model.dir/src/model/decoder.cpp.o -c /content/miniLLMI-stage18/src/model/decoder.cpp
[ 67%] Building CXX object CMakeFiles/model.dir/src/model/generation.cpp.o
/usr/bin/c++  -I/content/miniLLMI-stage18/include -O3 -DNDEBUG -std=c++17 -Wall -Wextra -Wpedantic -MD -MT CMakeFiles/model.dir/src/model/generation.cpp.o -MF CMakeFiles/model.dir/src/model/generation.cpp.o.d -o CMakeFiles/model.dir/src/model/generation.cpp.o -c /content/miniLLMI-stage18/src/model/generation.cpp
[ 69%] Linking CXX executable bench_scheduler
/usr/local/lib/python3.13/dist-packages/cmake/data/bin/cmake -E cmake_link_script CMakeFiles/bench_scheduler.dir/link.txt --verbose=1
/usr/bin/c++ -O3 -DNDEBUG -Wl,--dependency-file=CMakeFiles/bench_scheduler.dir/link.d CMakeFiles/bench_scheduler.dir/bench/bench_scheduler.cpp.o -o bench_scheduler  libruntime.a libstage0_common.a
gmake[2]: Leaving directory '/content/miniLLMI-stage18/build-planner-benchmark/20261009T011214860730Z-8736/production'
[ 69%] Built target bench_scheduler
[ 71%] Linking CXX executable bench_cpu
/usr/local/lib/python3.13/dist-packages/cmake/data/bin/cmake -E cmake_link_script CMakeFiles/bench_cpu.dir/link.txt --verbose=1
[ 73%] Linking CXX executable bench_planner
/usr/local/lib/python3.13/dist-packages/cmake/data/bin/cmake -E cmake_link_script CMakeFiles/bench_planner.dir/link.txt --verbose=1
/usr/bin/c++ -O3 -DNDEBUG -Wl,--dependency-file=CMakeFiles/bench_cpu.dir/link.d CMakeFiles/bench_cpu.dir/bench/bench_cpu.cpp.o -o bench_cpu  libruntime.a libstage0_common.a
gmake[2]: Leaving directory '/content/miniLLMI-stage18/build-planner-benchmark/20261009T011214860730Z-8736/production'
[ 73%] Built target bench_cpu
/usr/bin/c++ -O3 -DNDEBUG -Wl,--dependency-file=CMakeFiles/bench_planner.dir/link.d CMakeFiles/bench_planner.dir/bench/bench_planner.cpp.o -o bench_planner  libruntime.a libstage0_common.a
gmake[2]: Leaving directory '/content/miniLLMI-stage18/build-planner-benchmark/20261009T011214860730Z-8736/production'
[ 73%] Built target bench_planner
[ 75%] Linking CXX executable bench_allocator
/usr/local/lib/python3.13/dist-packages/cmake/data/bin/cmake -E cmake_link_script CMakeFiles/bench_allocator.dir/link.txt --verbose=1
/usr/bin/c++ -O3 -DNDEBUG -Wl,--dependency-file=CMakeFiles/bench_allocator.dir/link.d CMakeFiles/bench_allocator.dir/bench/bench_allocator.cpp.o -o bench_allocator  libruntime.a libstage0_common.a
gmake[2]: Leaving directory '/content/miniLLMI-stage18/build-planner-benchmark/20261009T011214860730Z-8736/production'
[ 75%] Built target bench_allocator
[ 76%] Linking CXX static library libmodel.a
/usr/local/lib/python3.13/dist-packages/cmake/data/bin/cmake -P CMakeFiles/model.dir/cmake_clean_target.cmake
/usr/local/lib/python3.13/dist-packages/cmake/data/bin/cmake -E cmake_link_script CMakeFiles/model.dir/link.txt --verbose=1
/usr/bin/ar qc libmodel.a CMakeFiles/model.dir/src/model/config.cpp.o CMakeFiles/model.dir/src/model/model_file.cpp.o CMakeFiles/model.dir/src/model/quantization.cpp.o CMakeFiles/model.dir/src/model/tokenizer.cpp.o CMakeFiles/model.dir/src/model/kv_cache.cpp.o CMakeFiles/model.dir/src/model/decoder.cpp.o CMakeFiles/model.dir/src/model/generation.cpp.o
/usr/bin/ranlib libmodel.a
gmake[2]: Leaving directory '/content/miniLLMI-stage18/build-planner-benchmark/20261009T011214860730Z-8736/production'
[ 76%] Built target model
/usr/bin/gmake  -f CMakeFiles/bench_decoder.dir/build.make CMakeFiles/bench_decoder.dir/depend
/usr/bin/gmake  -f CMakeFiles/bench_kv_cache.dir/build.make CMakeFiles/bench_kv_cache.dir/depend
/usr/bin/gmake  -f CMakeFiles/bench_inference.dir/build.make CMakeFiles/bench_inference.dir/depend
gmake[2]: Entering directory '/content/miniLLMI-stage18/build-planner-benchmark/20261009T011214860730Z-8736/production'
cd /content/miniLLMI-stage18/build-planner-benchmark/20261009T011214860730Z-8736/production && /usr/local/lib/python3.13/dist-packages/cmake/data/bin/cmake -E cmake_depends "Unix Makefiles" /content/miniLLMI-stage18 /content/miniLLMI-stage18 /content/miniLLMI-stage18/build-planner-benchmark/20261009T011214860730Z-8736/production /content/miniLLMI-stage18/build-planner-benchmark/20261009T011214860730Z-8736/production /content/miniLLMI-stage18/build-planner-benchmark/20261009T011214860730Z-8736/production/CMakeFiles/bench_kv_cache.dir/DependInfo.cmake "--color="
gmake[2]: Entering directory '/content/miniLLMI-stage18/build-planner-benchmark/20261009T011214860730Z-8736/production'
cd /content/miniLLMI-stage18/build-planner-benchmark/20261009T011214860730Z-8736/production && /usr/local/lib/python3.13/dist-packages/cmake/data/bin/cmake -E cmake_depends "Unix Makefiles" /content/miniLLMI-stage18 /content/miniLLMI-stage18 /content/miniLLMI-stage18/build-planner-benchmark/20261009T011214860730Z-8736/production /content/miniLLMI-stage18/build-planner-benchmark/20261009T011214860730Z-8736/production /content/miniLLMI-stage18/build-planner-benchmark/20261009T011214860730Z-8736/production/CMakeFiles/bench_inference.dir/DependInfo.cmake "--color="
/usr/bin/gmake  -f CMakeFiles/bench_quantization.dir/build.make CMakeFiles/bench_quantization.dir/depend
gmake[2]: Entering directory '/content/miniLLMI-stage18/build-planner-benchmark/20261009T011214860730Z-8736/production'
cd /content/miniLLMI-stage18/build-planner-benchmark/20261009T011214860730Z-8736/production && /usr/local/lib/python3.13/dist-packages/cmake/data/bin/cmake -E cmake_depends "Unix Makefiles" /content/miniLLMI-stage18 /content/miniLLMI-stage18 /content/miniLLMI-stage18/build-planner-benchmark/20261009T011214860730Z-8736/production /content/miniLLMI-stage18/build-planner-benchmark/20261009T011214860730Z-8736/production /content/miniLLMI-stage18/build-planner-benchmark/20261009T011214860730Z-8736/production/CMakeFiles/bench_decoder.dir/DependInfo.cmake "--color="
/usr/bin/gmake  -f CMakeFiles/convert_tiny_model.dir/build.make CMakeFiles/convert_tiny_model.dir/depend
/usr/bin/gmake  -f CMakeFiles/llm_cli.dir/build.make CMakeFiles/llm_cli.dir/depend
gmake[2]: Entering directory '/content/miniLLMI-stage18/build-planner-benchmark/20261009T011214860730Z-8736/production'
cd /content/miniLLMI-stage18/build-planner-benchmark/20261009T011214860730Z-8736/production && /usr/local/lib/python3.13/dist-packages/cmake/data/bin/cmake -E cmake_depends "Unix Makefiles" /content/miniLLMI-stage18 /content/miniLLMI-stage18 /content/miniLLMI-stage18/build-planner-benchmark/20261009T011214860730Z-8736/production /content/miniLLMI-stage18/build-planner-benchmark/20261009T011214860730Z-8736/production /content/miniLLMI-stage18/build-planner-benchmark/20261009T011214860730Z-8736/production/CMakeFiles/llm_cli.dir/DependInfo.cmake "--color="
gmake[2]: Entering directory '/content/miniLLMI-stage18/build-planner-benchmark/20261009T011214860730Z-8736/production'
cd /content/miniLLMI-stage18/build-planner-benchmark/20261009T011214860730Z-8736/production && /usr/local/lib/python3.13/dist-packages/cmake/data/bin/cmake -E cmake_depends "Unix Makefiles" /content/miniLLMI-stage18 /content/miniLLMI-stage18 /content/miniLLMI-stage18/build-planner-benchmark/20261009T011214860730Z-8736/production /content/miniLLMI-stage18/build-planner-benchmark/20261009T011214860730Z-8736/production /content/miniLLMI-stage18/build-planner-benchmark/20261009T011214860730Z-8736/production/CMakeFiles/bench_quantization.dir/DependInfo.cmake "--color="
gmake[2]: Entering directory '/content/miniLLMI-stage18/build-planner-benchmark/20261009T011214860730Z-8736/production'
cd /content/miniLLMI-stage18/build-planner-benchmark/20261009T011214860730Z-8736/production && /usr/local/lib/python3.13/dist-packages/cmake/data/bin/cmake -E cmake_depends "Unix Makefiles" /content/miniLLMI-stage18 /content/miniLLMI-stage18 /content/miniLLMI-stage18/build-planner-benchmark/20261009T011214860730Z-8736/production /content/miniLLMI-stage18/build-planner-benchmark/20261009T011214860730Z-8736/production /content/miniLLMI-stage18/build-planner-benchmark/20261009T011214860730Z-8736/production/CMakeFiles/convert_tiny_model.dir/DependInfo.cmake "--color="
gmake[2]: Leaving directory '/content/miniLLMI-stage18/build-planner-benchmark/20261009T011214860730Z-8736/production'
/usr/bin/gmake  -f CMakeFiles/bench_kv_cache.dir/build.make CMakeFiles/bench_kv_cache.dir/build
gmake[2]: Leaving directory '/content/miniLLMI-stage18/build-planner-benchmark/20261009T011214860730Z-8736/production'
gmake[2]: Leaving directory '/content/miniLLMI-stage18/build-planner-benchmark/20261009T011214860730Z-8736/production'
/usr/bin/gmake  -f CMakeFiles/bench_decoder.dir/build.make CMakeFiles/bench_decoder.dir/build
gmake[2]: Leaving directory '/content/miniLLMI-stage18/build-planner-benchmark/20261009T011214860730Z-8736/production'
/usr/bin/gmake  -f CMakeFiles/convert_tiny_model.dir/build.make CMakeFiles/convert_tiny_model.dir/build
gmake[2]: Entering directory '/content/miniLLMI-stage18/build-planner-benchmark/20261009T011214860730Z-8736/production'
/usr/bin/gmake  -f CMakeFiles/llm_cli.dir/build.make CMakeFiles/llm_cli.dir/build
gmake[2]: Entering directory '/content/miniLLMI-stage18/build-planner-benchmark/20261009T011214860730Z-8736/production'
gmake[2]: Leaving directory '/content/miniLLMI-stage18/build-planner-benchmark/20261009T011214860730Z-8736/production'
/usr/bin/gmake  -f CMakeFiles/bench_quantization.dir/build.make CMakeFiles/bench_quantization.dir/build
gmake[2]: Entering directory '/content/miniLLMI-stage18/build-planner-benchmark/20261009T011214860730Z-8736/production'
gmake[2]: Leaving directory '/content/miniLLMI-stage18/build-planner-benchmark/20261009T011214860730Z-8736/production'
gmake[2]: Entering directory '/content/miniLLMI-stage18/build-planner-benchmark/20261009T011214860730Z-8736/production'
/usr/bin/gmake  -f CMakeFiles/bench_inference.dir/build.make CMakeFiles/bench_inference.dir/build
gmake[2]: Entering directory '/content/miniLLMI-stage18/build-planner-benchmark/20261009T011214860730Z-8736/production'
gmake[2]: Entering directory '/content/miniLLMI-stage18/build-planner-benchmark/20261009T011214860730Z-8736/production'
[ 80%] Building CXX object CMakeFiles/bench_decoder.dir/bench/bench_decoder.cpp.o
[ 80%] Building CXX object CMakeFiles/convert_tiny_model.dir/tools/convert_tiny_model.cpp.o
/usr/bin/c++  -I/content/miniLLMI-stage18/include -I/content/miniLLMI-stage18/build-planner-benchmark/20261009T011214860730Z-8736/production/generated -O3 -DNDEBUG -std=c++17 -Wall -Wextra -Wpedantic -MD -MT CMakeFiles/bench_decoder.dir/bench/bench_decoder.cpp.o -MF CMakeFiles/bench_decoder.dir/bench/bench_decoder.cpp.o.d -o CMakeFiles/bench_decoder.dir/bench/bench_decoder.cpp.o -c /content/miniLLMI-stage18/bench/bench_decoder.cpp
[ 82%] Building CXX object CMakeFiles/bench_quantization.dir/bench/bench_quantization.cpp.o
/usr/bin/c++  -I/content/miniLLMI-stage18/include -I/content/miniLLMI-stage18/build-planner-benchmark/20261009T011214860730Z-8736/production/generated -O3 -DNDEBUG -std=c++17 -Wall -Wextra -Wpedantic -MD -MT CMakeFiles/bench_quantization.dir/bench/bench_quantization.cpp.o -MF CMakeFiles/bench_quantization.dir/bench/bench_quantization.cpp.o.d -o CMakeFiles/bench_quantization.dir/bench/bench_quantization.cpp.o -c /content/miniLLMI-stage18/bench/bench_quantization.cpp
/usr/bin/c++  -I/content/miniLLMI-stage18/include -O3 -DNDEBUG -std=c++17 -Wall -Wextra -Wpedantic -MD -MT CMakeFiles/convert_tiny_model.dir/tools/convert_tiny_model.cpp.o -MF CMakeFiles/convert_tiny_model.dir/tools/convert_tiny_model.cpp.o.d -o CMakeFiles/convert_tiny_model.dir/tools/convert_tiny_model.cpp.o -c /content/miniLLMI-stage18/tools/convert_tiny_model.cpp
[ 84%] Building CXX object CMakeFiles/llm_cli.dir/app/llm_cli.cpp.o
/usr/bin/c++  -I/content/miniLLMI-stage18/include -O3 -DNDEBUG -std=c++17 -Wall -Wextra -Wpedantic -MD -MT CMakeFiles/llm_cli.dir/app/llm_cli.cpp.o -MF CMakeFiles/llm_cli.dir/app/llm_cli.cpp.o.d -o CMakeFiles/llm_cli.dir/app/llm_cli.cpp.o -c /content/miniLLMI-stage18/app/llm_cli.cpp
[ 86%] Building CXX object CMakeFiles/bench_kv_cache.dir/bench/bench_kv_cache.cpp.o
/usr/bin/c++  -I/content/miniLLMI-stage18/include -I/content/miniLLMI-stage18/build-planner-benchmark/20261009T011214860730Z-8736/production/generated -O3 -DNDEBUG -std=c++17 -Wall -Wextra -Wpedantic -MD -MT CMakeFiles/bench_kv_cache.dir/bench/bench_kv_cache.cpp.o -MF CMakeFiles/bench_kv_cache.dir/bench/bench_kv_cache.cpp.o.d -o CMakeFiles/bench_kv_cache.dir/bench/bench_kv_cache.cpp.o -c /content/miniLLMI-stage18/bench/bench_kv_cache.cpp
[ 88%] Building CXX object CMakeFiles/bench_inference.dir/bench/bench_inference.cpp.o
/usr/bin/c++  -I/content/miniLLMI-stage18/include -I/content/miniLLMI-stage18/build-planner-benchmark/20261009T011214860730Z-8736/production/generated -O3 -DNDEBUG -std=c++17 -Wall -Wextra -Wpedantic -MD -MT CMakeFiles/bench_inference.dir/bench/bench_inference.cpp.o -MF CMakeFiles/bench_inference.dir/bench/bench_inference.cpp.o.d -o CMakeFiles/bench_inference.dir/bench/bench_inference.cpp.o -c /content/miniLLMI-stage18/bench/bench_inference.cpp
[ 90%] Linking CXX executable convert_tiny_model
/usr/local/lib/python3.13/dist-packages/cmake/data/bin/cmake -E cmake_link_script CMakeFiles/convert_tiny_model.dir/link.txt --verbose=1
[ 92%] Linking CXX executable llm_cli
/usr/local/lib/python3.13/dist-packages/cmake/data/bin/cmake -E cmake_link_script CMakeFiles/llm_cli.dir/link.txt --verbose=1
/usr/bin/c++ -O3 -DNDEBUG -Wl,--dependency-file=CMakeFiles/convert_tiny_model.dir/link.d CMakeFiles/convert_tiny_model.dir/tools/convert_tiny_model.cpp.o -o convert_tiny_model  libmodel.a libruntime.a
gmake[2]: Leaving directory '/content/miniLLMI-stage18/build-planner-benchmark/20261009T011214860730Z-8736/production'
[ 92%] Built target convert_tiny_model
/usr/bin/c++ -O3 -DNDEBUG -Wl,--dependency-file=CMakeFiles/llm_cli.dir/link.d CMakeFiles/llm_cli.dir/app/llm_cli.cpp.o -o llm_cli  libmodel.a libruntime.a
gmake[2]: Leaving directory '/content/miniLLMI-stage18/build-planner-benchmark/20261009T011214860730Z-8736/production'
[ 92%] Built target llm_cli
[ 94%] Linking CXX executable bench_quantization
/usr/local/lib/python3.13/dist-packages/cmake/data/bin/cmake -E cmake_link_script CMakeFiles/bench_quantization.dir/link.txt --verbose=1
/usr/bin/c++ -O3 -DNDEBUG -Wl,--dependency-file=CMakeFiles/bench_quantization.dir/link.d CMakeFiles/bench_quantization.dir/bench/bench_quantization.cpp.o -o bench_quantization  libmodel.a libstage0_common.a libruntime.a
gmake[2]: Leaving directory '/content/miniLLMI-stage18/build-planner-benchmark/20261009T011214860730Z-8736/production'
[ 94%] Built target bench_quantization
[ 96%] Linking CXX executable bench_inference
/usr/local/lib/python3.13/dist-packages/cmake/data/bin/cmake -E cmake_link_script CMakeFiles/bench_inference.dir/link.txt --verbose=1
/usr/bin/c++ -O3 -DNDEBUG -Wl,--dependency-file=CMakeFiles/bench_inference.dir/link.d CMakeFiles/bench_inference.dir/bench/bench_inference.cpp.o -o bench_inference  libmodel.a libstage0_common.a libruntime.a
gmake[2]: Leaving directory '/content/miniLLMI-stage18/build-planner-benchmark/20261009T011214860730Z-8736/production'
[ 96%] Built target bench_inference
[ 98%] Linking CXX executable bench_decoder
/usr/local/lib/python3.13/dist-packages/cmake/data/bin/cmake -E cmake_link_script CMakeFiles/bench_decoder.dir/link.txt --verbose=1
/usr/bin/c++ -O3 -DNDEBUG -Wl,--dependency-file=CMakeFiles/bench_decoder.dir/link.d CMakeFiles/bench_decoder.dir/bench/bench_decoder.cpp.o -o bench_decoder  libmodel.a libstage0_common.a libruntime.a
gmake[2]: Leaving directory '/content/miniLLMI-stage18/build-planner-benchmark/20261009T011214860730Z-8736/production'
[ 98%] Built target bench_decoder
[100%] Linking CXX executable bench_kv_cache
/usr/local/lib/python3.13/dist-packages/cmake/data/bin/cmake -E cmake_link_script CMakeFiles/bench_kv_cache.dir/link.txt --verbose=1
/usr/bin/c++ -O3 -DNDEBUG -Wl,--dependency-file=CMakeFiles/bench_kv_cache.dir/link.d CMakeFiles/bench_kv_cache.dir/bench/bench_kv_cache.cpp.o -o bench_kv_cache  libmodel.a libstage0_common.a libruntime.a
gmake[2]: Leaving directory '/content/miniLLMI-stage18/build-planner-benchmark/20261009T011214860730Z-8736/production'
[100%] Built target bench_kv_cache
gmake[1]: Leaving directory '/content/miniLLMI-stage18/build-planner-benchmark/20261009T011214860730Z-8736/production'
/usr/local/lib/python3.13/dist-packages/cmake/data/bin/cmake -E cmake_progress_start /content/miniLLMI-stage18/build-planner-benchmark/20261009T011214860730Z-8736/production/CMakeFiles 0

