[  2%] Building CXX object CMakeFiles/runtime.dir/src/runtime/storage.cpp.o
[  2%] Built target refresh_provenance
[  4%] Building CXX object CMakeFiles/runtime.dir/src/runtime/tensor.cpp.o
[  7%] Building CXX object CMakeFiles/runtime.dir/src/runtime/copy.cpp.o
[  9%] Building CXX object CMakeFiles/runtime.dir/src/runtime/operator.cpp.o
[ 12%] Building CXX object CMakeFiles/stage0_common.dir/src/common.cpp.o
[ 14%] Building CXX object CMakeFiles/runtime.dir/src/runtime/shape_inference.cpp.o
[ 17%] Linking CXX static library libstage0_common.a
[ 17%] Built target stage0_common
[ 19%] Building CXX object CMakeFiles/runtime.dir/src/runtime/reference.cpp.o
[ 21%] Building CXX object CMakeFiles/runtime.dir/src/runtime/layout.cpp.o
[ 24%] Building CXX object CMakeFiles/runtime.dir/src/runtime/graph.cpp.o
[ 26%] Building CXX object CMakeFiles/runtime.dir/src/runtime/graph_executor.cpp.o
[ 29%] Building CXX object CMakeFiles/runtime.dir/src/runtime/graph_trace.cpp.o
[ 31%] Building CUDA object CMakeFiles/stage0_cuda.dir/backend/cuda/sgemm_v0_naive.cu.o
[ 34%] Building CXX object CMakeFiles/runtime.dir/src/runtime/arena.cpp.o
[ 36%] Building CXX object CMakeFiles/runtime.dir/src/runtime/allocation_provider.cpp.o
[ 39%] Building CXX object CMakeFiles/runtime.dir/src/runtime/memory_planner.cpp.o
[ 41%] Building CUDA object CMakeFiles/stage0_cuda.dir/backend/cuda/sgemm_v1_tiled.cu.o
[ 43%] Building CXX object CMakeFiles/runtime.dir/src/runtime/planned_executor.cpp.o
[ 46%] Building CXX object CMakeFiles/runtime.dir/src/runtime/cpu_backend.cpp.o
[ 48%] Building CXX object CMakeFiles/runtime.dir/src/runtime/cpu_scalar.cpp.o
[ 51%] Building CXX object CMakeFiles/runtime.dir/src/runtime/cpu_optimized.cpp.o
[ 53%] Building CUDA object CMakeFiles/stage0_cuda.dir/backend/cuda/sgemm_registry.cu.o
[ 56%] Building CXX object CMakeFiles/runtime.dir/src/runtime/thread_pool.cpp.o
[ 58%] Building CXX object CMakeFiles/runtime.dir/src/runtime/scheduler.cpp.o
[ 60%] Building CUDA object CMakeFiles/stage0_cuda.dir/backend/cuda/cublas_gemm.cu.o
[ 63%] Linking CXX static library libruntime.a
[ 63%] Built target runtime
[ 65%] Building CXX object CMakeFiles/bench_allocator.dir/bench/bench_allocator.cpp.o
[ 68%] Linking CXX static library libstage0_cuda.a
[ 68%] Built target stage0_cuda
[ 70%] Building CXX object CMakeFiles/bench_planner.dir/bench/bench_planner.cpp.o
[ 73%] Linking CXX executable bench_allocator
[ 73%] Built target bench_allocator
[ 75%] Building CXX object CMakeFiles/bench_cpu.dir/bench/bench_cpu.cpp.o
[ 78%] Linking CXX executable bench_planner
[ 78%] Built target bench_planner
[ 80%] Building CUDA object CMakeFiles/runtime_cuda.dir/backend/cuda/cuda_backend.cu.o
[ 82%] Linking CXX executable bench_cpu
[ 82%] Built target bench_cpu
[ 85%] Building CXX object CMakeFiles/gpu_info.dir/bench/gpu_info.cpp.o
[ 87%] Linking CXX executable gpu_info
[ 87%] Built target gpu_info
[ 90%] Building CXX object CMakeFiles/bench_gemm.dir/bench/bench_gemm.cpp.o
[ 92%] Linking CXX static library libruntime_cuda.a
[ 92%] Built target runtime_cuda
[ 95%] Building CXX object CMakeFiles/bench_scheduler.dir/bench/bench_scheduler.cpp.o
[ 97%] Linking CXX executable bench_gemm
[ 97%] Built target bench_gemm
[100%] Linking CXX executable bench_scheduler
[100%] Built target bench_scheduler
